05-30 15:02:13.242  1482  2097 E MendelPackageState: 	at com.google.android.libraries.k.d.q.b(PG:743)
05-30 15:02:13.242  1482  2097 E MendelPackageState: 	at com.google.android.libraries.k.d.f.call(PG:5)
05-30 15:02:13.242  1482  2097 E MendelPackageState: 	at com.google.apps.tiktok.tracing.fg.call(PG:13)
05-30 15:02:13.242  1482  2097 E MendelPackageState: 	at com.google.common.util.concurrent.dt.a(PG:3)
05-30 15:02:13.242  1482  2097 E MendelPackageState: 	at com.google.common.util.concurrent.cu.run(PG:21)
05-30 15:02:13.242  1482  2097 E MendelPackageState: 	at com.google.common.util.concurrent.du.run(PG:5)
05-30 15:02:13.242  1482  2097 E MendelPackageState: 	at com.google.android.libraries.k.x.run(PG:3)
05-30 15:02:13.242  1482  2097 E MendelPackageState: 	at java.util.concurrent.ThreadPoolExecutor.runWorker(ThreadPoolExecutor.java:1145)
05-30 15:02:13.242  1482  2097 E MendelPackageState: 	at java.util.concurrent.ThreadPoolExecutor$Worker.run(ThreadPoolExecutor.java:644)
05-30 15:02:13.242  1482  2097 E MendelPackageState: 	at com.google.android.libraries.k.b.run(PG:6)
05-30 15:02:13.242  1482  2097 E MendelPackageState: 	at java.lang.Thread.run(Thread.java:1012)
05-30 15:02:13.242  1482  2097 E MendelPackageState: 	at com.google.android.libraries.k.d.b.run(PG:74)
05-30 15:02:13.242  1482  2097 E MendelPackageState: Caused by: java.io.IOException: file:///data/user/0/com.google.android.googlequicksearchbox/files/phenotype/googledata.experiments.mobile.assistant.client_packages.component.assistant_tng_interactor.device%23com.google.android.googlequicksearchbox.tmp could not be renamed to file:///data/user/0/com.google.android.googlequicksearchbox/files/phenotype/googledata.experiments.mobile.assistant.client_packages.component.assistant_tng_interactor.device%23com.google.android.googlequicksearchbox
05-30 15:02:13.242  1482  2097 E MendelPackageState: 	at com.google.android.libraries.storage.a.a.x.m(PG:36)
05-30 15:02:13.242  1482  2097 E MendelPackageState: 	at com.google.android.libraries.storage.a.g.c.m(PG:13)
05-30 15:02:13.242  1482  2097 E MendelPackageState: 	at com.google.android.libraries.storage.a.i.g(PG:21)
05-30 15:02:13.242  1482  2097 E MendelPackageState: 	at com.google.android.libraries.storage.protostore.dx.c(PG:75)
05-30 15:02:13.242  1482  2097 E MendelPackageState: 	at com.google.android.libraries.storage.protostore.dp.apply(PG:11)
05-30 15:02:13.242  1482  2097 E MendelPackageState: 	at com.google.apps.tiktok.tracing.ff.apply(PG:13)
05-30 15:02:13.242  1482  2097 E MendelPackageState: 	at com.google.common.util.concurrent.h.e(PG:3)
05-30 15:02:13.242  1482  2097 E MendelPackageState: 	at com.google.common.util.concurrent.j.run(PG:42)
05-30 15:02:13.242  1482  2097 E MendelPackageState: 	at com.google.common.util.concurrent.dk.run(PG:3)
05-30 15:02:13.242  1482  2097 E MendelPackageState: 	at com.google.common.util.concurrent.dl.run(PG:76)
05-30 15:02:13.242  1482  2097 E MendelPackageState: 	at com.google.android.libraries.k.d.q.b(PG:203)
05-30 15:02:13.242  1482  2097 E MendelPackageState: 	... 11 more
05-30 15:02:13.454  1562  2102 E MendelPackageState: Failed to fetch after encountering old config
05-30 15:02:13.454  1562  2102 E MendelPackageState: java.util.concurrent.ExecutionException: java.io.IOException: file:///data/user/0/com.google.android.googlequicksearchbox/files/phenotype/com.google.android.apps.search.omnient.device%23com.google.android.googlequicksearchbox.tmp could not be renamed to file:///data/user/0/com.google.android.googlequicksearchbox/files/phenotype/com.google.android.apps.search.omnient.device%23com.google.android.googlequicksearchbox
05-30 15:02:13.454  1562  2102 E MendelPackageState: 	at com.google.common.util.concurrent.d.s(PG:21)
05-30 15:02:13.454  1562  2102 E MendelPackageState: 	at com.google.common.util.concurrent.d.get(PG:3)
05-30 15:02:13.454  1562  2102 E MendelPackageState: 	at com.google.common.util.concurrent.dw.a(PG:2)
05-30 15:02:13.454  1562  2102 E MendelPackageState: 	at com.google.common.util.concurrent.co.r(PG:10)
05-30 15:02:13.454  1562  2102 E MendelPackageState: 	at com.google.android.libraries.k.d.q.b(PG:743)
05-30 15:02:13.454  1562  2102 E MendelPackageState: 	at com.google.android.libraries.k.d.f.call(PG:5)
05-30 15:02:13.454  1562  2102 E MendelPackageState: 	at com.google.apps.tiktok.tracing.fg.call(PG:13)
05-30 15:02:13.454  1562  2102 E MendelPackageState: 	at com.google.common.util.concurrent.dt.a(PG:3)
05-30 15:02:13.454  1562  2102 E MendelPackageState: 	at com.google.common.util.concurrent.cu.run(PG:21)
05-30 15:02:13.454  1562  2102 E MendelPackageState: 	at com.google.common.util.concurrent.du.run(PG:5)
05-30 15:02:13.454  1562  2102 E MendelPackageState: 	at com.google.android.libraries.k.x.run(PG:3)
05-30 15:02:13.454  1562  2102 E MendelPackageState: 	at java.util.concurrent.ThreadPoolExecutor.runWorker(ThreadPoolExecutor.java:1145)
05-30 15:02:13.454  1562  2102 E MendelPackageState: 	at java.util.concurrent.ThreadPoolExecutor$Worker.run(ThreadPoolExecutor.java:644)
05-30 15:02:13.454  1562  2102 E MendelPackageState: 	at com.google.android.libraries.k.b.run(PG:6)
05-30 15:02:13.454  1562  2102 E MendelPackageState: 	at java.lang.Thread.run(Thread.java:1012)
05-30 15:02:13.454  1562  2102 E MendelPackageState: 	at com.google.android.libraries.k.d.b.run(PG:74)
05-30 15:02:13.454  1562  2102 E MendelPackageState: Caused by: java.io.IOException: file:///data/user/0/com.google.android.googlequicksearchbox/files/phenotype/com.google.android.apps.search.omnient.device%23com.google.android.googlequicksearchbox.tmp could not be renamed to file:///data/user/0/com.google.android.googlequicksearchbox/files/phenotype/com.google.android.apps.search.omnient.device%23com.google.android.googlequicksearchbox
05-30 15:02:13.454  1562  2102 E MendelPackageState: 	at com.google.android.libraries.storage.a.a.x.m(PG:36)
05-30 15:02:13.454  1562  2102 E MendelPackageState: 	at com.google.android.libraries.storage.a.g.c.m(PG:13)
05-30 15:02:13.454  1562  2102 E MendelPackageState: 	at com.google.android.libraries.storage.a.i.g(PG:21)
05-30 15:02:13.454  1562  2102 E MendelPackageState: 	at com.google.android.libraries.storage.protostore.dx.c(PG:75)
05-30 15:02:13.454  1562  2102 E MendelPackageState: 	at com.google.android.libraries.storage.protostore.dp.apply(PG:11)
05-30 15:02:13.454  1562  2102 E MendelPackageState: 	at com.google.apps.tiktok.tracing.ff.apply(PG:13)
05-30 15:02:13.454  1562  2102 E MendelPackageState: 	at com.google.common.util.concurrent.h.e(PG:3)
05-30 15:02:13.454  1562  2102 E MendelPackageState: 	at com.google.common.util.concurrent.j.run(PG:42)
05-30 15:02:13.454  1562  2102 E MendelPackageState: 	at com.google.common.util.concurrent.dk.run(PG:3)
05-30 15:02:13.454  1562  2102 E MendelPackageState: 	at com.google.common.util.concurrent.dl.run(PG:76)
05-30 15:02:13.454  1562  2102 E MendelPackageState: 	at com.google.android.libraries.k.d.q.b(PG:203)
05-30 15:02:13.454  1562  2102 E MendelPackageState: 	... 11 more
05-30 15:02:13.591   182  2615 W keystore2: system/security/keystore2/watchdog/src/lib.rs:114 - ### Keystore Watchdog report - BEGIN ###
05-30 15:02:13.591   182  2615 W keystore2: system/security/keystore2/watchdog/src/lib.rs:123 - When extracting from a bug report, please include this header
05-30 15:02:13.591   182  2615 W keystore2: system/security/keystore2/watchdog/src/lib.rs:124 - and all 1 records below.
05-30 15:02:13.591   182  2615 W keystore2: system/security/keystore2/watchdog/src/lib.rs:164 - ThreadId(1) Calling get_rkpd_attestation_key() Pending: 3.600071241s Overdue 3.100071901s
05-30 15:02:13.591   182  2615 W keystore2: system/security/keystore2/watchdog/src/lib.rs:175 - ### Keystore Watchdog report - END ###
05-30 15:02:13.700   566  2870 E TaskPersister: File error accessing recents directory (directory doesn't exist?).
05-30 15:02:14.057  2916  2916 E android.traceur: Not starting debugger since process cannot load the jdwp agent.
05-30 15:02:14.261   566  2894 E SQLiteLog: (1) duplicate column name: local_date_time_start_time in "ALTER TABLE steps_record_table ADD COLUMN local_date_time_start_time INTEGER GENERATED ALWAYS AS (start_time + 1000 * start_zone_offset)"
05-30 15:02:14.262   566  2894 E SQLiteLog: (1) duplicate column name: local_date_time_start_time in "ALTER TABLE active_calories_burned_record_table ADD COLUMN local_date_time_start_time INTEGER GENERATED ALWAYS AS (start_time + 1000 * start_zone_offset)"
05-30 15:02:14.262   566  2894 E SQLiteLog: (1) duplicate column name: local_date_time_start_time in "ALTER TABLE hydration_record_table ADD COLUMN local_date_time_start_time INTEGER GENERATED ALWAYS AS (start_time + 1000 * start_zone_offset)"
05-30 15:02:14.262   566  2894 E SQLiteLog: (1) duplicate column name: local_date_time_start_time in "ALTER TABLE elevation_gained_record_table ADD COLUMN local_date_time_start_time INTEGER GENERATED ALWAYS AS (start_time + 1000 * start_zone_offset)"
05-30 15:02:14.262   566  2894 E SQLiteLog: (1) duplicate column name: local_date_time_start_time in "ALTER TABLE floors_climbed_record_table ADD COLUMN local_date_time_start_time INTEGER GENERATED ALWAYS AS (start_time + 1000 * start_zone_offset)"
05-30 15:02:14.262   566  2894 E SQLiteLog: (1) duplicate column name: local_date_time_start_time in "ALTER TABLE wheelchair_pushes_record_table ADD COLUMN local_date_time_start_time INTEGER GENERATED ALWAYS AS (start_time + 1000 * start_zone_offset)"
05-30 15:02:14.263   566  2894 E SQLiteLog: (1) duplicate column name: local_date_time_start_time in "ALTER TABLE distance_record_table ADD COLUMN local_date_time_start_time INTEGER GENERATED ALWAYS AS (start_time + 1000 * start_zone_offset)"
05-30 15:02:14.263   566  2894 E SQLiteLog: (1) duplicate column name: local_date_time_start_time in "ALTER TABLE nutrition_record_table ADD COLUMN local_date_time_start_time INTEGER GENERATED ALWAYS AS (start_time + 1000 * start_zone_offset)"
05-30 15:02:14.263   566  2894 E SQLiteLog: (1) duplicate column name: local_date_time_start_time in "ALTER TABLE total_calories_burned_record_table ADD COLUMN local_date_time_start_time INTEGER GENERATED ALWAYS AS (start_time + 1000 * start_zone_offset)"
05-30 15:02:14.265   566  2894 E SQLiteLog: (1) duplicate column name: local_date_time_start_time in "ALTER TABLE menstruation_period_record_table ADD COLUMN local_date_time_start_time INTEGER GENERATED ALWAYS AS (start_time + 1000 * start_zone_offset)"
05-30 15:02:14.265   566  2894 E SQLiteLog: (1) duplicate column name: local_date_time_start_time in "ALTER TABLE heart_rate_record_table ADD COLUMN local_date_time_start_time INTEGER GENERATED ALWAYS AS (start_time + 1000 * start_zone_offset)"
05-30 15:02:14.265   566  2894 E SQLiteLog: (1) duplicate column name: local_date_time_start_time in "ALTER TABLE CyclingPedalingCadenceRecordTable ADD COLUMN local_date_time_start_time INTEGER GENERATED ALWAYS AS (start_time + 1000 * start_zone_offset)"
05-30 15:02:14.266   566  2894 E SQLiteLog: (1) duplicate column name: local_date_time_start_time in "ALTER TABLE PowerRecordTable ADD COLUMN local_date_time_start_time INTEGER GENERATED ALWAYS AS (start_time + 1000 * start_zone_offset)"
05-30 15:02:14.266   566  2894 E SQLiteLog: (1) duplicate column name: local_date_time_start_time in "ALTER TABLE SpeedRecordTable ADD COLUMN local_date_time_start_time INTEGER GENERATED ALWAYS AS (start_time + 1000 * start_zone_offset)"
05-30 15:02:14.266   566  2894 E SQLiteLog: (1) duplicate column name: local_date_time_start_time in "ALTER TABLE StepsCadenceRecordTable ADD COLUMN local_date_time_start_time INTEGER GENERATED ALWAYS AS (start_time + 1000 * start_zone_offset)"
05-30 15:02:14.266   566  2894 E SQLiteLog: (1) duplicate column name: local_date_time in "ALTER TABLE basal_metabolic_rate_record_table ADD COLUMN local_date_time INTEGER GENERATED ALWAYS AS (time + 1000 * zone_offset)"
05-30 15:02:14.266   566  2894 E SQLiteLog: (1) duplicate column name: local_date_time in "ALTER TABLE body_fat_record_table ADD COLUMN local_date_time INTEGER GENERATED ALWAYS AS (time + 1000 * zone_offset)"
05-30 15:02:14.266   566  2894 E SQLiteLog: (1) duplicate column name: local_date_time in "ALTER TABLE vo2_max_record_table ADD COLUMN local_date_time INTEGER GENERATED ALWAYS AS (time + 1000 * zone_offset)"
05-30 15:02:14.266   566  2894 E SQLiteLog: (1) duplicate column name: local_date_time in "ALTER TABLE cervical_mucus_record_table ADD COLUMN local_date_time INTEGER GENERATED ALWAYS AS (time + 1000 * zone_offset)"
05-30 15:02:14.266   566  2894 E SQLiteLog: (1) duplicate column name: local_date_time in "ALTER TABLE basal_body_temperature_record_table ADD COLUMN local_date_time INTEGER GENERATED ALWAYS AS (time + 1000 * zone_offset)"
05-30 15:02:14.266   566  2894 E SQLiteLog: (1) duplicate column name: local_date_time in "ALTER TABLE menstruation_flow_record_table ADD COLUMN local_date_time INTEGER GENERATED ALWAYS AS (time + 1000 * zone_offset)"
05-30 15:02:14.266   566  2894 E SQLiteLog: (1) duplicate column name: local_date_time in "ALTER TABLE oxygen_saturation_record_table ADD COLUMN local_date_time INTEGER GENERATED ALWAYS AS (time + 1000 * zone_offset)"
05-30 15:02:14.266   566  2894 E SQLiteLog: (1) duplicate column name: local_date_time in "ALTER TABLE blood_pressure_record_table ADD COLUMN local_date_time INTEGER GENERATED ALWAYS AS (time + 1000 * zone_offset)"
05-30 15:02:14.266   566  2894 E SQLiteLog: (1) duplicate column name: local_date_time in "ALTER TABLE height_record_table ADD COLUMN local_date_time INTEGER GENERATED ALWAYS AS (time + 1000 * zone_offset)"
05-30 15:02:14.266   566  2894 E SQLiteLog: (1) duplicate column name: local_date_time in "ALTER TABLE blood_glucose_record_table ADD COLUMN local_date_time INTEGER GENERATED ALWAYS AS (time + 1000 * zone_offset)"
05-30 15:02:14.266   566  2894 E SQLiteLog: (1) duplicate column name: local_date_time in "ALTER TABLE weight_record_table ADD COLUMN local_date_time INTEGER GENERATED ALWAYS AS (time + 1000 * zone_offset)"
05-30 15:02:14.266   566  2894 E SQLiteLog: (1) duplicate column name: local_date_time in "ALTER TABLE lean_body_mass_record_table ADD COLUMN local_date_time INTEGER GENERATED ALWAYS AS (time + 1000 * zone_offset)"
05-30 15:02:14.266   566  2894 E SQLiteLog: (1) duplicate column name: local_date_time in "ALTER TABLE sexual_activity_record_table ADD COLUMN local_date_time INTEGER GENERATED ALWAYS AS (time + 1000 * zone_offset)"
05-30 15:02:14.266   566  2894 E SQLiteLog: (1) duplicate column name: local_date_time in "ALTER TABLE body_temperature_record_table ADD COLUMN local_date_time INTEGER GENERATED ALWAYS AS (time + 1000 * zone_offset)"
05-30 15:02:14.266   566  2894 E SQLiteLog: (1) duplicate column name: local_date_time in "ALTER TABLE ovulation_test_record_table ADD COLUMN local_date_time INTEGER GENERATED ALWAYS AS (time + 1000 * zone_offset)"
05-30 15:02:14.266   566  2894 E SQLiteLog: (1) duplicate column name: local_date_time in "ALTER TABLE respiratory_rate_record_table ADD COLUMN local_date_time INTEGER GENERATED ALWAYS AS (time + 1000 * zone_offset)"
05-30 15:02:14.266   566  2894 E SQLiteLog: (1) duplicate column name: local_date_time in "ALTER TABLE bone_mass_record_table ADD COLUMN local_date_time INTEGER GENERATED ALWAYS AS (time + 1000 * zone_offset)"
05-30 15:02:14.266   566  2894 E SQLiteLog: (1) duplicate column name: local_date_time in "ALTER TABLE resting_heart_rate_record_table ADD COLUMN local_date_time INTEGER GENERATED ALWAYS AS (time + 1000 * zone_offset)"
05-30 15:02:14.266   566  2894 E SQLiteLog: (1) duplicate column name: local_date_time in "ALTER TABLE body_water_mass_record_table ADD COLUMN local_date_time INTEGER GENERATED ALWAYS AS (time + 1000 * zone_offset)"
05-30 15:02:14.267   566  2894 E SQLiteLog: (1) duplicate column name: local_date_time in "ALTER TABLE heart_rate_variability_rmssd_record_table ADD COLUMN local_date_time INTEGER GENERATED ALWAYS AS (time + 1000 * zone_offset)"
05-30 15:02:14.267   566  2894 E SQLiteLog: (1) duplicate column name: local_date_time in "ALTER TABLE intermenstrual_bleeding_record_table ADD COLUMN local_date_time INTEGER GENERATED ALWAYS AS (time + 1000 * zone_offset)"
05-30 15:02:14.267   566  2894 E SQLiteLog: (1) duplicate column name: local_date_time_start_time in "ALTER TABLE exercise_session_record_table ADD COLUMN local_date_time_start_time INTEGER GENERATED ALWAYS AS (start_time + 1000 * start_zone_offset)"
05-30 15:02:14.268   566  2894 E SQLiteLog: (1) duplicate column name: local_date_time_start_time in "ALTER TABLE sleep_session_record_table ADD COLUMN local_date_time_start_time INTEGER GENERATED ALWAYS AS (start_time + 1000 * start_zone_offset)"
05-30 15:02:14.268   566  2894 E SQLiteLog: (1) no such table: skin_temperature_record_table in "ALTER TABLE skin_temperature_record_table ADD COLUMN local_date_time_start_time INTEGER GENERATED ALWAYS AS (start_time + 1000 * start_zone_offset)"
05-30 15:02:14.268   566  2894 E SQLiteLog: (1) no such table: planned_exercise_session_record_table in "ALTER TABLE planned_exercise_session_record_table ADD COLUMN local_date_time_start_time INTEGER GENERATED ALWAYS AS (start_time + 1000 * start_zone_offs
05-30 15:02:14.591   182  2615 W keystore2: system/security/keystore2/watchdog/src/lib.rs:114 - ### Keystore Watchdog report - BEGIN ###
05-30 15:02:14.591   182  2615 W keystore2: system/security/keystore2/watchdog/src/lib.rs:123 - When extracting from a bug report, please include this header
05-30 15:02:14.591   182  2615 W keystore2: system/security/keystore2/watchdog/src/lib.rs:124 - and all 1 records below.
05-30 15:02:14.591   182  2615 W keystore2: system/security/keystore2/watchdog/src/lib.rs:164 - ThreadId(1) Calling get_rkpd_attestation_key() Pending: 4.600255833s Overdue 4.100256503s
05-30 15:02:14.591   182  2615 W keystore2: system/security/keystore2/watchdog/src/lib.rs:175 - ### Keystore Watchdog report - END ###
05-30 15:02:14.652  1378  1485 E native  : E0000 00:00:1780153334.652851    1485 document-store.cc:1359] Failed to update per-doc-data with usage report
05-30 15:02:14.664   566   846 E AppOps  : attributionTag VCN not declared in manifest of android
05-30 15:02:14.772   566   886 E system_server: No package ID 7f found for resource ID 0x7f0700a7.
05-30 15:02:14.772   566   886 E system_server: No package ID 7f found for resource ID 0x7f1100af.
05-30 15:02:14.772   566   886 E system_server: No package ID 7f found for resource ID 0x7f1100af.
05-30 15:02:14.772   566   886 E system_server: No package ID 7f found for resource ID 0x7f0700a6.
05-30 15:02:14.772   566   886 E system_server: No package ID 7f found for resource ID 0x7f1100a8.
05-30 15:02:14.772   566   886 E system_server: No package ID 7f found for resource ID 0x7f1100a8.
05-30 15:02:14.945  1562  1878 E DeviceChannelFetcher: fetch grpc failed
05-30 15:02:14.945  1562  1878 E DeviceChannelFetcher: java.util.NoSuchElementException: No value present
05-30 15:02:14.945  1562  1878 E DeviceChannelFetcher: 	at j$.util.Optional.orElseThrow(SourceFile:1)
05-30 15:02:14.945  1562  1878 E DeviceChannelFetcher: 	at com.google.android.apps.search.googleapp.notifications.settings.a.e.a(PG:198)
05-30 15:02:14.945  1562  1878 E DeviceChannelFetcher: 	at com.google.android.apps.search.googleapp.notifications.settings.a.g.a(PG:80)
05-30 15:02:14.945  1562  1878 E DeviceChannelFetcher: 	at com.google.android.apps.search.googleapp.notifications.settings.a.j.jd(PG:71)
05-30 15:02:14.945  1562  1878 E DeviceChannelFetcher: 	at n.c.b.a.a.q(PG:12)
05-30 15:02:14.945  1562  1878 E DeviceChannelFetcher: 	at kotlinx.coroutines.bh.run(PG:112)
05-30 15:02:14.945  1562  1878 E DeviceChannelFetcher: 	at com.google.apps.tiktok.f.y.run(PG:3)
05-30 15:02:14.945  1562  1878 E DeviceChannelFetcher: 	at com.google.android.libraries.k.x.run(PG:3)
05-30 15:02:14.945  1562  1878 E DeviceChannelFetcher: 	at com.google.common.n.c.c.run(PG:50)
05-30 15:02:14.945  1562  1878 E DeviceChannelFetcher: 	at com.google.android.libraries.k.e.run(PG:8)
05-30 15:02:14.945  1562  1878 E DeviceChannelFetcher: 	at java.lang.Thread.run(Thread.java:1012)
05-30 15:02:14.945  1562  1878 E DeviceChannelFetcher: 	at com.google.android.libraries.k.d.b.run(PG:74)
05-30 15:02:15.034  2976  2976 E timeinitializer: Not starting debugger since process cannot load the jdwp agent.
05-30 15:02:15.062  1208  1410 E GCoreUlr: Create new device tag of 1875337949 without device reboot
05-30 15:02:15.080  1076  1076 E SmsApplication: com.google.android.apps.messaging lost android:read_cell_broadcasts:  (fixing)
05-30 15:02:15.104  1076  1076 E CellBroadcastUtils: getDefaultCellBroadcastReceiverPackageName: no package found
05-30 15:02:15.162  1076  1076 E SmsApplication: com.google.android.apps.messaging lost android:read_cell_broadcasts:  (fixing)
05-30 15:02:15.164  1076  1076 E CellBroadcastUtils: getDefaultCellBroadcastReceiverPackageName: no package found
05-30 15:02:15.317  1076  1076 E SmsApplication: com.google.android.apps.messaging lost android:read_cell_broadcasts:  (fixing)
05-30 15:02:15.335  1076  1076 E CellBroadcastUtils: getDefaultCellBroadcastReceiverPackageName: no package found
05-30 15:02:15.562  1076  1076 E SmsApplication: com.google.android.apps.messaging lost android:read_cell_broadcasts:  (fixing)
05-30 15:02:15.587  1076  1076 E CellBroadcastUtils: getDefaultCellBroadcastReceiverPackageName: no package found
05-30 15:02:15.600   566   690 E SyncManager: Couldn't find backoff values for Account {name=@@xxxxxxxxxxxxxxxxxxxxxxxxx@@, type=com.google}/com.google.android.location.reporting:u0
05-30 15:02:15.607  3008  3008 E webview_service: Not starting debugger since process cannot load the jdwp agent.
05-30 15:02:15.618  1208  2137 E GmsCoreLogger: Aggregation config without code definition [CONTEXT service_id=299 ]
05-30 15:02:15.739  1076  1076 E SmsApplication: com.google.android.apps.messaging lost android:read_cell_broadcasts:  (fixing)
05-30 15:02:15.756  1076  1076 E CellBroadcastUtils: getDefaultCellBroadcastReceiverPackageName: no package found
05-30 15:02:15.828  1076  1076 E SmsApplication: com.google.android.apps.messaging lost android:read_cell_broadcasts:  (fixing)
05-30 15:02:15.860  1076  1076 E CellBroadcastUtils: getDefaultCellBroadcastReceiverPackageName: no package found
05-30 15:02:15.912  1076  1076 E SmsApplication: com.google.android.apps.messaging lost android:read_cell_broadcasts:  (fixing)
05-30 15:02:15.939  1076  1076 E CellBroadcastUtils: getDefaultCellBroadcastReceiverPackageName: no package found
05-30 15:02:15.962   182  2615 W keystore2: system/security/keystore2/watchdog/src/lib.rs:114 - ### Keystore Watchdog report - BEGIN ###
05-30 15:02:15.962   182  2615 W keystore2: system/security/keystore2/watchdog/src/lib.rs:123 - When extracting from a bug report, please include this header
05-30 15:02:15.962   182  2615 W keystore2: system/security/keystore2/watchdog/src/lib.rs:124 - and all 2 records below.
05-30 15:02:15.965   182  2615 W keystore2: system/security/keystore2/watchdog/src/lib.rs:154 - ThreadId(1) IKeystoreSecurityLevel::generateKey Pending: 6.000892654s Overdue 1.000893366s: SecurityLevel r#TRUSTED_ENVIRONMENT
05-30 15:02:15.965   182  2615 W keystore2: system/security/keystore2/watchdog/src/lib.rs:164 - ThreadId(1) Calling get_rkpd_attestation_key() Pending: 5.974064632s Overdue 5.474065352s
05-30 15:02:15.965   182  2615 W keystore2: system/security/keystore2/watchdog/src/lib.rs:175 - ### Keystore Watchdog report - END ###
05-30 15:02:16.024  1562  2050 E DeviceChannelFetcher: fetch grpc failed
05-30 15:02:16.024  1562  2050 E DeviceChannelFetcher: java.util.NoSuchElementException: No value present
05-30 15:02:16.024  1562  2050 E DeviceChannelFetcher: 	at j$.util.Optional.orElseThrow(SourceFile:1)
05-30 15:02:16.024  1562  2050 E DeviceChannelFetcher: 	at com.google.android.apps.search.googleapp.notifications.settings.a.e.a(PG:198)
05-30 15:02:16.024  1562  2050 E DeviceChannelFetcher: 	at com.google.android.apps.search.googleapp.notifications.settings.a.g.a(PG:80)
05-30 15:02:16.024  1562  2050 E DeviceChannelFetcher: 	at com.google.android.apps.search.googleapp.notifications.settings.a.j.jd(PG:71)
05-30 15:02:16.024  1562  2050 E DeviceChannelFetcher: 	at n.c.b.a.a.q(PG:12)
05-30 15:02:16.024  1562  2050 E DeviceChannelFetcher: 	at kotlinx.coroutines.bh.run(PG:112)
05-30 15:02:16.024  1562  2050 E DeviceChannelFetcher: 	at com.google.apps.tiktok.f.y.run(PG:3)
05-30 15:02:16.024  1562  2050 E DeviceChannelFetcher: 	at com.google.android.libraries.k.x.run(PG:3)
05-30 15:02:16.024  1562  2050 E DeviceChannelFetcher: 	at com.google.common.n.c.c.run(PG:50)
05-30 15:02:16.024  1562  2050 E DeviceChannelFetcher: 	at com.google.android.libraries.k.e.run(PG:8)
05-30 15:02:16.024  1562  2050 E DeviceChannelFetcher: 	at java.lang.Thread.run(Thread.java:1012)
05-30 15:02:16.024  1562  2050 E DeviceChannelFetcher: 	at com.google.android.libraries.k.d.b.run(PG:74)
05-30 15:02:16.051   182  2615 W keystore2: system/security/keystore2/watchdog/src/lib.rs:114 - ### Keystore Watchdog report - BEGIN ###
05-30 15:02:16.051   182  2615 W keystore2: system/security/keystore2/watchdog/src/lib.rs:123 - When extracting from a bug report, please include this header
05-30 15:02:16.051   182  2615 W keystore2: system/security/keystore2/watchdog/src/lib.rs:124 - and all 1 records below.
05-30 15:02:16.051   182  2615 W keystore2: system/security/keystore2/watchdog/src/lib.rs:154 - ThreadId(1) IKeystoreSecurityLevel::generateKey Pending: 6.089460108s Overdue 1.08946067s: SecurityLevel r#TRUSTED_ENVIRONMENT
05-30 15:02:16.051   182  2615 W keystore2: system/security/keystore2/watchdog/src/lib.rs:175 - ### Keystore Watchdog report - END ###
05-30 15:02:16.080  1076  1076 E SmsApplication: com.google.android.apps.messaging lost android:read_cell_broadcasts:  (fixing)
05-30 15:02:16.085  1076  1076 E CellBroadcastUtils: getDefaultCellBroadcastReceiverPackageName: no package found
05-30 15:02:16.088  1076  1076 E SmsApplication: com.google.android.apps.messaging lost android:read_cell_broadcasts:  (fixing)
05-30 15:02:16.088  1076  1076 E CellBroadcastUtils: getDefaultCellBroadcastReceiverPackageName: no package found
05-30 15:02:16.323  1456  2437 I AiAiEcho: Settings changed for uri: content://settings/secure/dropbox:data_app_crash
05-30 15:02:16.733  1076  1076 E SmsApplication: com.google.android.apps.messaging lost android:read_cell_broadcasts:  (fixing)
05-30 15:02:16.753  1076  1076 E CellBroadcastUtils: getDefaultCellBroadcastReceiverPackageName: no package found
05-30 15:02:16.833  3057  3057 E android.camera2: Not starting debugger since process cannot load the jdwp agent.
05-30 15:02:17.185   566   690 E SyncManager: SYNC_OP_STATE_INVALID: account doesn't exist.
05-30 15:02:17.186   566   690 E SyncManager: SYNC_OP_STATE_INVALID: account doesn't exist.
05-30 15:02:17.189   566   594 E PackageManager: Optimistic bind failed.
05-30 15:02:17.189   566   594 E PackageManager: java.util.concurrent.TimeoutException: [Optimistic Bind] Didn't bind to resolver in time!
05-30 15:02:17.189   566   594 E PackageManager: 	at com.android.server.pm.InstantAppResolverConnection.waitForBindLocked(InstantAppResolverConnection.java:160)
05-30 15:02:17.189   566   594 E PackageManager: 	at com.android.server.pm.InstantAppResolverConnection.bind(InstantAppResolverConnection.java:230)
05-30 15:02:17.189   566   594 E PackageManager: 	at com.android.server.pm.InstantAppResolverConnection.lambda$optimisticBind$0(InstantAppResolverConnection.java:260)
05-30 15:02:17.189   566   594 E PackageManager: 	at com.android.server.pm.InstantAppResolverConnection.$r8$lambda$66W2s2mMKe4pk_xXCScH9RCqav8(InstantAppResolverConnection.java:0)
05-30 15:02:17.189   566   594 E PackageManager: 	at com.android.server.pm.InstantAppResolverConnection$$ExternalSyntheticLambda0.run(R8$$SyntheticClass:0)
05-30 15:02:17.189   566   594 E PackageManager: 	at android.os.Handler.handleCallback(Handler.java:959)
05-30 15:02:17.189   566   594 E PackageManager: 	at android.os.Handler.dispatchMessage(Handler.java:100)
05-30 15:02:17.189   566   594 E PackageManager: 	at android.os.Looper.loopOnce(Looper.java:232)
05-30 15:02:17.189   566   594 E PackageManager: 	at android.os.Looper.loop(Looper.java:317)
05-30 15:02:17.189   566   594 E PackageManager: 	at android.os.HandlerThread.run(HandlerThread.java:85)
05-30 15:02:17.434  1456  2437 I AiAiEcho: Settings changed for uri: content://settings/secure/dropbox:data_app_anr
05-30 15:02:17.511  1378  1485 E Icing   : Bad request indexing args: Negative sequence number
05-30 15:02:17.535  3103  3103 E rrierdefaultapp: Not starting debugger since process cannot load the jdwp agent.
05-30 15:02:17.720  1078  1078 E SmsApplication: com.google.android.apps.messaging lost android:read_cell_broadcasts:  (fixing)
05-30 15:02:18.006  1078  1078 E SmsApplication: com.google.android.apps.messaging lost android:read_cell_broadcasts:  (fixing)
05-30 15:02:18.675  3203  3203 E droid.dynsystem: Not starting debugger since process cannot load the jdwp agent.
05-30 15:02:18.816  1173  2184 E OneSearchSuggestProvider: Unable to get suggestions from AGA
05-30 15:02:18.816  1173  2184 E OneSearchSuggestProvider: io.grpc.StatusRuntimeException: CANCELLED
05-30 15:02:18.816  1173  2184 E OneSearchSuggestProvider: 	at k3.e.a(go/retraceme 31f9979659277bb965985aff1272c33e3c3c9e755b77166d20a2465454178f2c:77)
05-30 15:02:18.816  1173  2184 E OneSearchSuggestProvider: 	at i3.l.b(go/retraceme 31f9979659277bb965985aff1272c33e3c3c9e755b77166d20a2465454178f2c:43)
05-30 15:02:18.816  1173  2184 E OneSearchSuggestProvider: 	at i3.l.a(go/retraceme 31f9979659277bb965985aff1272c33e3c3c9e755b77166d20a2465454178f2c:27)
05-30 15:02:18.816  1173  2184 E OneSearchSuggestProvider: 	at i3.z.run(go/retraceme 31f9979659277bb965985aff1272c33e3c3c9e755b77166d20a2465454178f2c:7)
05-30 15:02:18.816  1173  2184 E OneSearchSuggestProvider: 	at i3.m2.run(go/retraceme 31f9979659277bb965985aff1272c33e3c3c9e755b77166d20a2465454178f2c:19)
05-30 15:02:18.816  1173  2184 E OneSearchSuggestProvider: 	at java.util.concurrent.ThreadPoolExecutor.runWorker(ThreadPoolExecutor.java:1145)
05-30 15:02:18.816  1173  2184 E OneSearchSuggestProvider: 	at java.util.concurrent.ThreadPoolExecutor$Worker.run(ThreadPoolExecutor.java:644)
05-30 15:02:18.816  1173  2184 E OneSearchSuggestProvider: 	at java.lang.Thread.run(Thread.java:1012)
05-30 15:02:19.780  1076  1076 E CarrierConfigLoader: Received response for stale request.
05-30 15:02:20.001  3231  3231 E ystem:dynsystem: Not starting debugger since process cannot load the jdwp agent.
05-30 15:02:20.069   566   846 E AppOps  : attributionTag VCN not declared in manifest of android
05-30 15:02:20.105   566   846 E AppOps  : attributionTag VCN not declared in manifest of android
05-30 15:02:20.132  1208  2203 E czvx    : Phenotype API error. Event: # fozr@cbf0c9f5, EventCode: SET_RUNTIME_PROPERTIES [CONTEXT service_id=51 ]
05-30 15:02:20.132  1208  2203 E czvx    : czue: 29503
05-30 15:02:20.132  1208  2203 E czvx    : 	at czya.i(:com.google.android.gms@242335041@24.23.35 (190800-646585959):199)
05-30 15:02:20.132  1208  2203 E czvx    : 	at czvx.h(:com.google.android.gms@242335041@24.23.35 (190800-646585959):18)
05-30 15:02:20.132  1208  2203 E czvx    : 	at czvx.f(:com.google.android.gms@242335041@24.23.35 (190800-646585959):11)
05-30 15:02:20.132  1208  2203 E czvx    : 	at boey.hj(:com.google.android.gms@242335041@24.23.35 (190800-646585959):1)
05-30 15:02:20.132  1208  2203 E czvx    : 	at bofh.run(:com.google.android.gms@242335041@24.23.35 (190800-646585959):97)
05-30 15:02:20.132  1208  2203 E czvx    : 	at emsz.run(:com.google.android.gms@242335041@24.23.35 (190800-646585959):21)
05-30 15:02:20.132  1208  2203 E czvx    : 	at angs.c(:com.google.android.gms@242335041@24.23.35 (190800-646585959):50)
05-30 15:02:20.132  1208  2203 E czvx    : 	at angs.run(:com.google.android.gms@242335041@24.23.35 (190800-646585959):97)
05-30 15:02:20.132  1208  2203 E czvx    : 	at java.util.concurrent.ThreadPoolExecutor.runWorker(ThreadPoolExecutor.java:1145)
05-30 15:02:20.132  1208  2203 E czvx    : 	at java.util.concurrent.ThreadPoolExecutor$Worker.run(ThreadPoolExecutor.java:644)
05-30 15:02:20.132  1208  2203 E czvx    : 	at anmg.run(:com.google.android.gms@242335041@24.23.35 (190800-646585959):8)
05-30 15:02:20.132  1208  2203 E czvx    : 	at java.lang.Thread.run(Thread.java:1012)
05-30 15:02:20.187   566   846 E AppOps  : attributionTag VCN not declared in manifest of android
05-30 15:02:20.234  3239  3239 E com.android.nfc: Not starting debugger since process cannot load the jdwp agent.
05-30 15:02:20.374  1012  1072 E SystemServiceRegistry: No service published for: ethernet
05-30 15:02:20.374  1012  1072 E SystemServiceRegistry: android.os.ServiceManager$ServiceNotFoundException: No service published for: ethernet
05-30 15:02:20.374  1012  1072 E SystemServiceRegistry: 	at android.os.ServiceManager.getServiceOrThrow(ServiceManager.java:203)
05-30 15:02:20.374  1012  1072 E SystemServiceRegistry: 	at android.app.SystemServiceRegistry$145.createService(SystemServiceRegistry.java:2120)
05-30 15:02:20.374  1012  1072 E SystemServiceRegistry: 	at android.app.SystemServiceRegistry$CachedServiceFetcher.getService(SystemServiceRegistry.java:2231)
05-30 15:02:20.374  1012  1072 E SystemServiceRegistry: 	at android.app.SystemServiceRegistry.getSystemService(SystemServiceRegistry.java:1812)
05-30 15:02:20.374  1012  1072 E SystemServiceRegistry: 	at android.app.ContextImpl.getSystemService(ContextImpl.java:2241)
05-30 15:02:20.374  1012  1072 E SystemServiceRegistry: 	at android.content.ContextWrapper.getSystemService(ContextWrapper.java:936)
05-30 15:02:20.374  1012  1072 E SystemServiceRegistry: 	at com.android.networkstack.tethering.Tethering.isEthernetSupported(Tethering.java:1579)
05-30 15:02:20.374  1012  1072 E SystemServiceRegistry: 	at com.android.networkstack.tethering.Tethering.makeSupportedDownstreams(Tethering.java:2562)
05-30 15:02:20.374  1012  1072 E SystemServiceRegistry: 	at com.android.networkstack.tethering.Tethering.updateSupportedDownstreams(Tethering.java:2536)
05-30 15:02:20.374  1012  1072 E SystemServiceRegistry: 	at com.android.networkstack.tethering.Tethering.updateConfiguration(Tethering.java:549)
05-30 15:02:20.374  1012  1072 E SystemServiceRegistry: 	at com.android.networkstack.tethering.Tethering.lambda$new$4(Tethering.java:347)
05-30 15:02:20.374  1012  1072 E SystemServiceRegistry: 	at com.android.networkstack.tethering.Tethering.$r8$lambda$4V1rGOzF7AkW0XBFoABAQmt9cHM(Tethering.java:0)
05-30 15:02:20.374  1012  1072 E SystemServiceRegistry: 	at com.android.networkstack.tethering.Tethering$$ExternalSyntheticLambda12.accept(R8$$SyntheticClass:0)
05-30 15:02:20.374  1012  1072 E SystemServiceRegistry: 	at com.android.networkstack.tethering.util.VersionedBroadcastListener$Receiver.onReceive(VersionedBroadcastListener.java:103)
05-30 15:02:20.374  1012  1072 E SystemServiceRegistry: 	at android.app.LoadedApk$ReceiverDispatcher$Args.lambda$getRunnable$0(LoadedApk.java:1814)
05-30 15:02:20.374  1012  1072 E SystemServiceRegistry: 	at android.app.LoadedApk$ReceiverDispatcher$Args.$r8$lambda$mcNAAl1SQ4MyJPyDg8TJ2x2h0Rk(Unknown Source:0)
05-30 15:02:20.374  1012  1072 E SystemServiceRegistry: 	at android.app.LoadedApk$ReceiverDispatcher$Args$$ExternalSyntheticLambda0.run(D8$$SyntheticClass:0)
05-30 15:02:20.374  1012  1072 E SystemServiceRegistry: 	at android.os.Handler.handleCallback(Handler.java:959)
05-30 15:02:20.374  1012  1072 E SystemServiceRegistry: 	at android.os.Handler.dispatchMessage(Handler.java:100)
05-30 15:02:20.374  1012  1072 E SystemServiceRegistry: 	at android.os.Looper.loopOnce(Looper.java:232)
05-30 15:02:20.374  1012  1072 E SystemServiceRegistry: 	at android.os.Looper.loop(Looper.java:317)
05-30 15:02:20.374  1012  1072 E SystemServiceRegistry: 	at android.os.HandlerThread.run(HandlerThread.java:85)
05-30 15:02:20.643   566   622 W ActivityManager: Scheduling restart of crashed service com.google.android.ext.services/android.ext.services.autofill.InlineSuggestionRenderServiceImpl in 10000ms for connection
05-30 15:02:20.652  3262  3262 E m.android.shell: Not starting debugger since process cannot load the jdwp agent.
05-30 15:02:20.729   566  1060 E RoleControllerServiceImpl: Default/fallback role holder package doesn't qualify for the role, package: com.google.android.gms.supervision, role: android.app.role.SYSTEM_SUPERVISION
05-30 15:02:20.683     0     0 E libprocessgroup: Failed to write 1 to /sys/fs/cgroup/uid_1000/pid_1231/cgroup.kill: No such file or directory
05-30 15:02:20.687     0     0 E libprocessgroup: Failed to open /sys/fs/cgroup/uid_1000/pid_1231/cgroup.procs: No such file or directory
05-30 15:02:20.840  1562  1562 E A       : onError
05-30 15:02:20.840  1562  1562 E A       : com.google.android.apps.gsa.shared.speech.b.l: errorCode: 65561, engine: 2
05-30 15:02:20.840  1562  1562 E A       : 	at com.google.android.apps.gsa.staticplugins.bp.a.f.a(PG:23)
05-30 15:02:20.840  1562  1562 E A       : 	at com.google.android.apps.gsa.s3.o.hi(PG:13)
05-30 15:02:20.840  1562  1562 E A       : 	at com.google.ci.g.a.f.e(PG:9)
05-30 15:02:20.840  1562  1562 E A       : 	at com.google.android.apps.gsa.speech.k.a.g.d(PG:162)
05-30 15:02:20.840  1562  1562 E A       : 	at com.google.android.apps.gsa.speech.k.a.g.iO(PG:26)
05-30 15:02:20.840  1562  1562 E A       : 	at com.google.android.apps.gsa.s3.p.c(PG:102)
05-30 15:02:20.840  1562  1562 E A       : 	at com.google.android.apps.gsa.s3.q.run(PG:1)
05-30 15:02:20.840  1562  1562 E A       : 	at java.util.concurrent.Executors$RunnableAdapter.call(Executors.java:487)
05-30 15:02:20.840  1562  1562 E A       : 	at java.util.concurrent.FutureTask.run(FutureTask.java:264)
05-30 15:02:20.840  1562  1562 E A       : 	at com.google.android.apps.gsa.shared.util.c.a.e.run(PG:12)
05-30 15:02:20.840  1562  1562 E A       : 	at com.google.android.apps.gsa.shared.util.c.a.bg.run(PG:3)
05-30 15:02:20.840  1562  1562 E A       : 	at com.google.android.apps.gsa.shared.util.c.a.bg.run(PG:3)
05-30 15:02:20.840  1562  1562 E A       : 	at java.util.concurrent.ThreadPoolExecutor.runWorker(ThreadPoolExecutor.java:1145)
05-30 15:02:20.840  1562  1562 E A       : 	at java.util.concurrent.ThreadPoolExecutor$Worker.run(ThreadPoolExecutor.java:644)
05-30 15:02:20.840  1562  1562 E A       : 	at java.lang.Thread.run(Thread.java:1012)
05-30 15:02:20.840  1562  1562 E A       : 	at com.google.android.apps.gsa.shared.util.c.a.l.run(PG:42)
05-30 15:02:20.840  1562  1562 E A       : Caused by: com.google.android.apps.gsa.shared.speech.b.n: errorCode: 65586, engine: 2
05-30 15:02:20.840  1562  1562 E A       : 	at com.google.android.apps.gsa.s3.o.hi(PG:6)
05-30 15:02:20.840  1562  1562 E A       : 	... 14 more
05-30 15:02:20.840  1562  1562 E A       : Caused by: com.google.android.apps.gsa.shared.speech.b.j: errorCode: 401, engine: 2
05-30 15:02:20.840  1562  1562 E A       : 	at com.google.android.apps.gsa.assistant.shared.n.i.b(PG:30)
05-30 15:02:20.840  1562  1562 E A       : 	at com.google.android.apps.gsa.s3.producers.j.hs(PG:11)
05-30 15:02:20.840  1562  1562 E A       : 	at com.google.android.apps.gsa.speech.k.a.g.d(PG:135)
05-30 15:02:20.840  1562  1562 E A       : 	... 12 more
05-30 15:02:20.962   566  1060 E RoleControllerServiceImpl: Default/fallback role holder package doesn't qualify for the role, package: com.google.android.gms, role: android.app.role.WALLET
05-30 15:02:21.144  1076  1076 E SmsApplication: com.google.android.apps.messaging lost android:read_cell_broadcasts:  (fixing)
05-30 15:02:21.152  1076  1076 E CellBroadcastUtils: getDefaultCellBroadcastReceiverPackageName: no package found
05-30 15:02:21.175   566   622 W ActivityManager: Scheduling restart of crashed service com.google.android.devicelockcontroller/com.android.devicelockcontroller.DeviceLockControllerService in 10000ms for connection
05-30 15:02:21.175  1076  1076 E SmsApplication: com.google.android.apps.messaging lost android:read_cell_broadcasts:  (fixing)
05-30 15:02:21.178  3289  3289 E d.configupdater: Not starting debugger since process cannot load the jdwp agent.
05-30 15:02:21.183  1076  1076 E CellBroadcastUtils: getDefaultCellBroadcastReceiverPackageName: no package found
05-30 15:02:21.198   566  1060 E RoleControllerServiceImpl: Default/fallback role holder package doesn't qualify for the role, package: com.google.android.devicelockcontroller, role: android.app.role.SYSTEM_FINANCED_DEVICE_CONTROLLER
05-30 15:02:21.460  1076  1076 E SmsApplication: com.google.android.apps.messaging lost android:read_cell_broadcasts:  (fixing)
05-30 15:02:21.503  3305  3305 E ocessService0:0: Not starting debugger since process cannot load the jdwp agent.
05-30 15:02:21.507  1076  1076 E CellBroadcastUtils: getDefaultCellBroadcastReceiverPackageName: no package found
05-30 15:02:21.527  3289  3289 E ConfigUpdater: ignoring update request
05-30 15:02:21.533  3289  3289 E ConfigUpdater: ignoring update request
05-30 15:02:21.541  3289  3289 E ConfigUpdater: ignoring update request
05-30 15:02:21.563  3289  3289 E ConfigUpdater: ignoring update request
05-30 15:02:21.573  3289  3289 E ConfigUpdater: ignoring update request
05-30 15:02:21.577  3289  3289 E ConfigUpdater: ignoring update request
05-30 15:02:21.590  3289  3289 E ConfigUpdater: ignoring update request
05-30 15:02:21.604   566  1060 E RoleControllerServiceImpl: Default/fallback role holder package doesn't qualify for the role, package: com.google.android.gms.supervision, role: android.app.role.SYSTEM_SUPERVISION
05-30 15:02:21.619   566  1060 E RoleControllerServiceImpl: Default/fallback role holder package doesn't qualify for the role, package: com.google.android.gms, role: android.app.role.WALLET
05-30 15:02:21.630   566  1060 E RoleControllerServiceImpl: Default/fallback role holder package doesn't qualify for the role, package: com.google.android.devicelockcontroller, role: android.app.role.SYSTEM_FINANCED_DEVICE_CONTROLLER
05-30 15:02:21.638  3289  3289 E ConfigUpdater: ignoring update request
05-30 15:02:21.641  1076  1076 E SmsApplication: com.google.android.apps.messaging lost android:read_cell_broadcasts:  (fixing)
05-30 15:02:21.645  3289  3289 E ConfigUpdater: ignoring update request
05-30 15:02:21.645   566   886 E system_server: No package ID 7f found for resource ID 0x7f080bdc.
05-30 15:02:21.645   566   886 E system_server: No package ID 7f found for resource ID 0x7f152158.
05-30 15:02:21.645   566   886 E system_server: No package ID 7f found for resource ID 0x7f080bed.
05-30 15:02:21.645   566   886 E system_server: No package ID 7f found for resource ID 0x7f152159.
05-30 15:02:21.654  1076  1076 E CellBroadcastUtils: getDefaultCellBroadcastReceiverPackageName: no package found
05-30 15:02:21.665  3289  3289 E ConfigUpdater: ignoring update request
05-30 15:02:21.683  3289  3289 E ConfigUpdater: ignoring update request
05-30 15:02:21.697  3289  3289 E ConfigUpdater: ignoring update request
05-30 15:02:21.701  3289  3289 E ConfigUpdater: ignoring update request
05-30 15:02:21.724  1076  1076 E SmsApplication: com.google.android.apps.messaging lost android:read_cell_broadcasts:  (fixing)
05-30 15:02:21.725  1076  1076 E CellBroadcastUtils: getDefaultCellBroadcastReceiverPackageName: no package found
05-30 15:02:21.830  3333  3333 E ederatedcompute: Not starting debugger since process cannot load the jdwp agent.
05-30 15:02:21.881  1076  1076 E SmsApplication: com.google.android.apps.messaging lost android:read_cell_broadcasts:  (fixing)
05-30 15:02:21.883  1076  1076 E CellBroadcastUtils: getDefaultCellBroadcastReceiverPackageName: no package found
05-30 15:02:21.928  3348  3348 E iew:webview_apk: Not starting debugger since process cannot load the jdwp agent.
05-30 15:02:21.942  1076  1076 E SmsApplication: com.google.android.apps.messaging lost android:read_cell_broadcasts:  (fixing)
05-30 15:02:21.954  1076  1076 E CellBroadcastUtils: getDefaultCellBroadcastReceiverPackageName: no package found
05-30 15:02:22.023  1076  1076 E SmsApplication: com.google.android.apps.messaging lost android:read_cell_broadcasts:  (fixing)
05-30 15:02:22.037  1076  1076 E CellBroadcastUtils: getDefaultCellBroadcastReceiverPackageName: no package found
05-30 15:02:22.124  3364  3364 E nect.controller: Not starting debugger since process cannot load the jdwp agent.
05-30 15:02:22.520  2736  3380 E DrmHalHidl: Failed to find passthrough drm factories
05-30 15:02:22.521  1076  1076 E SmsApplication: com.google.android.apps.messaging lost android:read_cell_broadcasts:  (fixing)
05-30 15:02:22.553  1076  1076 E CellBroadcastUtils: getDefaultCellBroadcastReceiverPackageName: no package found
05-30 15:02:22.566  1378  2008 E DowngradeHelper: isModuleDowngradeRequired false
05-30 15:02:22.612  1076  1076 E SmsApplication: com.google.android.apps.messaging lost android:read_cell_broadcasts:  (fixing)
05-30 15:02:22.616  1076  1076 E CellBroadcastUtils: getDefaultCellBroadcastReceiverPackageName: no package found
05-30 15:02:22.627   566   622 E ActivityManager: Unable to freeze binder for 3364: -11
05-30 15:02:22.640   566  1060 E RoleControllerServiceImpl: Default/fallback role holder package doesn't qualify for the role, package: com.google.android.gms.supervision, role: android.app.role.SYSTEM_SUPERVISION
05-30 15:02:22.742  3404  3404 E zation.services: Not starting debugger since process cannot load the jdwp agent.
05-30 15:02:22.767   566  1060 E RoleControllerServiceImpl: Default/fallback role holder package doesn't qualify for the role, package: com.google.android.gms, role: android.app.role.WALLET
05-30 15:02:22.773   566  1060 E RoleControllerServiceImpl: Default/fallback role holder package doesn't qualify for the role, package: com.google.android.devicelockcontroller, role: android.app.role.SYSTEM_FINANCED_DEVICE_CONTROLLER
05-30 15:02:22.775   431   431 E WVCdm   : [oemcrypto_adapter_dynamic.cpp(1326):ValidateOrInstallL1KeyboxOrCert] L1 not initialized. Falling back to L3
05-30 15:02:22.791   431   431 E WVCdm   : [oemcrypto_adapter_dynamic.cpp(1326):ValidateOrInstallL1KeyboxOrCert] L1 not initialized. Falling back to L3
05-30 15:02:22.854  1076  1076 E SmsApplication: com.google.android.apps.messaging lost android:read_cell_broadcasts:  (fixing)
05-30 15:02:22.900  1076  1076 E CellBroadcastUtils: getDefaultCellBroadcastReceiverPackageName: no package found
05-30 15:02:23.323   566   688 E ReportEncoder: No watchlist hash
05-30 15:02:23.326  1562  1886 E A       : (REDACTED) Failed to recover geofences for LBT Routines using Geller data
05-30 15:02:23.326  1562  1886 E A       : com.google.android.libraries.geller.portable.GellerException: Code: INVALID_ARGUMENT, Message: Account name is null.
05-30 15:02:23.326  1562  1886 E A       : 	at com.google.android.libraries.search.l.t.a(PG:25)
05-30 15:02:23.326  1562  1886 E A       : 	at com.google.apps.tiktok.tracing.fe.a(PG:13)
05-30 15:02:23.326  1562  1886 E A       : 	at com.google.common.util.concurrent.ba.a(PG:3)
05-30 15:02:23.326  1562  1886 E A       : 	at com.google.common.util.concurrent.cu.run(PG:21)
05-30 15:02:23.326  1562  1886 E A       : 	at com.google.android.libraries.k.x.run(PG:3)
05-30 15:02:23.326  1562  1886 E A       : 	at com.google.common.n.c.c.run(PG:50)
05-30 15:02:23.326  1562  1886 E A       : 	at com.google.android.libraries.k.e.run(PG:8)
05-30 15:02:23.326  1562  1886 E A       : 	at java.lang.Thread.run(Thread.java:1012)
05-30 15:02:23.326  1562  1886 E A       : 	at com.google.android.libraries.k.d.b.run(PG:74)
05-30 15:02:23.457  3448  3448 E gs.intelligence: Not starting debugger since process cannot load the jdwp agent.
05-30 15:02:23.609   566  1060 E RoleControllerServiceImpl: Default/fallback role holder package doesn't qualify for the role, package: com.google.android.gms.supervision, role: android.app.role.SYSTEM_SUPERVISION
05-30 15:02:23.631   566  1060 E RoleControllerServiceImpl: Default/fallback role holder package doesn't qualify for the role, package: com.google.android.gms, role: android.app.role.WALLET
05-30 15:02:23.634   566  1060 E RoleControllerServiceImpl: Default/fallback role holder package doesn't qualify for the role, package: com.google.android.devicelockcontroller, role: android.app.role.SYSTEM_FINANCED_DEVICE_CONTROLLER
05-30 15:02:24.316  1562  1562 E A       : onError
05-30 15:02:24.316  1562  1562 E A       : com.google.android.apps.gsa.shared.speech.b.l: errorCode: 65561, engine: 2
05-30 15:02:24.316  1562  1562 E A       : 	at com.google.android.apps.gsa.staticplugins.bp.a.f.a(PG:23)
05-30 15:02:24.316  1562  1562 E A       : 	at com.google.android.apps.gsa.s3.o.hi(PG:13)
05-30 15:02:24.316  1562  1562 E A       : 	at com.google.ci.g.a.f.e(PG:9)
05-30 15:02:24.316  1562  1562 E A       : 	at com.google.android.apps.gsa.speech.k.a.g.d(PG:162)
05-30 15:02:24.316  1562  1562 E A       : 	at com.google.android.apps.gsa.speech.k.a.g.iO(PG:26)
05-30 15:02:24.316  1562  1562 E A       : 	at com.google.android.apps.gsa.s3.p.c(PG:102)
05-30 15:02:24.316  1562  1562 E A       : 	at com.google.android.apps.gsa.s3.q.run(PG:1)
05-30 15:02:24.316  1562  1562 E A       : 	at java.util.concurrent.Executors$RunnableAdapter.call(Executors.java:487)
05-30 15:02:24.316  1562  1562 E A       : 	at java.util.concurrent.FutureTask.run(FutureTask.java:264)
05-30 15:02:24.316  1562  1562 E A       : 	at com.google.android.apps.gsa.shared.util.c.a.e.run(PG:12)
05-30 15:02:24.316  1562  1562 E A       : 	at com.google.android.apps.gsa.shared.util.c.a.bg.run(PG:3)
05-30 15:02:24.316  1562  1562 E A       : 	at com.google.android.apps.gsa.shared.util.c.a.bg.run(PG:3)
