05-30 15:02:00.006   566  1060 E RoleControllerServiceImpl: Default/fallback role holder package doesn't qualify for the role, package: com.google.android.gms, role: android.app.role.WALLET
05-30 15:02:00.317  1076  1076 E SmsApplication: com.google.android.apps.messaging lost android:read_cell_broadcasts:  (fixing)
05-30 15:02:00.621   566  1060 E RoleControllerServiceImpl: Default/fallback role holder package doesn't qualify for the role, package: com.google.android.gms.supervision, role: android.app.role.SYSTEM_SUPERVISION
05-30 15:02:00.676  1076  1076 E CellBroadcastUtils: getDefaultCellBroadcastReceiverPackageName: no package found
05-30 15:02:00.819   566  2388 E GnssPsdsDownloader: No Long-Term PSDS servers were specified in the GnssConfiguration
05-30 15:02:00.708     0     0 E audit   : rate limit exceeded
05-30 15:02:00.888   922   922 E KeyguardClockSwitch: No clock being shown
05-30 15:02:00.948   566  1060 E RoleControllerServiceImpl: Default/fallback role holder package doesn't qualify for the role, package: com.google.android.gms, role: android.app.role.WALLET
05-30 15:02:01.058  1076  1076 E SmsApplication: com.google.android.apps.messaging lost android:read_cell_broadcasts:  (fixing)
05-30 15:02:01.085  1076  1076 E CellBroadcastUtils: getDefaultCellBroadcastReceiverPackageName: no package found
05-30 15:02:01.148   566   846 E AppOps  : attributionTag VCN not declared in manifest of android
05-30 15:02:01.254   509   509 E RIL     : Error 0 transmitting APDU: 0
05-30 15:02:01.341  1012  1072 E SystemServiceRegistry: No service published for: ethernet
05-30 15:02:01.341  1012  1072 E SystemServiceRegistry: android.os.ServiceManager$ServiceNotFoundException: No service published for: ethernet
05-30 15:02:01.341  1012  1072 E SystemServiceRegistry: 	at android.os.ServiceManager.getServiceOrThrow(ServiceManager.java:203)
05-30 15:02:01.341  1012  1072 E SystemServiceRegistry: 	at android.app.SystemServiceRegistry$145.createService(SystemServiceRegistry.java:2120)
05-30 15:02:01.341  1012  1072 E SystemServiceRegistry: 	at android.app.SystemServiceRegistry$CachedServiceFetcher.getService(SystemServiceRegistry.java:2231)
05-30 15:02:01.341  1012  1072 E SystemServiceRegistry: 	at android.app.SystemServiceRegistry.getSystemService(SystemServiceRegistry.java:1812)
05-30 15:02:01.341  1012  1072 E SystemServiceRegistry: 	at android.app.ContextImpl.getSystemService(ContextImpl.java:2241)
05-30 15:02:01.341  1012  1072 E SystemServiceRegistry: 	at android.content.ContextWrapper.getSystemService(ContextWrapper.java:936)
05-30 15:02:01.341  1012  1072 E SystemServiceRegistry: 	at com.android.networkstack.tethering.Tethering.isEthernetSupported(Tethering.java:1579)
05-30 15:02:01.341  1012  1072 E SystemServiceRegistry: 	at com.android.networkstack.tethering.Tethering.makeSupportedDownstreams(Tethering.java:2562)
05-30 15:02:01.341  1012  1072 E SystemServiceRegistry: 	at com.android.networkstack.tethering.Tethering.updateSupportedDownstreams(Tethering.java:2536)
05-30 15:02:01.341  1012  1072 E SystemServiceRegistry: 	at com.android.networkstack.tethering.Tethering.updateConfiguration(Tethering.java:549)
05-30 15:02:01.341  1012  1072 E SystemServiceRegistry: 	at com.android.networkstack.tethering.Tethering.lambda$new$4(Tethering.java:347)
05-30 15:02:01.341  1012  1072 E SystemServiceRegistry: 	at com.android.networkstack.tethering.Tethering.$r8$lambda$4V1rGOzF7AkW0XBFoABAQmt9cHM(Tethering.java:0)
05-30 15:02:01.341  1012  1072 E SystemServiceRegistry: 	at com.android.networkstack.tethering.Tethering$$ExternalSyntheticLambda12.accept(R8$$SyntheticClass:0)
05-30 15:02:01.341  1012  1072 E SystemServiceRegistry: 	at com.android.networkstack.tethering.util.VersionedBroadcastListener$Receiver.onReceive(VersionedBroadcastListener.java:103)
05-30 15:02:01.341  1012  1072 E SystemServiceRegistry: 	at android.app.LoadedApk$ReceiverDispatcher$Args.lambda$getRunnable$0(LoadedApk.java:1814)
05-30 15:02:01.341  1012  1072 E SystemServiceRegistry: 	at android.app.LoadedApk$ReceiverDispatcher$Args.$r8$lambda$mcNAAl1SQ4MyJPyDg8TJ2x2h0Rk(Unknown Source:0)
05-30 15:02:01.341  1012  1072 E SystemServiceRegistry: 	at android.app.LoadedApk$ReceiverDispatcher$Args$$ExternalSyntheticLambda0.run(D8$$SyntheticClass:0)
05-30 15:02:01.341  1012  1072 E SystemServiceRegistry: 	at android.os.Handler.handleCallback(Handler.java:959)
05-30 15:02:01.341  1012  1072 E SystemServiceRegistry: 	at android.os.Handler.dispatchMessage(Handler.java:100)
05-30 15:02:01.341  1012  1072 E SystemServiceRegistry: 	at android.os.Looper.loopOnce(Looper.java:232)
05-30 15:02:01.341  1012  1072 E SystemServiceRegistry: 	at android.os.Looper.loop(Looper.java:317)
05-30 15:02:01.341  1012  1072 E SystemServiceRegistry: 	at android.os.HandlerThread.run(HandlerThread.java:85)
05-30 15:02:01.408  1076  1076 E SmsApplication: com.google.android.apps.messaging lost android:read_cell_broadcasts:  (fixing)
05-30 15:02:01.432   566   886 E system_server: No package ID 7f found for resource ID 0x7f080bdc.
05-30 15:02:01.433   566  1052 E SystemServiceRegistry: No service published for: persistent_data_block
05-30 15:02:01.433   566  1052 E SystemServiceRegistry: android.os.ServiceManager$ServiceNotFoundException: No service published for: persistent_data_block
05-30 15:02:01.433   566  1052 E SystemServiceRegistry: 	at android.os.ServiceManager.getServiceOrThrow(ServiceManager.java:203)
05-30 15:02:01.433   566  1052 E SystemServiceRegistry: 	at android.app.SystemServiceRegistry$81.createService(SystemServiceRegistry.java:1071)
05-30 15:02:01.433   566  1052 E SystemServiceRegistry: 	at android.app.SystemServiceRegistry$81.createService(SystemServiceRegistry.java:1068)
05-30 15:02:01.433   566  1052 E SystemServiceRegistry: 	at android.app.SystemServiceRegistry$StaticServiceFetcher.getService(SystemServiceRegistry.java:2293)
05-30 15:02:01.433   566  1052 E SystemServiceRegistry: 	at android.app.SystemServiceRegistry.getSystemService(SystemServiceRegistry.java:1812)
05-30 15:02:01.433   566  1052 E SystemServiceRegistry: 	at android.app.ContextImpl.getSystemService(ContextImpl.java:2241)
05-30 15:02:01.433   566  1052 E SystemServiceRegistry: 	at android.content.Context.getSystemService(Context.java:4503)
05-30 15:02:01.433   566  1052 E SystemServiceRegistry: 	at com.android.server.pm.PackageInstallerSession.markAsSealed(PackageInstallerSession.java:2394)
05-30 15:02:01.433   566  1052 E SystemServiceRegistry: 	at com.android.server.pm.PackageInstallerSession.commit(PackageInstallerSession.java:2143)
05-30 15:02:01.433   566  1052 E SystemServiceRegistry: 	at android.content.pm.PackageInstaller$Session.commit(PackageInstaller.java:1977)
05-30 15:02:01.433   566  1052 E SystemServiceRegistry: 	at com.android.server.pm.PackageManagerShellCommand.doCommitSession(PackageManagerShellCommand.java:4298)
05-30 15:02:01.433   566  1052 E SystemServiceRegistry: 	at com.android.server.pm.PackageManagerShellCommand.doRunInstall(PackageManagerShellCommand.java:1634)
05-30 15:02:01.433   566  1052 E SystemServiceRegistry: 	at com.android.server.pm.PackageManagerShellCommand.runInstall(PackageManagerShellCommand.java:1561)
05-30 15:02:01.433   566  1052 E SystemServiceRegistry: 	at com.android.server.pm.PackageManagerShellCommand.onCommand(PackageManagerShellCommand.java:245)
05-30 15:02:01.433   566  1052 E SystemServiceRegistry: 	at com.android.modules.utils.BasicShellCommandHandler.exec(BasicShellCommandHandler.java:97)
05-30 15:02:01.433   566  1052 E SystemServiceRegistry: 	at android.os.ShellCommand.exec(ShellCommand.java:38)
05-30 15:02:01.433   566  1052 E SystemServiceRegistry: 	at com.android.server.pm.PackageManagerService$IPackageManagerImpl.onShellCommand(PackageManagerService.java:6561)
05-30 15:02:01.433   566  1052 E SystemServiceRegistry: 	at android.os.Binder.shellCommand(Binder.java:1230)
05-30 15:02:01.433   566  1052 E SystemServiceRegistry: 	at android.os.Binder.onTransact(Binder.java:1043)
05-30 15:02:01.433   566  1052 E SystemServiceRegistry: 	at android.content.pm.IPackageManager$Stub.onTransact(IPackageManager.java:4620)
05-30 15:02:01.433   566  1052 E SystemServiceRegistry: 	at com.android.server.pm.PackageManagerService$IPackageManagerImpl.onTransact(PackageManagerService.java:6545)
05-30 15:02:01.433   566  1052 E SystemServiceRegistry: 	at android.os.Binder.execTransactInternal(Binder.java:1505)
05-30 15:02:01.433   566  1052 E SystemServiceRegistry: 	at android.os.Binder.execTransact(Binder.java:1444)
05-30 15:02:01.457   566  1052 E SystemServiceRegistry: Manager wrapper not available: persistent_data_block
05-30 15:02:01.459  2422  2422 E viceentitlement: Not starting debugger since process cannot load the jdwp agent.
05-30 15:02:01.462  1562  1886 E A       : Failed to retrieve search primary account name.
05-30 15:02:01.462  1562  1886 E A       : java.lang.InterruptedException
05-30 15:02:01.462  1562  1886 E A       : 	at kotlinx.coroutines.l.a(PG:134)
05-30 15:02:01.462  1562  1886 E A       : 	at com.google.android.libraries.search.a.s.b(PG:9)
05-30 15:02:01.462  1562  1886 E A       : 	at com.google.android.apps.gsa.search.core.google.gaia.bh.B(PG:9)
05-30 15:02:01.462  1562  1886 E A       : 	at com.google.android.apps.gsa.search.core.google.gaia.bh.k(PG:2)
05-30 15:02:01.462  1562  1886 E A       : 	at com.google.android.apps.gsa.staticplugins.opa.v.y.o(PG:20)
05-30 15:02:01.462  1562  1886 E A       : 	at com.google.android.apps.gsa.staticplugins.opa.v.y.s(PG:73)
05-30 15:02:01.462  1562  1886 E A       : 	at com.google.android.apps.gsa.staticplugins.opa.v.y.g(PG:15)
05-30 15:02:01.462  1562  1886 E A       : 	at com.google.android.apps.gsa.staticplugins.opa.ag.ab.b(PG:5)
05-30 15:02:01.462  1562  1886 E A       : 	at com.google.android.apps.gsa.startup.b.call(PG:75)
05-30 15:02:01.462  1562  1886 E A       : 	at com.google.common.util.concurrent.dt.a(PG:3)
05-30 15:02:01.462  1562  1886 E A       : 	at com.google.common.util.concurrent.cu.run(PG:21)
05-30 15:02:01.462  1562  1886 E A       : 	at com.google.common.util.concurrent.du.run(PG:5)
05-30 15:02:01.462  1562  1886 E A       : 	at com.google.common.n.c.c.run(PG:50)
05-30 15:02:01.462  1562  1886 E A       : 	at com.google.android.libraries.k.e.run(PG:8)
05-30 15:02:01.462  1562  1886 E A       : 	at java.lang.Thread.run(Thread.java:1012)
05-30 15:02:01.462  1562  1886 E A       : 	at com.google.android.libraries.k.d.b.run(PG:74)
05-30 15:02:01.479   566   886 E system_server: No package ID 7f found for resource ID 0x7f152158.
05-30 15:02:01.479   566   886 E system_server: No package ID 7f found for resource ID 0x7f080bed.
05-30 15:02:01.479   566   886 E system_server: No package ID 7f found for resource ID 0x7f152159.
05-30 15:02:01.519  2434  2434 E gle.android.tts: Not starting debugger since process cannot load the jdwp agent.
05-30 15:02:01.525  1076  1076 E CellBroadcastUtils: getDefaultCellBroadcastReceiverPackageName: no package found
05-30 15:02:01.576   566  1060 E RoleControllerServiceImpl: Default/fallback role holder package doesn't qualify for the role, package: com.google.android.gms.supervision, role: android.app.role.SYSTEM_SUPERVISION
05-30 15:02:01.704   566  1060 E RoleControllerServiceImpl: Default/fallback role holder package doesn't qualify for the role, package: com.google.android.gms, role: android.app.role.WALLET
05-30 15:02:01.889  1076  1076 E SmsApplication: com.google.android.apps.messaging lost android:read_cell_broadcasts:  (fixing)
05-30 15:02:02.037  1076  1076 E CellBroadcastUtils: getDefaultCellBroadcastReceiverPackageName: no package found
05-30 15:02:02.079   566  1678 E AutofillManagerServiceImpl: Bad service name: com.google.android.gms/.autofill.service.AutofillService
05-30 15:02:02.309   566  1060 E RoleControllerServiceImpl: Default/fallback role holder package doesn't qualify for the role, package: com.google.android.gms.supervision, role: android.app.role.SYSTEM_SUPERVISION
05-30 15:02:02.539   566   831 E WifiCarrierInfoManager: Carrier config is missing for: 1
05-30 15:02:02.607  1076  1076 E SmsApplication: com.google.android.apps.messaging lost android:read_cell_broadcasts:  (fixing)
05-30 15:02:02.615  1562  2102 E MicroModelsUtil: (REDACTED) Hotword file group is null with group name: %s, locale: %s
05-30 15:02:02.635  1076  1076 E CellBroadcastUtils: getDefaultCellBroadcastReceiverPackageName: no package found
05-30 15:02:02.743  1562  1885 V DynamiteModule: Dynamite loader version >= 2, using loadModule2NoCrashUtils
05-30 15:02:02.820  1076  1076 E SmsApplication: com.google.android.apps.messaging lost android:read_cell_broadcasts:  (fixing)
05-30 15:02:02.916  1076  1076 E CellBroadcastUtils: getDefaultCellBroadcastReceiverPackageName: no package found
05-30 15:02:02.979   566  1060 E RoleControllerServiceImpl: Default/fallback role holder package doesn't qualify for the role, package: com.google.android.gms, role: android.app.role.WALLET
05-30 15:02:03.057   182   961 I keystore2: system/security/keystore2/watchdog/src/lib.rs:319 - Watchdog thread idle -> terminating. Have a great day.
05-30 15:02:03.067  1076  1076 E SmsApplication: com.google.android.apps.messaging lost android:read_cell_broadcasts:  (fixing)
05-30 15:02:03.074  1076  1076 E CellBroadcastUtils: getDefaultCellBroadcastReceiverPackageName: no package found
05-30 15:02:03.202  1076  1076 E SmsApplication: com.google.android.apps.messaging lost android:read_cell_broadcasts:  (fixing)
05-30 15:02:03.223  1482  2097 E HDM.HotwordInfoProvider: (REDACTED) Hotword model location is null, isAlwaysOnEnabled : %b, isFromAnyScreenEnabled : %b
05-30 15:02:03.381  1076  1076 E CellBroadcastUtils: getDefaultCellBroadcastReceiverPackageName: no package found
05-30 15:02:03.465  1522  1551 E CellBroadcastConfigService: fails to setCellBroadcastRanges, result = 2
05-30 15:02:03.665   566  1060 E RoleControllerServiceImpl: Default/fallback role holder package doesn't qualify for the role, package: com.google.android.gms.supervision, role: android.app.role.SYSTEM_SUPERVISION
05-30 15:02:03.680  1076  1076 E SmsApplication: com.google.android.apps.messaging lost android:read_cell_broadcasts:  (fixing)
05-30 15:02:03.751   566  1060 E RoleControllerServiceImpl: Default/fallback role holder package doesn't qualify for the role, package: com.google.android.gms, role: android.app.role.WALLET
05-30 15:02:03.782  1076  1076 E CellBroadcastUtils: getDefaultCellBroadcastReceiverPackageName: no package found
05-30 15:02:03.831  1562  1883 E MicroModelsUtil: (REDACTED) Hotword file group is null with group name: %s, locale: %s
05-30 15:02:03.833  1378  1741 E PhenotypeRegOp: Attempting to overwrite config package for com.google.android.finder_shared#com.google.android.gms [CONTEXT service_id=231 ]
05-30 15:02:03.839  1378  1741 E PhenotypeRegOp: Attempting to overwrite config package for com.google.android.gms.games [CONTEXT service_id=231 ]
05-30 15:02:03.850  2575  2575 E .android.chrome: Not starting debugger since process cannot load the jdwp agent.
05-30 15:02:03.856  1378  1741 E PhenotypeRegOp: Attempting to overwrite config package for com.google.android.gms.maps#com.google.android.gms [CONTEXT service_id=231 ]
05-30 15:02:03.900  1378  1741 E PhenotypeRegOp: Attempting to overwrite config package for com.google.android.gms.mobile_data_plan [CONTEXT service_id=231 ]
05-30 15:02:03.941  1378  1741 E PhenotypeRegOp: Attempting to overwrite config package for com.google.android.libraries.spot#com.google.android.gms [CONTEXT service_id=231 ]
05-30 15:02:03.942  1378  1741 E PhenotypeRegOp: Attempting to overwrite config package for com.google.android.gms.udc [CONTEXT service_id=231 ]
05-30 15:02:04.000  1076  1076 E SmsApplication: com.google.android.apps.messaging lost android:read_cell_broadcasts:  (fixing)
05-30 15:02:04.024  1562  1881 E MicroModelsUtil: (REDACTED) Hotword file group is null with group name: %s, locale: %s
05-30 15:02:04.025  1562  1886 E A       : mobstoreUri is null!
05-30 15:02:04.207  1076  1076 E CellBroadcastUtils: getDefaultCellBroadcastReceiverPackageName: no package found
05-30 15:02:04.299  1562  1562 E A       : onError
05-30 15:02:04.299  1562  1562 E A       : com.google.android.apps.gsa.shared.speech.b.l: errorCode: 65561, engine: 2
05-30 15:02:04.299  1562  1562 E A       : 	at com.google.android.apps.gsa.staticplugins.bp.a.f.a(PG:23)
05-30 15:02:04.299  1562  1562 E A       : 	at com.google.android.apps.gsa.s3.o.hi(PG:13)
05-30 15:02:04.299  1562  1562 E A       : 	at com.google.ci.g.a.f.e(PG:9)
05-30 15:02:04.299  1562  1562 E A       : 	at com.google.android.apps.gsa.speech.k.a.g.d(PG:162)
05-30 15:02:04.299  1562  1562 E A       : 	at com.google.android.apps.gsa.speech.k.a.g.iO(PG:26)
05-30 15:02:04.299  1562  1562 E A       : 	at com.google.android.apps.gsa.s3.p.c(PG:102)
05-30 15:02:04.299  1562  1562 E A       : 	at com.google.android.apps.gsa.s3.q.run(PG:1)
05-30 15:02:04.299  1562  1562 E A       : 	at java.util.concurrent.Executors$RunnableAdapter.call(Executors.java:487)
05-30 15:02:04.299  1562  1562 E A       : 	at java.util.concurrent.FutureTask.run(FutureTask.java:264)
05-30 15:02:04.299  1562  1562 E A       : 	at com.google.android.apps.gsa.shared.util.c.a.e.run(PG:12)
05-30 15:02:04.299  1562  1562 E A       : 	at com.google.android.apps.gsa.shared.util.c.a.bg.run(PG:3)
05-30 15:02:04.299  1562  1562 E A       : 	at com.google.android.apps.gsa.shared.util.c.a.bg.run(PG:3)
05-30 15:02:04.299  1562  1562 E A       : 	at java.util.concurrent.ThreadPoolExecutor.runWorker(ThreadPoolExecutor.java:1145)
05-30 15:02:04.299  1562  1562 E A       : 	at java.util.concurrent.ThreadPoolExecutor$Worker.run(ThreadPoolExecutor.java:644)
05-30 15:02:04.299  1562  1562 E A       : 	at java.lang.Thread.run(Thread.java:1012)
05-30 15:02:04.299  1562  1562 E A       : 	at com.google.android.apps.gsa.shared.util.c.a.l.run(PG:42)
05-30 15:02:04.299  1562  1562 E A       : Caused by: com.google.android.apps.gsa.shared.speech.b.n: errorCode: 65586, engine: 2
05-30 15:02:04.299  1562  1562 E A       : 	at com.google.android.apps.gsa.s3.o.hi(PG:6)
05-30 15:02:04.299  1562  1562 E A       : 	... 14 more
05-30 15:02:04.299  1562  1562 E A       : Caused by: com.google.android.apps.gsa.shared.speech.b.j: errorCode: 401, engine: 2
05-30 15:02:04.299  1562  1562 E A       : 	at com.google.android.apps.gsa.assistant.shared.n.i.b(PG:30)
05-30 15:02:04.299  1562  1562 E A       : 	at com.google.android.apps.gsa.s3.producers.j.hs(PG:11)
05-30 15:02:04.299  1562  1562 E A       : 	at com.google.android.apps.gsa.speech.k.a.g.d(PG:135)
05-30 15:02:04.299  1562  1562 E A       : 	... 12 more
05-30 15:02:04.344  1173  2184 E OneSearchSuggestProvider: Unable to get suggestions from AGA
05-30 15:02:04.344  1173  2184 E OneSearchSuggestProvider: io.grpc.StatusRuntimeException: CANCELLED
05-30 15:02:04.344  1173  2184 E OneSearchSuggestProvider: 	at k3.e.a(go/retraceme 31f9979659277bb965985aff1272c33e3c3c9e755b77166d20a2465454178f2c:77)
05-30 15:02:04.344  1173  2184 E OneSearchSuggestProvider: 	at i3.l.b(go/retraceme 31f9979659277bb965985aff1272c33e3c3c9e755b77166d20a2465454178f2c:43)
05-30 15:02:04.344  1173  2184 E OneSearchSuggestProvider: 	at i3.l.a(go/retraceme 31f9979659277bb965985aff1272c33e3c3c9e755b77166d20a2465454178f2c:27)
05-30 15:02:04.344  1173  2184 E OneSearchSuggestProvider: 	at i3.z.run(go/retraceme 31f9979659277bb965985aff1272c33e3c3c9e755b77166d20a2465454178f2c:7)
05-30 15:02:04.344  1173  2184 E OneSearchSuggestProvider: 	at i3.m2.run(go/retraceme 31f9979659277bb965985aff1272c33e3c3c9e755b77166d20a2465454178f2c:19)
05-30 15:02:04.344  1173  2184 E OneSearchSuggestProvider: 	at java.util.concurrent.ThreadPoolExecutor.runWorker(ThreadPoolExecutor.java:1145)
05-30 15:02:04.344  1173  2184 E OneSearchSuggestProvider: 	at java.util.concurrent.ThreadPoolExecutor$Worker.run(ThreadPoolExecutor.java:644)
05-30 15:02:04.344  1173  2184 E OneSearchSuggestProvider: 	at java.lang.Thread.run(Thread.java:1012)
05-30 15:02:04.387  1076  1076 E SmsApplication: com.google.android.apps.messaging lost android:read_cell_broadcasts:  (fixing)
05-30 15:02:04.401  1076  1076 E CellBroadcastUtils: getDefaultCellBroadcastReceiverPackageName: no package found
05-30 15:02:04.586  1076  1076 E SmsApplication: com.google.android.apps.messaging lost android:read_cell_broadcasts:  (fixing)
05-30 15:02:04.628  1076  1076 E CellBroadcastUtils: getDefaultCellBroadcastReceiverPackageName: no package found
05-30 15:02:04.748  1378  2598 E Authzen : [AuthZenEventHandler] unknown action: com.google.android.chimera.IntentOperation.NEW_MODULE
05-30 15:02:04.794  1562  1878 I A       : (REDACTED) #watchdogConfig, scheduledOffset %s
05-30 15:02:05.265  2144  2241 E FirebaseMessaging: Topic sync or token retrieval failed on hard failure exceptions: java.util.concurrent.ExecutionException: java.io.IOException: AUTHENTICATION_FAILED. Won't retry the operation.
05-30 15:02:05.498  1208  2382 E WakeLock: GCM_HB_ALARM release without a matched acquire!
05-30 15:02:05.597  1378  2010 E constellation: [event_manager] Couldn't get GCM token
05-30 15:02:05.597  1378  2010 E constellation: java.io.IOException: AUTHENTICATION_FAILED
05-30 15:02:05.597  1378  2010 E constellation: 	at bhis.f(:com.google.android.gms@242335041@24.23.35 (190800-646585959):31)
05-30 15:02:05.597  1378  2010 E constellation: 	at bhib.e(:com.google.android.gms@242335041@24.23.35 (190800-646585959):68)
05-30 15:02:05.597  1378  2010 E constellation: 	at bhib.d(:com.google.android.gms@242335041@24.23.35 (190800-646585959):77)
05-30 15:02:05.597  1378  2010 E constellation: 	at bhib.c(:com.google.android.gms@242335041@24.23.35 (190800-646585959):2)
05-30 15:02:05.597  1378  2010 E constellation: 	at com.google.android.gms.constellation.EventManager.a(:com.google.android.gms@242335041@24.23.35 (190800-646585959):15)
05-30 15:02:05.597  1378  2010 E constellation: 	at com.google.android.gms.constellation.EventManager.b(:com.google.android.gms@242335041@24.23.35 (190800-646585959):59)
05-30 15:02:05.597  1378  2010 E constellation: 	at com.google.android.gms.constellation.EventManager.onHandleIntent(:com.google.android.gms@242335041@24.23.35 (190800-646585959):233)
05-30 15:02:05.597  1378  2010 E constellation: 	at com.google.android.chimera.IntentOperation.onHandleIntent(:com.google.android.gms@242335041@24.23.35 (190800-646585959):2)
05-30 15:02:05.597  1378  2010 E constellation: 	at ajom.onHandleIntent(:com.google.android.gms@242335041@24.23.35 (190800-646585959):8)
05-30 15:02:05.597  1378  2010 E constellation: 	at pkf.run(:com.google.android.gms@242335041@24.23.35 (190800-646585959):70)
05-30 15:02:05.597  1378  2010 E constellation: 	at pke.run(:com.google.android.gms@242335041@24.23.35 (190800-646585959):152)
05-30 15:02:05.597  1378  2010 E constellation: 	at emsz.run(:com.google.android.gms@242335041@24.23.35 (190800-646585959):21)
05-30 15:02:05.597  1378  2010 E constellation: 	at java.util.concurrent.ThreadPoolExecutor.runWorker(ThreadPoolExecutor.java:1145)
05-30 15:02:05.597  1378  2010 E constellation: 	at java.util.concurrent.ThreadPoolExecutor$Worker.run(ThreadPoolExecutor.java:644)
05-30 15:02:05.597  1378  2010 E constellation: 	at java.lang.Thread.run(Thread.java:1012)
05-30 15:02:05.620  1562  1885 E MicroModelsUtil: (REDACTED) Hotword file group is null with group name: %s, locale: %s
05-30 15:02:05.620  1562  1885 E A       : mobstoreUri is null!
05-30 15:02:05.834  1378  2295 E constellation: [periodic_consent_checker] Couldn't sync with the server due to 
05-30 15:02:05.834  1378  2295 E constellation: aoew
05-30 15:02:05.834  1378  2295 E constellation: 	at com.google.android.gms.constellation.EventManager.onHandleIntent(:com.google.android.gms@242335041@24.23.35 (190800-646585959):310)
05-30 15:02:05.834  1378  2295 E constellation: 	at com.google.android.chimera.IntentOperation.onHandleIntent(:com.google.android.gms@242335041@24.23.35 (190800-646585959):2)
05-30 15:02:05.834  1378  2295 E constellation: 	at ajom.onHandleIntent(:com.google.android.gms@242335041@24.23.35 (190800-646585959):8)
05-30 15:02:05.834  1378  2295 E constellation: 	at pkf.run(:com.google.android.gms@242335041@24.23.35 (190800-646585959):70)
05-30 15:02:05.834  1378  2295 E constellation: 	at pke.run(:com.google.android.gms@242335041@24.23.35 (190800-646585959):152)
05-30 15:02:05.834  1378  2295 E constellation: 	at emsz.run(:com.google.android.gms@242335041@24.23.35 (190800-646585959):21)
05-30 15:02:05.834  1378  2295 E constellation: 	at java.util.concurrent.ThreadPoolExecutor.runWorker(ThreadPoolExecutor.java:1145)
05-30 15:02:05.834  1378  2295 E constellation: 	at java.util.concurrent.ThreadPoolExecutor$Worker.run(ThreadPoolExecutor.java:644)
05-30 15:02:05.834  1378  2295 E constellation: 	at java.lang.Thread.run(Thread.java:1012)
05-30 15:02:05.975  1076  1076 E SmsApplication: com.google.android.apps.messaging lost android:read_cell_broadcasts:  (fixing)
05-30 15:02:05.997  1076  1076 E CellBroadcastUtils: getDefaultCellBroadcastReceiverPackageName: no package found
05-30 15:02:06.037  2631  2631 E gs.intelligence: Not starting debugger since process cannot load the jdwp agent.
05-30 15:02:06.444  1078  1078 E FrameTracker: force finish cuj, time out: J<IME_INSETS_HIDE_ANIMATION::1@0@com.android.settings>
05-30 15:02:06.636  2279  2365 E .apps.wallpaper: Invalid resource ID 0x00000000.
05-30 15:02:06.681  2279  2365 E LiveWallpaperInfo: Found a null resolve info
05-30 15:02:06.681  2279  2365 E LiveWallpaperInfo: Found a null resolve info
05-30 15:02:06.681  2279  2365 E LiveWallpaperInfo: Found a null resolve info
05-30 15:02:06.681  2279  2365 E LiveWallpaperInfo: Found a null resolve info
05-30 15:02:06.681  2279  2365 E LiveWallpaperInfo: Found a null resolve info
05-30 15:02:06.681  2279  2365 E LiveWallpaperInfo: Found a null resolve info
05-30 15:02:06.681  2279  2365 E LiveWallpaperInfo: Found a null resolve info
05-30 15:02:06.681  2279  2365 E LiveWallpaperInfo: Found a null resolve info
05-30 15:02:06.681  2279  2365 E LiveWallpaperInfo: Found a null resolve info
05-30 15:02:06.681  2279  2365 E LiveWallpaperInfo: Found a null resolve info
05-30 15:02:06.681  2279  2365 E LiveWallpaperInfo: Found a null resolve info
05-30 15:02:06.681  2279  2365 E LiveWallpaperInfo: Found a null resolve info
05-30 15:02:06.717  1208  2381 E etxo    : RuntimeException while executing runnable etyd{aasn@c231cd0} with executor MoreExecutors.directExecutor()
05-30 15:02:06.717  1208  2381 E etxo    : java.lang.NullPointerException: Attempt to get length of null array
05-30 15:02:06.717  1208  2381 E etxo    : 	at android.util.Base64.encode(Base64.java:497)
05-30 15:02:06.717  1208  2381 E etxo    : 	at android.util.Base64.encodeToString(Base64.java:459)
05-30 15:02:06.717  1208  2381 E etxo    : 	at com.google.android.gms.auth.proximity.RemoteDevice.a(:com.google.android.gms@242335041@24.23.35 (190800-646585959):3)
05-30 15:02:06.717  1208  2381 E etxo    : 	at aasn.b(:com.google.android.gms@242335041@24.23.35 (190800-646585959):3)
05-30 15:02:06.717  1208  2381 E etxo    : 	at etyd.run(:com.google.android.gms@242335041@24.23.35 (190800-646585959):30)
05-30 15:02:06.717  1208  2381 E etxo    : 	at etxk.execute(:com.google.android.gms@242335041@24.23.35 (190800-646585959):1)
05-30 15:02:06.717  1208  2381 E etxo    : 	at etxo.c(:com.google.android.gms@242335041@24.23.35 (190800-646585959):1)
05-30 15:02:06.717  1208  2381 E etxo    : 	at etxo.b(:com.google.android.gms@242335041@24.23.35 (190800-646585959):32)
05-30 15:02:06.717  1208  2381 E etxo    : 	at angx.done(:com.google.android.gms@242335041@24.23.35 (190800-646585959):6)
05-30 15:02:06.717  1208  2381 E etxo    : 	at java.util.concurrent.FutureTask.finishCompletion(FutureTask.java:381)
05-30 15:02:06.717  1208  2381 E etxo    : 	at java.util.concurrent.FutureTask.set(FutureTask.java:232)
05-30 15:02:06.717  1208  2381 E etxo    : 	at java.util.concurrent.FutureTask.run(FutureTask.java:272)
05-30 15:02:06.717  1208  2381 E etxo    : 	at angs.c(:com.google.android.gms@242335041@24.23.35 (190800-646585959):50)
05-30 15:02:06.717  1208  2381 E etxo    : 	at angs.run(:com.google.android.gms@242335041@24.23.35 (190800-646585959):76)
05-30 15:02:06.717  1208  2381 E etxo    : 	at java.util.concurrent.ThreadPoolExecutor.runWorker(ThreadPoolExecutor.java:1145)
05-30 15:02:06.717  1208  2381 E etxo    : 	at java.util.concurrent.ThreadPoolExecutor$Worker.run(ThreadPoolExecutor.java:644)
05-30 15:02:06.717  1208  2381 E etxo    : 	at anmg.run(:com.google.android.gms@242335041@24.23.35 (190800-646585959):8)
05-30 15:02:06.717  1208  2381 E etxo    : 	at java.lang.Thread.run(Thread.java:1012)
05-30 15:02:06.864  2279  2365 E ActivityThread: Failed to find provider info for com.google.pixel.livewallpaper.provider
05-30 15:02:06.864  2279  2365 E .apps.wallpaper: Invalid resource ID 0x00000000.
05-30 15:02:06.901  2279  2365 E LiveWallpaperInfo: Found a null resolve info
05-30 15:02:06.901  2279  2365 E LiveWallpaperInfo: Found a null resolve info
05-30 15:02:06.901  2279  2365 E LiveWallpaperInfo: Found a null resolve info
05-30 15:02:06.901  2279  2365 E LiveWallpaperInfo: Found a null resolve info
05-30 15:02:06.901  2279  2365 E LiveWallpaperInfo: Found a null resolve info
05-30 15:02:06.901  2279  2365 E LiveWallpaperInfo: Found a null resolve info
05-30 15:02:06.901  2279  2365 E LiveWallpaperInfo: Found a null resolve info
05-30 15:02:06.901  2279  2365 E LiveWallpaperInfo: Found a null resolve info
05-30 15:02:06.901  2279  2365 E LiveWallpaperInfo: Found a null resolve info
05-30 15:02:06.901  2279  2365 E LiveWallpaperInfo: Found a null resolve info
05-30 15:02:06.901  2279  2365 E LiveWallpaperInfo: Found a null resolve info
05-30 15:02:06.901  2279  2365 E LiveWallpaperInfo: Found a null resolve info
05-30 15:02:06.901  2279  2365 E LiveWallpaperInfo: Found a null resolve info
05-30 15:02:06.901  2279  2365 E LiveWallpaperInfo: Found a null resolve info
05-30 15:02:06.901  2279  2365 E LiveWallpaperInfo: Found a null resolve info
05-30 15:02:06.901  2279  2365 E ActivityThread: Failed to find provider info for com.google.pixel.livewallpaper.provider
05-30 15:02:07.097  1378  2450 E native  : E0000 00:00:1780153327.097464    2450 score-accumulator.cc:253] No scoring data for corpus [0]
05-30 15:02:08.269   566   846 E AppOps  : attributionTag VCN not declared in manifest of android
05-30 15:02:08.340   566   594 E StatsPullAtomService: subInfo of subId 1 is invalid, ignored.
05-30 15:02:08.413  1076  1076 E TelephonyProvider: internal sim-specific settings backup data file does not exist. Aborting restore
05-30 15:02:08.572  2434  2542 E tflite  : third_party/tensorflow/lite/core/subgraph.cc:1059 tensor.data.raw != nullptr was not true.
05-30 15:02:09.083   566   846 E AppOps  : attributionTag VCN not declared in manifest of android
05-30 15:02:09.109   566   846 E AppOps  : attributionTag VCN not declared in manifest of android
05-30 15:02:09.140   566   846 E AppOps  : attributionTag VCN not declared in manifest of android
05-30 15:02:09.149   566   846 E AppOps  : attributionTag VCN not declared in manifest of android
05-30 15:02:09.160   566   846 E AppOps  : attributionTag VCN not declared in manifest of android
05-30 15:02:09.186  2703  2703 E oid.documentsui: Not starting debugger since process cannot load the jdwp agent.
05-30 15:02:09.214  1562  1886 E A       : (REDACTED) Failed to recover geofences for LBT Routines using Geller data
05-30 15:02:09.214  1562  1886 E A       : com.google.android.libraries.geller.portable.GellerException: Code: INVALID_ARGUMENT, Message: Account name is null.
05-30 15:02:09.214  1562  1886 E A       : 	at com.google.android.libraries.search.l.t.a(PG:25)
05-30 15:02:09.214  1562  1886 E A       : 	at com.google.apps.tiktok.tracing.fe.a(PG:13)
05-30 15:02:09.214  1562  1886 E A       : 	at com.google.common.util.concurrent.ba.a(PG:3)
05-30 15:02:09.214  1562  1886 E A       : 	at com.google.common.util.concurrent.cu.run(PG:21)
05-30 15:02:09.214  1562  1886 E A       : 	at com.google.android.libraries.k.x.run(PG:3)
05-30 15:02:09.214  1562  1886 E A       : 	at com.google.common.n.c.c.run(PG:50)
05-30 15:02:09.214  1562  1886 E A       : 	at com.google.android.libraries.k.e.run(PG:8)
05-30 15:02:09.214  1562  1886 E A       : 	at java.lang.Thread.run(Thread.java:1012)
05-30 15:02:09.214  1562  1886 E A       : 	at com.google.android.libraries.k.d.b.run(PG:74)
05-30 15:02:09.597   566   846 E AppOps  : attributionTag VCN not declared in manifest of android
05-30 15:02:10.460  2736  2736 E android.rkpdapp: Not starting debugger since process cannot load the jdwp agent.
05-30 15:02:10.491   182  2615 W keystore2: system/security/keystore2/watchdog/src/lib.rs:114 - ### Keystore Watchdog report - BEGIN ###
05-30 15:02:10.491   182  2615 W keystore2: system/security/keystore2/watchdog/src/lib.rs:123 - When extracting from a bug report, please include this header
05-30 15:02:10.491   182  2615 W keystore2: system/security/keystore2/watchdog/src/lib.rs:124 - and all 1 records below.
05-30 15:02:10.491   182  2615 W keystore2: system/security/keystore2/watchdog/src/lib.rs:164 - ThreadId(1) Calling get_rkpd_attestation_key() Pending: 500.155775ms Overdue 156.596µs
05-30 15:02:10.491   182  2615 W keystore2: system/security/keystore2/watchdog/src/lib.rs:175 - ### Keystore Watchdog report - END ###
05-30 15:02:10.747   566   622 E AppOps  : Trying to set mode for unknown uid 10209.
05-30 15:02:10.750   566   622 E AppOpService: Blocked setUidMode call for runtime permission app op: uid = 10209, code = READ_MEDIA_IMAGES, mode = ignore, callingUid = 1000, oldMode = allow
05-30 15:02:10.750   566   622 E AppOpService: java.lang.RuntimeException
05-30 15:02:10.750   566   622 E AppOpService: 	at com.android.server.permission.access.appop.AppOpService.setUidMode(AppOpService.kt:268)
05-30 15:02:10.750   566   622 E AppOpService: 	at com.android.server.appop.AppOpsCheckingServiceTracingDecorator.setUidMode(AppOpsCheckingServiceTracingDecorator.java:120)
05-30 15:02:10.750   566   622 E AppOpService: 	at com.android.server.appop.AppOpsService.setUidMode(AppOpsService.java:2076)
05-30 15:02:10.750   566   622 E AppOpService: 	at com.android.server.appop.AppOpsService.-$$Nest$msetUidMode(AppOpsService.java:0)
05-30 15:02:10.750   566   622 E AppOpService: 	at com.android.server.appop.AppOpsService$AppOpsManagerInternalImpl.setUidModeFromPermissionPolicy(AppOpsService.java:7125)
05-30 15:02:10.750   566   622 E AppOpService: 	at com.android.server.policy.PermissionPolicyService$PermissionToOpSynchroniser.setUidMode(PermissionPolicyService.java:1112)
05-30 15:02:10.750   566   622 E AppOpService: 	at com.android.server.policy.PermissionPolicyService$PermissionToOpSynchroniser.setUidModeIgnored(PermissionPolicyService.java:1090)
05-30 15:02:10.750   566   622 E AppOpService: 	at com.android.server.policy.PermissionPolicyService$PermissionToOpSynchroniser.syncPackages(PermissionPolicyService.java:898)
05-30 15:02:10.750   566   622 E AppOpService: 	at com.android.server.policy.PermissionPolicyService$PermissionToOpSynchroniser.-$$Nest$msyncPackages(PermissionPolicyService.java:0)
05-30 15:02:10.750   566   622 E AppOpService: 	at com.android.server.policy.PermissionPolicyService.synchronizeUidPermissionsAndAppOps(PermissionPolicyService.java:690)
05-30 15:02:10.750   566   622 E AppOpService: 	at com.android.server.policy.PermissionPolicyService.-$$Nest$msynchronizeUidPermissionsAndAppOps(PermissionPolicyService.java:0)
05-30 15:02:10.750   566   622 E AppOpService: 	at com.android.server.policy.PermissionPolicyService$1.onPackageAdded(PermissionPolicyService.java:203)
05-30 15:02:10.750   566   622 E AppOpService: 	at com.android.server.pm.PackageList.onPackageAdded(PackageList.java:51)
05-30 15:02:10.750   566   622 E AppOpService: 	at com.android.server.pm.PackageObserverHelper.notifyAdded(PackageObserverHelper.java:61)
05-30 15:02:10.750   566   622 E AppOpService: 	at com.android.server.pm.PackageManagerService.notifyPackageAdded(PackageManagerService.java:3131)
05-30 15:02:10.750   566   622 E AppOpService: 	at com.android.server.pm.InstallPackageHelper.handlePackagePostInstall(InstallPackageHelper.java:2886)
05-30 15:02:10.750   566   622 E AppOpService: 	at com.android.server.pm.PackageManagerService.handlePackagePostInstall(PackageManagerService.java:8073)
05-30 15:02:10.750   566   622 E AppOpService: 	at com.android.server.pm.PackageHandler.doHandleMessage(PackageHandler.java:102)
05-30 15:02:10.750   566   622 E AppOpService: 	at com.android.server.pm.PackageHandler.handleMessage(PackageHandler.java:72)
05-30 15:02:10.750   566   622 E AppOpService: 	at android.os.Handler.dispatchMessage(Handler.java:107)
05-30 15:02:10.750   566   622 E AppOpService: 	at android.os.Looper.loopOnce(Looper.java:232)
05-30 15:02:10.750   566   622 E AppOpService: 	at android.os.Looper.loop(Looper.java:317)
05-30 15:02:10.750   566   622 E AppOpService: 	at android.os.HandlerThread.run(HandlerThread.java:85)
05-30 15:02:10.750   566   622 E AppOpService: 	at com.android.server.ServiceThread.run(ServiceThread.java:46)
05-30 15:02:11.053   566  1060 E RoleControllerServiceImpl: Default/fallback role holder package doesn't qualify for the role, package: com.google.android.gms.supervision, role: android.app.role.SYSTEM_SUPERVISION
05-30 15:02:11.061   367   411 E NetdUpdatable: Unsupported protocol: 1
05-30 15:02:11.120   933  2763 E BackupHelper: Could not parse delayed permissions
05-30 15:02:11.120   933  2763 E BackupHelper: java.io.FileNotFoundException: /data/user_de/0/com.google.android.permissioncontroller/files/delayed_restore_permissions.xml: open failed: ENOENT (No such file or directory)
05-30 15:02:11.120   933  2763 E BackupHelper: 	at libcore.io.IoBridge.open(IoBridge.java:574)
05-30 15:02:11.120   933  2763 E BackupHelper: 	at java.io.FileInputStream.<init>(FileInputStream.java:179)
05-30 15:02:11.120   933  2763 E BackupHelper: 	at android.app.ContextImpl.openFileInput(ContextImpl.java:774)
05-30 15:02:11.120   933  2763 E BackupHelper: 	at com.android.permissioncontroller.permission.service.BackupHelper.restoreDelayedState(BackupHelper.java:406)
05-30 15:02:11.120   933  2763 E BackupHelper: 	at com.android.permissioncontroller.permission.service.PermissionControllerServiceImpl.onRestoreDelayedRuntimePermissionsBackup(PermissionControllerServiceImpl.java:430)
05-30 15:02:11.120   933  2763 E BackupHelper: 	at com.android.permissioncontroller.permission.service.PermissionControllerServiceImpl.lambda$onApplyStagedRuntimePermissionBackup$4(PermissionControllerServiceImpl.java:424)
05-30 15:02:11.120   933  2763 E BackupHelper: 	at com.android.permissioncontroller.permission.service.PermissionControllerServiceImpl.$r8$lambda$TbAZrpVHU85LYBnlVdzyQvclH0Q(PermissionControllerServiceImpl.java:0)
05-30 15:02:11.120   933  2763 E BackupHelper: 	at com.android.permissioncontroller.permission.service.PermissionControllerServiceImpl$$ExternalSyntheticLambda4.run(R8$$SyntheticClass:0)
05-30 15:02:11.120   933  2763 E BackupHelper: 	at android.os.AsyncTask$SerialExecutor$1.run(AsyncTask.java:305)
05-30 15:02:11.120   933  2763 E BackupHelper: 	at java.util.concurrent.ThreadPoolExecutor.runWorker(ThreadPoolExecutor.java:1145)
05-30 15:02:11.120   933  2763 E BackupHelper: 	at java.util.concurrent.ThreadPoolExecutor$Worker.run(ThreadPoolExecutor.java:644)
05-30 15:02:11.120   933  2763 E BackupHelper: 	at java.lang.Thread.run(Thread.java:1012)
05-30 15:02:11.120   933  2763 E BackupHelper: Caused by: android.system.ErrnoException: open failed: ENOENT (No such file or directory)
05-30 15:02:11.120   933  2763 E BackupHelper: 	at libcore.io.Linux.open(Native Method)
05-30 15:02:11.120   933  2763 E BackupHelper: 	at libcore.io.ForwardingOs.open(ForwardingOs.java:563)
05-30 15:02:11.120   933  2763 E BackupHelper: 	at libcore.io.BlockGuardOs.open(BlockGuardOs.java:274)
05-30 15:02:11.120   933  2763 E BackupHelper: 	at libcore.io.ForwardingOs.open(ForwardingOs.java:563)
05-30 15:02:11.120   933  2763 E BackupHelper: 	at android.app.ActivityThread$AndroidOs.open(ActivityThread.java:8591)
05-30 15:02:11.120   933  2763 E BackupHelper: 	at libcore.io.IoBridge.open(IoBridge.java:560)
05-30 15:02:11.120   933  2763 E BackupHelper: 	... 11 more
05-30 15:02:11.312   566   846 E AppOps  : attributionTag VCN not declared in manifest of android
05-30 15:02:11.588   182  2615 W keystore2: system/security/keystore2/watchdog/src/lib.rs:114 - ### Keystore Watchdog report - BEGIN ###
05-30 15:02:11.588   182  2615 W keystore2: system/security/keystore2/watchdog/src/lib.rs:123 - When extracting from a bug report, please include this header
05-30 15:02:11.588   182  2615 W keystore2: system/security/keystore2/watchdog/src/lib.rs:124 - and all 1 records below.
05-30 15:02:11.588   182  2615 W keystore2: system/security/keystore2/watchdog/src/lib.rs:164 - ThreadId(1) Calling get_rkpd_attestation_key() Pending: 1.597368175s Overdue 1.097368835s
05-30 15:02:11.588   182  2615 W keystore2: system/security/keystore2/watchdog/src/lib.rs:175 - ### Keystore Watchdog report - END ###
05-30 15:02:11.623   566   886 E system_server: No package ID 7f found for resource ID 0x7f080bdc.
05-30 15:02:11.626   566   886 E system_server: No package ID 7f found for resource ID 0x7f152158.
05-30 15:02:11.627   566   886 E system_server: No package ID 7f found for resource ID 0x7f080bed.
05-30 15:02:11.627   566   886 E system_server: No package ID 7f found for resource ID 0x7f152159.
05-30 15:02:11.669  1208  2203 E czvx    : Phenotype API error. Event: # fozr@fd83a0da, EventCode: COMMIT_CONFIG [CONTEXT service_id=51 ]
05-30 15:02:11.669  1208  2203 E czvx    : czue: 29503
05-30 15:02:11.669  1208  2203 E czvx    : 	at czwp.a(:com.google.android.gms@242335041@24.23.35 (190800-646585959):111)
05-30 15:02:11.669  1208  2203 E czvx    : 	at czwc.b(:com.google.android.gms@242335041@24.23.35 (190800-646585959):106)
05-30 15:02:11.669  1208  2203 E czvx    : 	at czwb.i(:com.google.android.gms@242335041@24.23.35 (190800-646585959):3)
05-30 15:02:11.669  1208  2203 E czvx    : 	at czvx.h(:com.google.android.gms@242335041@24.23.35 (190800-646585959):18)
05-30 15:02:11.669  1208  2203 E czvx    : 	at czvx.f(:com.google.android.gms@242335041@24.23.35 (190800-646585959):11)
05-30 15:02:11.669  1208  2203 E czvx    : 	at boey.hj(:com.google.android.gms@242335041@24.23.35 (190800-646585959):1)
05-30 15:02:11.669  1208  2203 E czvx    : 	at bofh.run(:com.google.android.gms@242335041@24.23.35 (190800-646585959):97)
05-30 15:02:11.669  1208  2203 E czvx    : 	at emsz.run(:com.google.android.gms@242335041@24.23.35 (190800-646585959):21)
05-30 15:02:11.669  1208  2203 E czvx    : 	at angs.c(:com.google.android.gms@242335041@24.23.35 (190800-646585959):50)
05-30 15:02:11.669  1208  2203 E czvx    : 	at angs.run(:com.google.android.gms@242335041@24.23.35 (190800-646585959):97)
05-30 15:02:11.669  1208  2203 E czvx    : 	at java.util.concurrent.ThreadPoolExecutor.runWorker(ThreadPoolExecutor.java:1145)
05-30 15:02:11.669  1208  2203 E czvx    : 	at java.util.concurrent.ThreadPoolExecutor$Worker.run(ThreadPoolExecutor.java:644)
05-30 15:02:11.669  1208  2203 E czvx    : 	at anmg.run(:com.google.android.gms@242335041@24.23.35 (190800-646585959):8)
05-30 15:02:11.669  1208  2203 E czvx    : 	at java.lang.Thread.run(Thread.java:1012)
05-30 15:02:11.696   566  1060 E RoleControllerServiceImpl: Default/fallback role holder package doesn't qualify for the role, package: com.google.android.gms, role: android.app.role.WALLET
05-30 15:02:11.916   566  1060 E RoleControllerServiceImpl: Default/fallback role holder package doesn't qualify for the role, package: com.google.android.gms.supervision, role: android.app.role.SYSTEM_SUPERVISION
05-30 15:02:11.955   566  1060 E RoleControllerServiceImpl: Default/fallback role holder package doesn't qualify for the role, package: com.google.android.gms, role: android.app.role.WALLET
05-30 15:02:12.287  1378  2011 E PhenotypeFlagCommitter: Retrieving snapshot for com.google.android.gms.playlog.uploader failed
05-30 15:02:12.287  1378  2011 E PhenotypeFlagCommitter: java.util.concurrent.TimeoutException: Timed out waiting for Task
05-30 15:02:12.287  1378  2011 E PhenotypeFlagCommitter: 	at dkkh.n(:com.google.android.gms@242335041@24.23.35 (190800-646585959):53)
05-30 15:02:12.287  1378  2011 E PhenotypeFlagCommitter: 	at czsy.f(:com.google.android.gms@242335041@24.23.35 (190800-646585959):11)
05-30 15:02:12.287  1378  2011 E PhenotypeFlagCommitter: 	at czsy.j(:com.google.android.gms@242335041@24.23.35 (190800-646585959):42)
05-30 15:02:12.287  1378  2011 E PhenotypeFlagCommitter: 	at czsy.h(:com.google.android.gms@242335041@24.23.35 (190800-646585959):4)
05-30 15:02:12.287  1378  2011 E PhenotypeFlagCommitter: 	at com.google.android.gms.clearcut.init.ClearcutInitChimeraIntentService.b(:com.google.android.gms@242335041@24.23.35 (190800-646585959):45)
05-30 15:02:12.287  1378  2011 E PhenotypeFlagCommitter: 	at ajjh.onHandleIntent(:com.google.android.gms@242335041@24.23.35 (190800-646585959):143)
05-30 15:02:12.287  1378  2011 E PhenotypeFlagCommitter: 	at com.google.android.chimera.IntentOperation.onHandleIntent(:com.google.android.gms@242335041@24.23.35 (190800-646585959):2)
05-30 15:02:12.287  1378  2011 E PhenotypeFlagCommitter: 	at ajom.onHandleIntent(:com.google.android.gms@242335041@24.23.35 (190800-646585959):8)
05-30 15:02:12.287  1378  2011 E PhenotypeFlagCommitter: 	at pkf.run(:com.google.android.gms@242335041@24.23.35 (190800-646585959):70)
05-30 15:02:12.287  1378  2011 E PhenotypeFlagCommitter: 	at pke.run(:com.google.android.gms@242335041@24.23.35 (190800-646585959):152)
05-30 15:02:12.287  1378  2011 E PhenotypeFlagCommitter: 	at emsz.run(:com.google.android.gms@242335041@24.23.35 (190800-646585959):21)
05-30 15:02:12.287  1378  2011 E PhenotypeFlagCommitter: 	at java.util.concurrent.ThreadPoolExecutor.runWorker(ThreadPoolExecutor.java:1145)
05-30 15:02:12.287  1378  2011 E PhenotypeFlagCommitter: 	at java.util.concurrent.ThreadPoolExecutor$Worker.run(ThreadPoolExecutor.java:644)
05-30 15:02:12.287  1378  2011 E PhenotypeFlagCommitter: 	at java.lang.Thread.run(Thread.java:1012)
05-30 15:02:12.511  1208  1880 E WakeLock: GCM_HB_ALARM release without a matched acquire!
05-30 15:02:12.527  2818  2818 E ackageinstaller: Not starting debugger since process cannot load the jdwp agent.
05-30 15:02:12.588   182  2615 W keystore2: system/security/keystore2/watchdog/src/lib.rs:114 - ### Keystore Watchdog report - BEGIN ###
05-30 15:02:12.588   182  2615 W keystore2: system/security/keystore2/watchdog/src/lib.rs:123 - When extracting from a bug report, please include this header
05-30 15:02:12.588   182  2615 W keystore2: system/security/keystore2/watchdog/src/lib.rs:124 - and all 1 records below.
05-30 15:02:12.588   182  2615 W keystore2: system/security/keystore2/watchdog/src/lib.rs:164 - ThreadId(1) Calling get_rkpd_attestation_key() Pending: 2.597626797s Overdue 2.097627447s
05-30 15:02:12.588   182  2615 W keystore2: system/security/keystore2/watchdog/src/lib.rs:175 - ### Keystore Watchdog report - END ###
05-30 15:02:12.687  2843  2843 E le.piliplus.dev: Not starting debugger since process cannot load the jdwp agent.
05-30 15:02:12.768   566   886 E system_server: No package ID 7f found for resource ID 0x7f08037b.
05-30 15:02:12.768   566   886 E system_server: No package ID 7f found for resource ID 0x7f1419d5.
05-30 15:02:12.768   566   886 E system_server: No package ID 7f found for resource ID 0x7f08037a.
05-30 15:02:12.768   566   886 E system_server: No package ID 7f found for resource ID 0x7f05005f.
05-30 15:02:12.768   566   886 E system_server: No package ID 7f found for resource ID 0x7f140822.
05-30 15:02:12.768   566   886 E ShortcutService: Ignoring excessive intent tag.
05-30 15:02:12.768   566   886 E system_server: No package ID 7f found for resource ID 0x7f080379.
05-30 15:02:12.768   566   886 E system_server: No package ID 7f found for resource ID 0x7f1410f0.
05-30 15:02:12.899   566   886 E system_server: No package ID 7f found for resource ID 0x7f0700a7.
05-30 15:02:12.899   566   886 E system_server: No package ID 7f found for resource ID 0x7f1100af.
05-30 15:02:12.899   566   886 E system_server: No package ID 7f found for resource ID 0x7f1100af.
05-30 15:02:12.899   566   886 E system_server: No package ID 7f found for resource ID 0x7f0700a6.
05-30 15:02:12.899   566   886 E system_server: No package ID 7f found for resource ID 0x7f1100a8.
05-30 15:02:12.899   566   886 E system_server: No package ID 7f found for resource ID 0x7f1100a8.
05-30 15:02:13.242  1482  2097 E MendelPackageState: Failed to fetch after encountering old config
05-30 15:02:13.242  1482  2097 E MendelPackageState: java.util.concurrent.ExecutionException: java.io.IOException: file:///data/user/0/com.google.android.googlequicksearchbox/files/phenotype/googledata.experiments.mobile.assistant.client_packages.component.assistant_tng_interactor.device%23com.google.android.googlequicksearchbox.tmp could not be renamed to file:///data/user/0/com.google.android.googlequicksearchbox/files/phenotype/googledata.experiments.mobile.assistant.client_packages.component.assistant_tng_interactor.device%23com.google.android.googlequicksearchbox
05-30 15:02:13.242  1482  2097 E MendelPackageState: 	at com.google.common.util.concurrent.d.s(PG:21)
05-30 15:02:13.242  1482  2097 E MendelPackageState: 	at com.google.common.util.concurrent.d.get(PG:3)
05-30 15:02:13.242  1482  2097 E MendelPackageState: 	at com.google.common.util.concurrent.dw.a(PG:2)
05-30 15:02:13.242  1482  2097 E MendelPackageState: 	at com.google.common.util.concurrent.co.r(PG:10)
