05-30 15:02:03.139  1456  2205 W AiAiFed : 	at java.util.concurrent.ThreadPoolExecutor.runWorker(ThreadPoolExecutor.java:1145)
05-30 15:02:03.139  1456  2205 W AiAiFed : 	at java.util.concurrent.ThreadPoolExecutor$Worker.run(ThreadPoolExecutor.java:644)
05-30 15:02:03.139  1456  2205 W AiAiFed : 	at java.lang.Thread.run(Thread.java:1012)
05-30 15:02:03.145  1456  2205 W AiAiFed : [AiAi SmartSelect FL] Cancelling training failed [mode=FEDERATION, population=aiai/playstore/smartselect/prod/train/en/pasted-to-translate-apps, session=smartselect/prod/train/en/pasted-to-translate-apps]
05-30 15:02:03.145  1456  2205 W AiAiFed : java.lang.IllegalArgumentException: Unsupported response code3
05-30 15:02:03.145  1456  2205 W AiAiFed : 	at qgb.run(PG:48)
05-30 15:02:03.145  1456  2205 W AiAiFed : 	at java.util.concurrent.Executors$RunnableAdapter.call(Executors.java:487)
05-30 15:02:03.145  1456  2205 W AiAiFed : 	at java.util.concurrent.FutureTask.run(FutureTask.java:264)
05-30 15:02:03.145  1456  2205 W AiAiFed : 	at java.util.concurrent.ScheduledThreadPoolExecutor$ScheduledFutureTask.run(ScheduledThreadPoolExecutor.java:307)
05-30 15:02:03.145  1456  2205 W AiAiFed : 	at java.util.concurrent.ThreadPoolExecutor.runWorker(ThreadPoolExecutor.java:1145)
05-30 15:02:03.145  1456  2205 W AiAiFed : 	at java.util.concurrent.ThreadPoolExecutor$Worker.run(ThreadPoolExecutor.java:644)
05-30 15:02:03.145  1456  2205 W AiAiFed : 	at java.lang.Thread.run(Thread.java:1012)
05-30 15:02:03.147  1482  1884 I Ma-Entry-Triggering: (REDACTED) Updated config based on request %s, currentClient %s
05-30 15:02:03.147  1456  2205 W AiAiFed : [AiAi SmartSelect FL] Cancelling training failed [mode=FEDERATION, population=aiai/playstore/smartselect/prod/train/en/pasted-to-translate-apps, session=smartselect/prod/train/en/pasted-to-translate-apps]
05-30 15:02:03.147  1456  2205 W AiAiFed : zkd: UNKNOWN
05-30 15:02:03.147  1456  2205 W AiAiFed : 	at zkb.i(PG:3)
05-30 15:02:03.147  1456  2205 W AiAiFed : 	at aaac.cB(PG:15)
05-30 15:02:03.147  1456  2205 W AiAiFed : 	at zom.a(PG:32)
05-30 15:02:03.147  1456  2205 W AiAiFed : 	at zpd.run(PG:7)
05-30 15:02:03.147  1456  2205 W AiAiFed : 	at zvw.run(PG:17)
05-30 15:02:03.147  1456  2205 W AiAiFed : 	at java.util.concurrent.ThreadPoolExecutor.runWorker(ThreadPoolExecutor.java:1145)
05-30 15:02:03.147  1456  2205 W AiAiFed : 	at java.util.concurrent.ThreadPoolExecutor$Worker.run(ThreadPoolExecutor.java:644)
05-30 15:02:03.147  1456  2205 W AiAiFed : 	at java.lang.Thread.run(Thread.java:1012)
05-30 15:02:03.147  1456  2205 W AiAiFed : [AiAi SmartSelect FL] Cancelling training failed [mode=FEDERATION, population=aiai/playstore/smartselect/prod/train/en/pasted-to-named-entity-apps, session=smartselect/prod/train/en/pasted-to-named-entity-apps]
05-30 15:02:03.147  1456  2205 W AiAiFed : java.lang.IllegalArgumentException: Unsupported response code3
05-30 15:02:03.147  1456  2205 W AiAiFed : 	at qgb.run(PG:48)
05-30 15:02:03.147  1456  2205 W AiAiFed : 	at java.util.concurrent.Executors$RunnableAdapter.call(Executors.java:487)
05-30 15:02:03.147  1456  2205 W AiAiFed : 	at java.util.concurrent.FutureTask.run(FutureTask.java:264)
05-30 15:02:03.147  1456  2205 W AiAiFed : 	at java.util.concurrent.ScheduledThreadPoolExecutor$ScheduledFutureTask.run(ScheduledThreadPoolExecutor.java:307)
05-30 15:02:03.147  1456  2205 W AiAiFed : 	at java.util.concurrent.ThreadPoolExecutor.runWorker(ThreadPoolExecutor.java:1145)
05-30 15:02:03.147  1456  2205 W AiAiFed : 	at java.util.concurrent.ThreadPoolExecutor$Worker.run(ThreadPoolExecutor.java:644)
05-30 15:02:03.147  1456  2205 W AiAiFed : 	at java.lang.Thread.run(Thread.java:1012)
05-30 15:02:03.147  1456  2205 W AiAiFed : [AiAi SmartSelect FL] Cancelling training failed [mode=FEDERATION, population=aiai/playstore/smartselect/prod/train/en/pasted-to-named-entity-apps, session=smartselect/prod/train/en/pasted-to-named-entity-apps]
05-30 15:02:03.147  1456  2205 W AiAiFed : zkd: UNKNOWN
05-30 15:02:03.147  1456  2205 W AiAiFed : 	at zkb.i(PG:3)
05-30 15:02:03.147  1456  2205 W AiAiFed : 	at aaac.cB(PG:15)
05-30 15:02:03.147  1456  2205 W AiAiFed : 	at zom.a(PG:32)
05-30 15:02:03.147  1456  2205 W AiAiFed : 	at zpd.run(PG:7)
05-30 15:02:03.147  1456  2205 W AiAiFed : 	at zvw.run(PG:17)
05-30 15:02:03.147  1456  2205 W AiAiFed : 	at java.util.concurrent.ThreadPoolExecutor.runWorker(ThreadPoolExecutor.java:1145)
05-30 15:02:03.147  1456  2205 W AiAiFed : 	at java.util.concurrent.ThreadPoolExecutor$Worker.run(ThreadPoolExecutor.java:644)
05-30 15:02:03.147  1456  2205 W AiAiFed : 	at java.lang.Thread.run(Thread.java:1012)
05-30 15:02:03.147  1456  2205 W AiAiFed : [AiAi SmartSelect FL] Cancelling training failed [mode=FEDERATION, population=aiai/playstore/smartselect/prod/train/en/all-pasted-to-apps, session=smartselect/prod/train/en/all-pasted-to-apps]
05-30 15:02:03.147  1456  2205 W AiAiFed : java.lang.IllegalArgumentException: Unsupported response code3
05-30 15:02:03.147  1456  2205 W AiAiFed : 	at qgb.run(PG:48)
05-30 15:02:03.147  1456  2205 W AiAiFed : 	at java.util.concurrent.Executors$RunnableAdapter.call(Executors.java:487)
05-30 15:02:03.147  1456  2205 W AiAiFed : 	at java.util.concurrent.FutureTask.run(FutureTask.java:264)
05-30 15:02:03.147  1456  2205 W AiAiFed : 	at java.util.concurrent.ScheduledThreadPoolExecutor$ScheduledFutureTask.run(ScheduledThreadPoolExecutor.java:307)
05-30 15:02:03.147  1456  2205 W AiAiFed : 	at java.util.concurrent.ThreadPoolExecutor.runWorker(ThreadPoolExecutor.java:1145)
05-30 15:02:03.147  1456  2205 W AiAiFed : 	at java.util.concurrent.ThreadPoolExecutor$Worker.run(ThreadPoolExecutor.java:644)
05-30 15:02:03.147  1456  2205 W AiAiFed : 	at java.lang.Thread.run(Thread.java:1012)
05-30 15:02:03.147  1456  2205 W AiAiFed : [AiAi SmartSelect FL] Cancelling training failed [mode=FEDERATION, population=aiai/playstore/smartselect/prod/train/en/all-pasted-to-apps, session=smartselect/prod/train/en/all-pasted-to-apps]
05-30 15:02:03.147  1456  2205 W AiAiFed : zkd: UNKNOWN
05-30 15:02:03.147  1456  2205 W AiAiFed : 	at zkb.i(PG:3)
05-30 15:02:03.147  1456  2205 W AiAiFed : 	at aaac.cB(PG:15)
05-30 15:02:03.147  1456  2205 W AiAiFed : 	at zom.a(PG:32)
05-30 15:02:03.147  1456  2205 W AiAiFed : 	at zpd.run(PG:7)
05-30 15:02:03.147  1456  2205 W AiAiFed : 	at zvw.run(PG:17)
05-30 15:02:03.147  1456  2205 W AiAiFed : 	at java.util.concurrent.ThreadPoolExecutor.runWorker(ThreadPoolExecutor.java:1145)
05-30 15:02:03.147  1456  2205 W AiAiFed : 	at java.util.concurrent.ThreadPoolExecutor$Worker.run(ThreadPoolExecutor.java:644)
05-30 15:02:03.147  1456  2205 W AiAiFed : 	at java.lang.Thread.run(Thread.java:1012)
05-30 15:02:03.147  1456  2205 W AiAiFed : [AiAi SmartSelect FL] Cancelling training failed [mode=FEDERATION, population=aiai/playstore/smartselect/prod/train/en/pasted-to-maps-apps, session=smartselect/prod/train/en/pasted-to-maps-apps]
05-30 15:02:03.147  1456  2205 W AiAiFed : java.lang.IllegalArgumentException: Unsupported response code3
05-30 15:02:03.147  1456  2205 W AiAiFed : 	at qgb.run(PG:48)
05-30 15:02:03.147  1456  2205 W AiAiFed : 	at java.util.concurrent.Executors$RunnableAdapter.call(Executors.java:487)
05-30 15:02:03.147  1456  2205 W AiAiFed : 	at java.util.concurrent.FutureTask.run(FutureTask.java:264)
05-30 15:02:03.147  1456  2205 W AiAiFed : 	at java.util.concurrent.ScheduledThreadPoolExecutor$ScheduledFutureTask.run(ScheduledThreadPoolExecutor.java:307)
05-30 15:02:03.147  1456  2205 W AiAiFed : 	at java.util.concurrent.ThreadPoolExecutor.runWorker(ThreadPoolExecutor.java:1145)
05-30 15:02:03.147  1456  2205 W AiAiFed : 	at java.util.concurrent.ThreadPoolExecutor$Worker.run(ThreadPoolExecutor.java:644)
05-30 15:02:03.147  1456  2205 W AiAiFed : 	at java.lang.Thread.run(Thread.java:1012)
05-30 15:02:03.147  1456  2205 W AiAiFed : [AiAi SmartSelect FL] Cancelling training failed [mode=FEDERATION, population=aiai/playstore/smartselect/prod/train/en/pasted-to-maps-apps, session=smartselect/prod/train/en/pasted-to-maps-apps]
05-30 15:02:03.147  1456  2205 W AiAiFed : zkd: UNKNOWN
05-30 15:02:03.147  1456  2205 W AiAiFed : 	at zkb.i(PG:3)
05-30 15:02:03.147  1456  2205 W AiAiFed : 	at aaac.cB(PG:15)
05-30 15:02:03.147  1456  2205 W AiAiFed : 	at zom.a(PG:32)
05-30 15:02:03.147  1456  2205 W AiAiFed : 	at zpd.run(PG:7)
05-30 15:02:03.147  1456  2205 W AiAiFed : 	at zvw.run(PG:17)
05-30 15:02:03.147  1456  2205 W AiAiFed : 	at java.util.concurrent.ThreadPoolExecutor.runWorker(ThreadPoolExecutor.java:1145)
05-30 15:02:03.147  1456  2205 W AiAiFed : 	at java.util.concurrent.ThreadPoolExecutor$Worker.run(ThreadPoolExecutor.java:644)
05-30 15:02:03.147  1456  2205 W AiAiFed : 	at java.lang.Thread.run(Thread.java:1012)
05-30 15:02:03.148  1456  2205 W AiAiFed : [AiAi SmartSelect FL] Cancelling training failed [mode=FEDERATION, population=aiai/playstore/smartselect/prod/train/en/pasted-to-search-or-browser-apps, session=smartselect/prod/train/en/pasted-to-search-or-browser-apps]
05-30 15:02:03.148  1456  2205 W AiAiFed : java.lang.IllegalArgumentException: Unsupported response code3
05-30 15:02:03.148  1456  2205 W AiAiFed : 	at qgb.run(PG:48)
05-30 15:02:03.148  1456  2205 W AiAiFed : 	at java.util.concurrent.Executors$RunnableAdapter.call(Executors.java:487)
05-30 15:02:03.148  1456  2205 W AiAiFed : 	at java.util.concurrent.FutureTask.run(FutureTask.java:264)
05-30 15:02:03.148  1456  2205 W AiAiFed : 	at java.util.concurrent.ScheduledThreadPoolExecutor$ScheduledFutureTask.run(ScheduledThreadPoolExecutor.java:307)
05-30 15:02:03.148  1456  2205 W AiAiFed : 	at java.util.concurrent.ThreadPoolExecutor.runWorker(ThreadPoolExecutor.java:1145)
05-30 15:02:03.148  1456  2205 W AiAiFed : 	at java.util.concurrent.ThreadPoolExecutor$Worker.run(ThreadPoolExecutor.java:644)
05-30 15:02:03.148  1456  2205 W AiAiFed : 	at java.lang.Thread.run(Thread.java:1012)
05-30 15:02:03.148  1456  2205 W AiAiFed : [AiAi SmartSelect FL] Cancelling training failed [mode=FEDERATION, population=aiai/playstore/smartselect/prod/train/en/pasted-to-search-or-browser-apps, session=smartselect/prod/train/en/pasted-to-search-or-browser-apps]
05-30 15:02:03.148  1456  2205 W AiAiFed : zkd: UNKNOWN
05-30 15:02:03.148  1456  2205 W AiAiFed : 	at zkb.i(PG:3)
05-30 15:02:03.148  1456  2205 W AiAiFed : 	at aaac.cB(PG:15)
05-30 15:02:03.148  1456  2205 W AiAiFed : 	at zom.a(PG:32)
05-30 15:02:03.148  1456  2205 W AiAiFed : 	at zpd.run(PG:7)
05-30 15:02:03.148  1456  2205 W AiAiFed : 	at zvw.run(PG:17)
05-30 15:02:03.148  1456  2205 W AiAiFed : 	at java.util.concurrent.ThreadPoolExecutor.runWorker(ThreadPoolExecutor.java:1145)
05-30 15:02:03.148  1456  2205 W AiAiFed : 	at java.util.concurrent.ThreadPoolExecutor$Worker.run(ThreadPoolExecutor.java:644)
05-30 15:02:03.148  1456  2205 W AiAiFed : 	at java.lang.Thread.run(Thread.java:1012)
05-30 15:02:03.148  1456  2205 W AiAiFed : [AiAi SmartSelect FL] Cancelling training failed [mode=FEDERATION, population=aiai/playstore/smartselect/prod/train/en/all-non-url-email-cut, session=smartselect/prod/train/en/all-non-url-email-cut]
05-30 15:02:03.148  1456  2205 W AiAiFed : java.lang.IllegalArgumentException: Unsupported response code3
05-30 15:02:03.148  1456  2205 W AiAiFed : 	at qgb.run(PG:48)
05-30 15:02:03.148  1456  2205 W AiAiFed : 	at java.util.concurrent.Executors$RunnableAdapter.call(Executors.java:487)
05-30 15:02:03.148  1456  2205 W AiAiFed : 	at java.util.concurrent.FutureTask.run(FutureTask.java:264)
05-30 15:02:03.148  1456  2205 W AiAiFed : 	at java.util.concurrent.ScheduledThreadPoolExecutor$ScheduledFutureTask.run(ScheduledThreadPoolExecutor.java:307)
05-30 15:02:03.148  1456  2205 W AiAiFed : 	at java.util.concurrent.ThreadPoolExecutor.runWorker(ThreadPoolExecutor.java:1145)
05-30 15:02:03.148  1456  2205 W AiAiFed : 	at java.util.concurrent.ThreadPoolExecutor$Worker.run(ThreadPoolExecutor.java:644)
05-30 15:02:03.148  1456  2205 W AiAiFed : 	at java.lang.Thread.run(Thread.java:1012)
05-30 15:02:03.148  1456  2205 W AiAiFed : [AiAi SmartSelect FL] Cancelling training failed [mode=FEDERATION, population=aiai/playstore/smartselect/prod/train/en/all-non-url-email-cut, session=smartselect/prod/train/en/all-non-url-email-cut]
05-30 15:02:03.148  1456  2205 W AiAiFed : zkd: UNKNOWN
05-30 15:02:03.148  1456  2205 W AiAiFed : 	at zkb.i(PG:3)
05-30 15:02:03.148  1456  2205 W AiAiFed : 	at aaac.cB(PG:15)
05-30 15:02:03.148  1456  2205 W AiAiFed : 	at zom.a(PG:32)
05-30 15:02:03.148  1456  2205 W AiAiFed : 	at zpd.run(PG:7)
05-30 15:02:03.148  1456  2205 W AiAiFed : 	at zvw.run(PG:17)
05-30 15:02:03.148  1456  2205 W AiAiFed : 	at java.util.concurrent.ThreadPoolExecutor.runWorker(ThreadPoolExecutor.java:1145)
05-30 15:02:03.148  1456  2205 W AiAiFed : 	at java.util.concurrent.ThreadPoolExecutor$Worker.run(ThreadPoolExecutor.java:644)
05-30 15:02:03.148  1456  2205 W AiAiFed : 	at java.lang.Thread.run(Thread.java:1012)
05-30 15:02:03.148  1456  2205 W AiAiFed : [AiAi SmartSelect FL] Cancelling training failed [mode=FEDERATION, population=aiai/playstore/smartselect/prod/train/en/all-non-url-email-cut-translate, session=smartselect/prod/train/en/all-non-url-email-cut-translate]
05-30 15:02:03.148  1456  2205 W AiAiFed : java.lang.IllegalArgumentException: Unsupported response code3
05-30 15:02:03.148  1456  2205 W AiAiFed : 	at qgb.run(PG:48)
05-30 15:02:03.148  1456  2205 W AiAiFed : 	at java.util.concurrent.Executors$RunnableAdapter.call(Executors.java:487)
05-30 15:02:03.148  1456  2205 W AiAiFed : 	at java.util.concurrent.FutureTask.run(FutureTask.java:264)
05-30 15:02:03.148  1456  2205 W AiAiFed : 	at java.util.concurrent.ScheduledThreadPoolExecutor$ScheduledFutureTask.run(ScheduledThreadPoolExecutor.java:307)
05-30 15:02:03.148  1456  2205 W AiAiFed : 	at java.util.concurrent.ThreadPoolExecutor.runWorker(ThreadPoolExecutor.java:1145)
05-30 15:02:03.148  1456  2205 W AiAiFed : 	at java.util.concurrent.ThreadPoolExecutor$Worker.run(ThreadPoolExecutor.java:644)
05-30 15:02:03.148  1456  2205 W AiAiFed : 	at java.lang.Thread.run(Thread.java:1012)
05-30 15:02:03.148  1456  2205 W AiAiFed : [AiAi SmartSelect FL] Cancelling training failed [mode=FEDERATION, population=aiai/playstore/smartselect/prod/train/en/all-non-url-email-cut-translate, session=smartselect/prod/train/en/all-non-url-email-cut-translate]
05-30 15:02:03.148  1456  2205 W AiAiFed : zkd: UNKNOWN
05-30 15:02:03.148  1456  2205 W AiAiFed : 	at zkb.i(PG:3)
05-30 15:02:03.148  1456  2205 W AiAiFed : 	at aaac.cB(PG:15)
05-30 15:02:03.148  1456  2205 W AiAiFed : 	at zom.a(PG:32)
05-30 15:02:03.148  1456  2205 W AiAiFed : 	at zpd.run(PG:7)
05-30 15:02:03.148  1456  2205 W AiAiFed : 	at zvw.run(PG:17)
05-30 15:02:03.148  1456  2205 W AiAiFed : 	at java.util.concurrent.ThreadPoolExecutor.runWorker(ThreadPoolExecutor.java:1145)
05-30 15:02:03.148  1456  2205 W AiAiFed : 	at java.util.concurrent.ThreadPoolExecutor$Worker.run(ThreadPoolExecutor.java:644)
05-30 15:02:03.148  1456  2205 W AiAiFed : 	at java.lang.Thread.run(Thread.java:1012)
05-30 15:02:03.148  1456  2205 W AiAiFed : [AiAi SmartSelect FL] Cancelling training failed [mode=FEDERATION, population=aiai/playstore/smartselect/prod/train/en/all_nonsentences, session=smartselect/prod/train/en/all_nonsentences]
05-30 15:02:03.148  1456  2205 W AiAiFed : java.lang.IllegalArgumentException: Unsupported response code3
05-30 15:02:03.148  1456  2205 W AiAiFed : 	at qgb.run(PG:48)
05-30 15:02:03.148  1456  2205 W AiAiFed : 	at java.util.concurrent.Executors$RunnableAdapter.call(Executors.java:487)
05-30 15:02:03.148  1456  2205 W AiAiFed : 	at java.util.concurrent.FutureTask.run(FutureTask.java:264)
05-30 15:02:03.148  1456  2205 W AiAiFed : 	at java.util.concurrent.ScheduledThreadPoolExecutor$ScheduledFutureTask.run(ScheduledThreadPoolExecutor.java:307)
05-30 15:02:03.148  1456  2205 W AiAiFed : 	at java.util.concurrent.ThreadPoolExecutor.runWorker(ThreadPoolExecutor.java:1145)
05-30 15:02:03.148  1456  2205 W AiAiFed : 	at java.util.concurrent.ThreadPoolExecutor$Worker.run(ThreadPoolExecutor.java:644)
05-30 15:02:03.148  1456  2205 W AiAiFed : 	at java.lang.Thread.run(Thread.java:1012)
05-30 15:02:03.148  1456  2205 W AiAiFed : [AiAi SmartSelect FL] Cancelling training failed [mode=FEDERATION, population=aiai/playstore/smartselect/prod/train/en/all_nonsentences, session=smartselect/prod/train/en/all_nonsentences]
05-30 15:02:03.148  1456  2205 W AiAiFed : zkd: UNKNOWN
05-30 15:02:03.148  1456  2205 W AiAiFed : 	at zkb.i(PG:3)
05-30 15:02:03.148  1456  2205 W AiAiFed : 	at aaac.cB(PG:15)
05-30 15:02:03.148  1456  2205 W AiAiFed : 	at zom.a(PG:32)
05-30 15:02:03.148  1456  2205 W AiAiFed : 	at zpd.run(PG:7)
05-30 15:02:03.148  1456  2205 W AiAiFed : 	at zvw.run(PG:17)
05-30 15:02:03.148  1456  2205 W AiAiFed : 	at java.util.concurrent.ThreadPoolExecutor.runWorker(ThreadPoolExecutor.java:1145)
05-30 15:02:03.148  1456  2205 W AiAiFed : 	at java.util.concurrent.ThreadPoolExecutor$Worker.run(ThreadPoolExecutor.java:644)
05-30 15:02:03.148  1456  2205 W AiAiFed : 	at java.lang.Thread.run(Thread.java:1012)
05-30 15:02:03.148  1456  2205 W AiAiFed : [AiAi SmartSelect FL] Cancelling training failed [mode=FEDERATION, population=aiai/playstore/smartselect/prod/train/en/address-phone-other-translate, session=smartselect/prod/train/en/address-phone-other-translate]
05-30 15:02:03.148  1456  2205 W AiAiFed : java.lang.IllegalArgumentException: Unsupported response code3
05-30 15:02:03.148  1456  2205 W AiAiFed : 	at qgb.run(PG:48)
05-30 15:02:03.148  1456  2205 W AiAiFed : 	at java.util.concurrent.Executors$RunnableAdapter.call(Executors.java:487)
05-30 15:02:03.148  1456  2205 W AiAiFed : 	at java.util.concurrent.FutureTask.run(FutureTask.java:264)
05-30 15:02:03.148  1456  2205 W AiAiFed : 	at java.util.concurrent.ScheduledThreadPoolExecutor$ScheduledFutureTask.run(ScheduledThreadPoolExecutor.java:307)
05-30 15:02:03.148  1456  2205 W AiAiFed : 	at java.util.concurrent.ThreadPoolExecutor.runWorker(ThreadPoolExecutor.java:1145)
05-30 15:02:03.148  1456  2205 W AiAiFed : 	at java.util.concurrent.ThreadPoolExecutor$Worker.run(ThreadPoolExecutor.java:644)
05-30 15:02:03.148  1456  2205 W AiAiFed : 	at java.lang.Thread.run(Thread.java:1012)
05-30 15:02:03.148  1456  2205 W AiAiFed : [AiAi SmartSelect FL] Cancelling training failed [mode=FEDERATION, population=aiai/playstore/smartselect/prod/train/en/address-phone-other-translate, session=smartselect/prod/train/en/address-phone-other-translate]
05-30 15:02:03.148  1456  2205 W AiAiFed : zkd: UNKNOWN
05-30 15:02:03.148  1456  2205 W AiAiFed : 	at zkb.i(PG:3)
05-30 15:02:03.148  1456  2205 W AiAiFed : 	at aaac.cB(PG:15)
05-30 15:02:03.148  1456  2205 W AiAiFed : 	at zom.a(PG:32)
05-30 15:02:03.148  1456  2205 W AiAiFed : 	at zpd.run(PG:7)
05-30 15:02:03.148  1456  2205 W AiAiFed : 	at zvw.run(PG:17)
05-30 15:02:03.148  1456  2205 W AiAiFed : 	at java.util.concurrent.ThreadPoolExecutor.runWorker(ThreadPoolExecutor.java:1145)
05-30 15:02:03.148  1456  2205 W AiAiFed : 	at java.util.concurrent.ThreadPoolExecutor$Worker.run(ThreadPoolExecutor.java:644)
05-30 15:02:03.148  1456  2205 W AiAiFed : 	at java.lang.Thread.run(Thread.java:1012)
05-30 15:02:03.148  1456  2205 W AiAiFed : [AiAi SmartSelect FL] Cancelling training failed [mode=FEDERATION, population=aiai/playstore/smartselect/prod/train/en/address-or-pasted-to-map-or-shopping-apps, session=smartselect/prod/train/en/address-or-pasted-to-map-or-shopping-apps]
05-30 15:02:03.148  1456  2205 W AiAiFed : java.lang.IllegalArgumentException: Unsupported response code3
05-30 15:02:03.148  1456  2205 W AiAiFed : 	at qgb.run(PG:48)
05-30 15:02:03.148  1456  2205 W AiAiFed : 	at java.util.concurrent.Executors$RunnableAdapter.call(Executors.java:487)
05-30 15:02:03.148  1456  2205 W AiAiFed : 	at java.util.concurrent.FutureTask.run(FutureTask.java:264)
05-30 15:02:03.148  1456  2205 W AiAiFed : 	at java.util.concurrent.ScheduledThreadPoolExecutor$ScheduledFutureTask.run(ScheduledThreadPoolExecutor.java:307)
05-30 15:02:03.148  1456  2205 W AiAiFed : 	at java.util.concurrent.ThreadPoolExecutor.runWorker(ThreadPoolExecutor.java:1145)
05-30 15:02:03.148  1456  2205 W AiAiFed : 	at java.util.concurrent.ThreadPoolExecutor$Worker.run(ThreadPoolExecutor.java:644)
05-30 15:02:03.148  1456  2205 W AiAiFed : 	at java.lang.Thread.run(Thread.java:1012)
05-30 15:02:03.148  1456  2205 W AiAiFed : [AiAi SmartSelect FL] Cancelling training failed [mode=FEDERATION, population=aiai/playstore/smartselect/prod/train/en/address-or-pasted-to-map-or-shopping-apps, session=smartselect/prod/train/en/address-or-pasted-to-map-or-shopping-apps]
05-30 15:02:03.148  1456  2205 W AiAiFed : zkd: UNKNOWN
05-30 15:02:03.148  1456  2205 W AiAiFed : 	at zkb.i(PG:3)
05-30 15:02:03.148  1456  2205 W AiAiFed : 	at aaac.cB(PG:15)
05-30 15:02:03.148  1456  2205 W AiAiFed : 	at zom.a(PG:32)
05-30 15:02:03.148  1456  2205 W AiAiFed : 	at zpd.run(PG:7)
05-30 15:02:03.148  1456  2205 W AiAiFed : 	at zvw.run(PG:17)
05-30 15:02:03.148  1456  2205 W AiAiFed : 	at java.util.concurrent.ThreadPoolExecutor.runWorker(ThreadPoolExecutor.java:1145)
05-30 15:02:03.148  1456  2205 W AiAiFed : 	at java.util.concurrent.ThreadPoolExecutor$Worker.run(ThreadPoolExecutor.java:644)
05-30 15:02:03.148  1456  2205 W AiAiFed : 	at java.lang.Thread.run(Thread.java:1012)
05-30 15:02:03.150   566  1613 D PackageManager: Instant App installer not found with android.intent.action.INSTALL_INSTANT_APP_PACKAGE
05-30 15:02:03.150   566  1613 D PackageManager: Clear ephemeral installer activity
05-30 15:02:03.151  2078  2195 W System.err: Seeding context with ref: 17129382
05-30 15:02:03.151  2078  2195 W System.err: val in interceptor: null
05-30 15:02:03.153  2078  2195 W System.err: Seeding context with ref: 41886381
05-30 15:02:03.153  2078  2514 W System.err: Seeding context with ref: 192981474
05-30 15:02:03.153  2078  2514 W System.err: val in interceptor: null
05-30 15:02:03.156  2078  2199 W System.err: Seeding context with ref: 219153908
05-30 15:02:03.156  2078  2199 W System.err: val in interceptor: null
05-30 15:02:03.156  2078  2525 W System.err: Seeding context with ref: 5968157
05-30 15:02:03.157  2078  2525 W System.err: val in interceptor: null
05-30 15:02:03.165  2078  2514 W System.err: Seeding context with ref: 253197137
05-30 15:02:03.165  2078  2514 W System.err: val in interceptor: null
05-30 15:02:03.165  2078  2518 W System.err: Seeding context with ref: 67847643
05-30 15:02:03.165  2078  2518 W System.err: val in interceptor: null
05-30 15:02:03.166  2078  2528 W System.err: Seeding context with ref: 110928409
05-30 15:02:03.166  2078  2528 W System.err: val in interceptor: null
05-30 15:02:03.166  2078  2529 W System.err: Seeding context with ref: 40555230
05-30 15:02:03.166  2078  2529 W System.err: val in interceptor: null
05-30 15:02:03.166  2078  2530 W System.err: Seeding context with ref: 158309567
05-30 15:02:03.166  2078  2530 W System.err: val in interceptor: null
05-30 15:02:03.166  2078  2522 W System.err: Seeding context with ref: 16916364
05-30 15:02:03.166  2078  2522 W System.err: val in interceptor: null
05-30 15:02:03.167  2078  2521 W System.err: Seeding context with ref: 97273557
05-30 15:02:03.168  2078  2521 W System.err: val in interceptor: null
05-30 15:02:03.168  2078  2520 W System.err: Seeding context with ref: 55394026
05-30 15:02:03.168  2078  2519 W System.err: Seeding context with ref: 175614072
05-30 15:02:03.168  2078  2519 W System.err: val in interceptor: null
05-30 15:02:03.169  2078  2197 W System.err: Seeding context with ref: 19469113
05-30 15:02:03.169  2078  2197 W System.err: val in interceptor: null
05-30 15:02:03.169  2078  2195 W System.err: val in interceptor: null
05-30 15:02:03.171  1456  2205 W AiAiFed : [AiAi SmartSelect FL] Cancelling training failed [mode=FEDERATION, population=aiai/playstore/smartselect/prod/train/en/address-phone-or-pasted-to-non-messaging-apps, session=smartselect/prod/train/en/address-phone-or-pasted-to-non-messaging-apps]
05-30 15:02:03.171  1456  2205 W AiAiFed : java.lang.IllegalArgumentException: Unsupported response code3
05-30 15:02:03.171  1456  2205 W AiAiFed : 	at qgb.run(PG:48)
05-30 15:02:03.171  1456  2205 W AiAiFed : 	at java.util.concurrent.Executors$RunnableAdapter.call(Executors.java:487)
05-30 15:02:03.171  1456  2205 W AiAiFed : 	at java.util.concurrent.FutureTask.run(FutureTask.java:264)
05-30 15:02:03.171  1456  2205 W AiAiFed : 	at java.util.concurrent.ScheduledThreadPoolExecutor$ScheduledFutureTask.run(ScheduledThreadPoolExecutor.java:307)
05-30 15:02:03.171  1456  2205 W AiAiFed : 	at java.util.concurrent.ThreadPoolExecutor.runWorker(ThreadPoolExecutor.java:1145)
05-30 15:02:03.171  1456  2205 W AiAiFed : 	at java.util.concurrent.ThreadPoolExecutor$Worker.run(ThreadPoolExecutor.java:644)
05-30 15:02:03.171  1456  2205 W AiAiFed : 	at java.lang.Thread.run(Thread.java:1012)
05-30 15:02:03.174   566   656 D PackageManager: Instant App installer not found with android.intent.action.INSTALL_INSTANT_APP_PACKAGE
05-30 15:02:03.176   566   656 D PackageManager: Clear ephemeral installer activity
05-30 15:02:03.180  1456  2205 W AiAiFed : [AiAi SmartSelect FL] Cancelling training failed [mode=FEDERATION, population=aiai/playstore/smartselect/prod/train/en/address-phone-or-pasted-to-non-messaging-apps, session=smartselect/prod/train/en/address-phone-or-pasted-to-non-messaging-apps]
05-30 15:02:03.180  1456  2205 W AiAiFed : zkd: UNKNOWN
05-30 15:02:03.180  1456  2205 W AiAiFed : 	at zkb.i(PG:3)
05-30 15:02:03.180  1456  2205 W AiAiFed : 	at aaac.cB(PG:15)
05-30 15:02:03.180  1456  2205 W AiAiFed : 	at zom.a(PG:32)
05-30 15:02:03.180  1456  2205 W AiAiFed : 	at zpd.run(PG:7)
05-30 15:02:03.180  1456  2205 W AiAiFed : 	at zvw.run(PG:17)
05-30 15:02:03.180  1456  2205 W AiAiFed : 	at java.util.concurrent.ThreadPoolExecutor.runWorker(ThreadPoolExecutor.java:1145)
05-30 15:02:03.180  1456  2205 W AiAiFed : 	at java.util.concurrent.ThreadPoolExecutor$Worker.run(ThreadPoolExecutor.java:644)
05-30 15:02:03.180  1456  2205 W AiAiFed : 	at java.lang.Thread.run(Thread.java:1012)
05-30 15:02:03.180  1456  2205 W AiAiFed : [AiAi SmartSelect FL] Cancelling training failed [mode=FEDERATION, population=aiai/playstore/smartselect/prod/train/en/address-or-pasted-to-map-apps, session=smartselect/prod/train/en/address-or-pasted-to-map-apps]
05-30 15:02:03.180  1456  2205 W AiAiFed : java.lang.IllegalArgumentException: Unsupported response code3
05-30 15:02:03.180  1456  2205 W AiAiFed : 	at qgb.run(PG:48)
05-30 15:02:03.180  1456  2205 W AiAiFed : 	at java.util.concurrent.Executors$RunnableAdapter.call(Executors.java:487)
05-30 15:02:03.180  1456  2205 W AiAiFed : 	at java.util.concurrent.FutureTask.run(FutureTask.java:264)
05-30 15:02:03.180  1456  2205 W AiAiFed : 	at java.util.concurrent.ScheduledThreadPoolExecutor$ScheduledFutureTask.run(ScheduledThreadPoolExecutor.java:307)
05-30 15:02:03.180  1456  2205 W AiAiFed : 	at java.util.concurrent.ThreadPoolExecutor.runWorker(ThreadPoolExecutor.java:1145)
05-30 15:02:03.180  1456  2205 W AiAiFed : 	at java.util.concurrent.ThreadPoolExecutor$Worker.run(ThreadPoolExecutor.java:644)
05-30 15:02:03.180  1456  2205 W AiAiFed : 	at java.lang.Thread.run(Thread.java:1012)
05-30 15:02:03.182  1482  1812 I Ma-Entry-Triggering-CreateConfig: (REDACTED) #initialConfig Current Locale set to: %s
05-30 15:02:03.182  1482  1812 I Ma-Entry-Triggering-CreateConfig: (REDACTED) #initialConfig Assistant is currently enabled: %s
05-30 15:02:03.183   922   962 W Looper  : Slow delivery took 31ms wmshell.main h=android.os.Handler c=com.android.wm.shell.bubbles.BubbleController$$ExternalSyntheticLambda6@11b8887 m=0
05-30 15:02:03.184  1482  1812 I Ma-Entry-Triggering-CreateConfig: (REDACTED) #initialConfig InputModality is currently: %s
05-30 15:02:03.185   922   962 W Looper  : Drained
05-30 15:02:03.186  1456  2205 W AiAiFed : [AiAi SmartSelect FL] Cancelling training failed [mode=FEDERATION, population=aiai/playstore/smartselect/prod/train/en/address-or-pasted-to-map-apps, session=smartselect/prod/train/en/address-or-pasted-to-map-apps]
05-30 15:02:03.186  1456  2205 W AiAiFed : zkd: UNKNOWN
05-30 15:02:03.186  1456  2205 W AiAiFed : 	at zkb.i(PG:3)
05-30 15:02:03.186  1456  2205 W AiAiFed : 	at aaac.cB(PG:15)
05-30 15:02:03.186  1456  2205 W AiAiFed : 	at zom.a(PG:32)
05-30 15:02:03.186  1456  2205 W AiAiFed : 	at zpd.run(PG:7)
05-30 15:02:03.186  1456  2205 W AiAiFed : 	at zvw.run(PG:17)
05-30 15:02:03.186  1456  2205 W AiAiFed : 	at java.util.concurrent.ThreadPoolExecutor.runWorker(ThreadPoolExecutor.java:1145)
05-30 15:02:03.186  1456  2205 W AiAiFed : 	at java.util.concurrent.ThreadPoolExecutor$Worker.run(ThreadPoolExecutor.java:644)
05-30 15:02:03.186  1456  2205 W AiAiFed : 	at java.lang.Thread.run(Thread.java:1012)
05-30 15:02:03.189  1562  1883 I A       : WeatherWidgetSynclet is disabled, at least Android S and any Pixel is required.
05-30 15:02:03.189  1562  2282 W SearchServiceCore: Abort, client detached.
05-30 15:02:03.189  1562  2282 W SearchServiceCore: Abort, client detached.
05-30 15:02:03.189  1562  2282 W SearchServiceCore: Abort, client detached.
05-30 15:02:03.196   566   998 D PackageManager: Instant App installer not found with android.intent.action.INSTALL_INSTANT_APP_PACKAGE
05-30 15:02:03.197  2078  2192 W System.err: val in interceptor: null
05-30 15:02:03.200  2078  2196 W System.err: Seeding context with ref: 138350979
05-30 15:02:03.200  2078  2196 W System.err: val in interceptor: null
05-30 15:02:03.202  1076  1076 E SmsApplication: com.google.android.apps.messaging lost android:read_cell_broadcasts:  (fixing)
05-30 15:02:03.202  1456  2205 W AiAiFed : [AiAi SmartSelect FL] Cancelling training failed [mode=FEDERATION, population=aiai/playstore/smartselect/prod/train/en/address-phone-or-pasted-to-search-or-browser-apps, session=smartselect/prod/train/en/address-phone-or-pasted-to-search-or-browser-apps]
05-30 15:02:03.202  1456  2205 W AiAiFed : java.lang.IllegalArgumentException: Unsupported response code3
05-30 15:02:03.202  1456  2205 W AiAiFed : 	at qgb.run(PG:48)
05-30 15:02:03.202  1456  2205 W AiAiFed : 	at java.util.concurrent.Executors$RunnableAdapter.call(Executors.java:487)
05-30 15:02:03.202  1456  2205 W AiAiFed : 	at java.util.concurrent.FutureTask.run(FutureTask.java:264)
05-30 15:02:03.202  1456  2205 W AiAiFed : 	at java.util.concurrent.ScheduledThreadPoolExecutor$ScheduledFutureTask.run(ScheduledThreadPoolExecutor.java:307)
05-30 15:02:03.202  1456  2205 W AiAiFed : 	at java.util.concurrent.ThreadPoolExecutor.runWorker(ThreadPoolExecutor.java:1145)
05-30 15:02:03.202  1456  2205 W AiAiFed : 	at java.util.concurrent.ThreadPoolExecutor$Worker.run(ThreadPoolExecutor.java:644)
05-30 15:02:03.202  1456  2205 W AiAiFed : 	at java.lang.Thread.run(Thread.java:1012)
05-30 15:02:03.203  1482  1812 I Ma-Entry-Triggering-CreateConfig: (REDACTED) #initialConfig Speed Bump entry points: %s
05-30 15:02:03.204  2434  2505 I Phlogger: Unable to retrieve flag snapshot for com.google.android.libraries.performance.primes#com.google.android.tts, using defaults.
05-30 15:02:03.204  1562  1562 I BgTaskExecutorImpl: (REDACTED) Starting %s background task %s.
05-30 15:02:03.207  2078  2198 W System.err: val in interceptor: null
05-30 15:02:03.213  1482  1812 I Ma-Entry-Triggering-CreateConfig: (REDACTED) #initialConfig Blocking oobe entrypoints: %s
05-30 15:02:03.213  1482  1812 I Ma-Entry-Triggering-CreateConfig: (REDACTED) #initialConfig Long Press Power Education entrypoints: %s
05-30 15:02:03.213  1482  1812 I Ma-Entry-Triggering-CreateConfig: (REDACTED) #initialConfig Robin entrypoints: %s
05-30 15:02:03.213  1482  1812 I Ma-Entry-Triggering-CreateConfig: (REDACTED) #initialConfig Preferred audio route type: %s
05-30 15:02:03.213  1482  1812 I Ma-Entry-Triggering-CreateConfig: (REDACTED) #initialConfig Earcons to be added: %s
05-30 15:02:03.213  1482  1812 I Ma-Entry-Triggering-CreateConfig: (REDACTED) #initialConfig Mic occupied behavior: %s
05-30 15:02:03.213  1482  1812 I Ma-Entry-Triggering-CreateConfig: (REDACTED) #initialConfig Headphone voice queries and spoken notifications status: %s
05-30 15:02:03.215  1482  1812 I TRG.RoutingOracle: (REDACTED) Invocations routing has changed
05-30 15:02:03.215  1482  1812 I TRG.RoutingOracle: %s
05-30 15:02:03.216   566   998 D PackageManager: Clear ephemeral installer activity
05-30 15:02:03.216   566  1678 D FileUtils: Rounded bytes from 2067865600 to 4000000000
05-30 15:02:03.218  1456  2205 W AiAiFed : [AiAi SmartSelect FL] Cancelling training failed [mode=FEDERATION, population=aiai/playstore/smartselect/prod/train/en/address-phone-other-nonsentences, session=smartselect/prod/train/en/address-phone-other-nonsentences]
05-30 15:02:03.218  1456  2205 W AiAiFed : java.lang.IllegalArgumentException: Unsupported response code3
05-30 15:02:03.218  1456  2205 W AiAiFed : 	at qgb.run(PG:48)
05-30 15:02:03.218  1456  2205 W AiAiFed : 	at java.util.concurrent.Executors$RunnableAdapter.call(Executors.java:487)
05-30 15:02:03.218  1456  2205 W AiAiFed : 	at java.util.concurrent.FutureTask.run(FutureTask.java:264)
05-30 15:02:03.218  1456  2205 W AiAiFed : 	at java.util.concurrent.ScheduledThreadPoolExecutor$ScheduledFutureTask.run(ScheduledThreadPoolExecutor.java:307)
05-30 15:02:03.218  1456  2205 W AiAiFed : 	at java.util.concurrent.ThreadPoolExecutor.runWorker(ThreadPoolExecutor.java:1145)
05-30 15:02:03.218  1456  2205 W AiAiFed : 	at java.util.concurrent.ThreadPoolExecutor$Worker.run(ThreadPoolExecutor.java:644)
05-30 15:02:03.218  1456  2205 W AiAiFed : 	at java.lang.Thread.run(Thread.java:1012)
05-30 15:02:03.219   566  1613 W JobInfo : Job 'com.google.android.googlequicksearchbox/com.google.android.apps.gsa.tasks.BackgroundTasksJobService#-151' has a deadline with no functional constraints. The deadline won't improve job execution latency. Consider removing the deadline.
05-30 15:02:03.222   367   413 I netd    : tetherGetStats() -> {[]} <2.16ms>
05-30 15:02:03.223  1482  2097 E HDM.HotwordInfoProvider: (REDACTED) Hotword model location is null, isAlwaysOnEnabled : %b, isFromAnyScreenEnabled : %b
05-30 15:02:03.223  1482  2097 I HDM.HotwordInfoProvider: onSuccess getHotwordInformation
05-30 15:02:03.224  1522  2537 D CellBroadcastConfigService: Enable CellBroadcast on sub 1
05-30 15:02:03.225  2078  2193 W System.err: Seeding context with ref: 142774016
05-30 15:02:03.225  2078  2193 W System.err: val in interceptor: null
05-30 15:02:03.226  1456  2205 W AiAiFed : [AiAi SmartSelect FL] Cancelling training failed [mode=FEDERATION, population=aiai/playstore/smartselect/prod/train/en/address-phone-other-nonsentences, session=smartselect/prod/train/en/address-phone-other-nonsentences]
05-30 15:02:03.226  1456  2205 W AiAiFed : zkd: UNKNOWN
05-30 15:02:03.226  1456  2205 W AiAiFed : 	at zkb.i(PG:3)
05-30 15:02:03.226  1456  2205 W AiAiFed : 	at aaac.cB(PG:15)
05-30 15:02:03.226  1456  2205 W AiAiFed : 	at zom.a(PG:32)
05-30 15:02:03.226  1456  2205 W AiAiFed : 	at zpd.run(PG:7)
05-30 15:02:03.226  1456  2205 W AiAiFed : 	at zvw.run(PG:17)
05-30 15:02:03.226  1456  2205 W AiAiFed : 	at java.util.concurrent.ThreadPoolExecutor.runWorker(ThreadPoolExecutor.java:1145)
05-30 15:02:03.226  1456  2205 W AiAiFed : 	at java.util.concurrent.ThreadPoolExecutor$Worker.run(ThreadPoolExecutor.java:644)
05-30 15:02:03.226  1456  2205 W AiAiFed : 	at java.lang.Thread.run(Thread.java:1012)
05-30 15:02:03.227   566  1876 W AppOpService: Ignored setUidMode call for runtime permission app op: uid = 10136, code = READ_CELL_BROADCASTS, mode = allow, callingUid = 1001, oldMode = allow
05-30 15:02:03.228   566   650 D NativeLibraryHelper: Punching extracted elf file libapp.so on fs:61267
05-30 15:02:03.228   566   650 D FileSystemUtils: Punching holes in file: /data/app/vmdl1356633525.tmp/lib/x86_64/libapp.so programHeaderOffset: 64 programHeaderNum: 7
05-30 15:02:03.229  2078  2511 W System.err: Seeding context with ref: 54197846
05-30 15:02:03.229  2078  2511 W System.err: val in interceptor: null
05-30 15:02:03.231   566   650 D FileSystemUtils: Total number of LOAD segments 3
05-30 15:02:03.231   566   650 D FileSystemUtils: Size before punching holes st_blocks: 44560, st_blksize: 4096, st_size: 22807440
05-30 15:02:03.232  1456  2205 W AiAiFed : [AiAi SmartSelect FL] Cancelling training failed [mode=FEDERATION, population=aiai/playstore/smartselect/prod/train/en/address-otp-copied, session=smartselect/prod/train/en/address-otp-copied]
05-30 15:02:03.232  1456  2205 W AiAiFed : java.lang.IllegalArgumentException: Unsupported response code3
05-30 15:02:03.232  1456  2205 W AiAiFed : 	at qgb.run(PG:48)
05-30 15:02:03.232  1456  2205 W AiAiFed : 	at java.util.concurrent.Executors$RunnableAdapter.call(Executors.java:487)
05-30 15:02:03.232  1456  2205 W AiAiFed : 	at java.util.concurrent.FutureTask.run(FutureTask.java:264)
05-30 15:02:03.232  1456  2205 W AiAiFed : 	at java.util.concurrent.ScheduledThreadPoolExecutor$ScheduledFutureTask.run(ScheduledThreadPoolExecutor.java:307)
05-30 15:02:03.232  1456  2205 W AiAiFed : 	at java.util.concurrent.ThreadPoolExecutor.runWorker(ThreadPoolExecutor.java:1145)
05-30 15:02:03.232  1456  2205 W AiAiFed : 	at java.util.concurrent.ThreadPoolExecutor$Worker.run(ThreadPoolExecutor.java:644)
05-30 15:02:03.232  1456  2205 W AiAiFed : 	at java.lang.Thread.run(Thread.java:1012)
05-30 15:02:03.232   566   650 D FileSystemUtils: Punching holes for length:61630 content which should be zero: 0000000000000000000000000000000000000000000000000000000000000000000000000000000000000000000000000000000000000000000000000000000000000000000000000000000000000000000000000000000000000000000000000000000000000000000000000000000000000000000000000000000000000000000000000000000000000000000000000000000000000000000000000000000000000000000000000000000000000000000000000000000000000000000000000000000000000000000000000000000000000000000000000000000000000000000000000000000000000000000000000000000000000000000000000000000000000000000000000000000000000000000000000000000000000000000000000000000000000000000000000000000000000000000000000000000000000000000000000000000000000000000000000000000000000000000000000000000000000000000000000000000000000000000000000000000000000000000000000000000000000000000000000000000000000000000000000000000000000000000000000000000000000000000000000000000000000000000000000000000000000000000000000000000000000000000000000000000000000000000000000
05-30 15:02:03.233  2078  2510 W System.err: Seeding context with ref: 102805207
05-30 15:02:03.235  1562  1885 D nativeloader: Load /product/priv-app/Velvet/Velvet.apk!/lib/x86_64/libcronet.127.0.6493.0.so using ns product-clns-7 from class loader (caller=/product/priv-app/Velvet/Velvet.apk!classes11.dex): ok
05-30 15:02:03.237  1456  2205 W AiAiFed : [AiAi SmartSelect FL] Cancelling training failed [mode=FEDERATION, population=aiai/playstore/smartselect/prod/train/en/address-otp-copied, session=smartselect/prod/train/en/address-otp-copied]
05-30 15:02:03.237  1456  2205 W AiAiFed : zkd: UNKNOWN
05-30 15:02:03.237  1456  2205 W AiAiFed : 	at zkb.i(PG:3)
05-30 15:02:03.237  1456  2205 W AiAiFed : 	at aaac.cB(PG:15)
05-30 15:02:03.237  1456  2205 W AiAiFed : 	at zom.a(PG:32)
05-30 15:02:03.237  1456  2205 W AiAiFed : 	at zpd.run(PG:7)
05-30 15:02:03.237  1456  2205 W AiAiFed : 	at zvw.run(PG:17)
05-30 15:02:03.237  1456  2205 W AiAiFed : 	at java.util.concurrent.ThreadPoolExecutor.runWorker(ThreadPoolExecutor.java:1145)
05-30 15:02:03.237  1456  2205 W AiAiFed : 	at java.util.concurrent.ThreadPoolExecutor$Worker.run(ThreadPoolExecutor.java:644)
05-30 15:02:03.237  1456  2205 W AiAiFed : 	at java.lang.Thread.run(Thread.java:1012)
05-30 15:02:03.238  2078  2510 W System.err: val in interceptor: null
05-30 15:02:03.241  1456  2205 W AiAiFed : [AiAi SmartSelect FL] Cancelling training failed [mode=FEDERATION, population=aiai/playstore/smartselect/prod/train/en/address-phone-otp, session=smartselect/prod/train/en/address-phone-otp]
05-30 15:02:03.241  1456  2205 W AiAiFed : java.lang.IllegalArgumentException: Unsupported response code3
05-30 15:02:03.241  1456  2205 W AiAiFed : 	at qgb.run(PG:48)
05-30 15:02:03.241  1456  2205 W AiAiFed : 	at java.util.concurrent.Executors$RunnableAdapter.call(Executors.java:487)
05-30 15:02:03.241  1456  2205 W AiAiFed : 	at java.util.concurrent.FutureTask.run(FutureTask.java:264)
05-30 15:02:03.241  1456  2205 W AiAiFed : 	at java.util.concurrent.ScheduledThreadPoolExecutor$ScheduledFutureTask.run(ScheduledThreadPoolExecutor.java:307)
05-30 15:02:03.241  1456  2205 W AiAiFed : 	at java.util.concurrent.ThreadPoolExecutor.runWorker(ThreadPoolExecutor.java:1145)
05-30 15:02:03.241  1456  2205 W AiAiFed : 	at java.util.concurrent.ThreadPoolExecutor$Worker.run(ThreadPoolExecutor.java:644)
05-30 15:02:03.241  1456  2205 W AiAiFed : 	at java.lang.Thread.run(Thread.java:1012)
05-30 15:02:03.241   566   650 D FileSystemUtils: Punching hole in file - start: 8654848 len:61440
05-30 15:02:03.241  2078  2191 W System.err: Seeding context with ref: 41558980
05-30 15:02:03.242   566   650 D FileSystemUtils: Punching holes for length:60560 content which should be zero: 0000000000000000000000000000000000000000000000000000000000000000000000000000000000000000000000000000000000000000000000000000000000000000000000000000000000000000000000000000000000000000000000000000000000000000000000000000000000000000000000000000000000000000000000000000000000000000000000000000000000000000000000000000000000000000000000000000000000000000000000000000000000000000000000000000000000000000000000000000000000000000000000000000000000000000000000000000000000000000000000000000000000000000000000000000000000000000000000000000000000000000000000000000000000000000000000000000000000000000000000000000000000000000000000000000000000000000000000000000000000000000000000000000000000000000000000000000000000000000000000000000000000000000000000000000000000000000000000000000000000000000000000000000000000000000000000000000000000000000000000000000000000000000000000000000000000000000000000000000000000000000000000000000000000000000000000000000000000000000000000000
05-30 15:02:03.242  2078  2512 W System.err: Seeding context with ref: 5726579
05-30 15:02:03.242  2078  2512 W System.err: val in interceptor: null
05-30 15:02:03.243  2078  2526 W System.err: Seeding context with ref: 258690962
05-30 15:02:03.243  2078  2526 W System.err: val in interceptor: null
05-30 15:02:03.243  2078  2523 W System.err: Seeding context with ref: 266046819
05-30 15:02:03.243  2078  2523 W System.err: val in interceptor: null
05-30 15:02:03.243  2078  2527 W System.err: Seeding context with ref: 52530528
05-30 15:02:03.243  2078  2527 W System.err: val in interceptor: null
05-30 15:02:03.243  1456  2205 W AiAiFed : [AiAi SmartSelect FL] Cancelling training failed [mode=FEDERATION, population=aiai/playstore/smartselect/prod/train/en/address-phone-otp, session=smartselect/prod/train/en/address-phone-otp]
05-30 15:02:03.243  1456  2205 W AiAiFed : zkd: UNKNOWN
05-30 15:02:03.243  1456  2205 W AiAiFed : 	at zkb.i(PG:3)
05-30 15:02:03.243  1456  2205 W AiAiFed : 	at aaac.cB(PG:15)
05-30 15:02:03.243  1456  2205 W AiAiFed : 	at zom.a(PG:32)
05-30 15:02:03.243  1456  2205 W AiAiFed : 	at zpd.run(PG:7)
05-30 15:02:03.243  1456  2205 W AiAiFed : 	at zvw.run(PG:17)
05-30 15:02:03.243  1456  2205 W AiAiFed : 	at java.util.concurrent.ThreadPoolExecutor.runWorker(ThreadPoolExecutor.java:1145)
05-30 15:02:03.243  1456  2205 W AiAiFed : 	at java.util.concurrent.ThreadPoolExecutor$Worker.run(ThreadPoolExecutor.java:644)
05-30 15:02:03.243  1456  2205 W AiAiFed : 	at java.lang.Thread.run(Thread.java:1012)
05-30 15:02:03.243  1456  2205 W AiAiFed : [AiAi SmartSelect FL] Cancelling training failed [mode=FEDERATION, population=aiai/playstore/smartselect/prod/train/en/address-phone-otp-copied, session=smartselect/prod/train/en/address-phone-otp-copied]
05-30 15:02:03.243  1456  2205 W AiAiFed : java.lang.IllegalArgumentException: Unsupported response code3
05-30 15:02:03.243  1456  2205 W AiAiFed : 	at qgb.run(PG:48)
05-30 15:02:03.243  1456  2205 W AiAiFed : 	at java.util.concurrent.Executors$RunnableAdapter.call(Executors.java:487)
05-30 15:02:03.243  1456  2205 W AiAiFed : 	at java.util.concurrent.FutureTask.run(FutureTask.java:264)
05-30 15:02:03.243  1456  2205 W AiAiFed : 	at java.util.concurrent.ScheduledThreadPoolExecutor$ScheduledFutureTask.run(ScheduledThreadPoolExecutor.java:307)
05-30 15:02:03.243  1456  2205 W AiAiFed : 	at java.util.concurrent.ThreadPoolExecutor.runWorker(ThreadPoolExecutor.java:1145)
05-30 15:02:03.243  1456  2205 W AiAiFed : 	at java.util.concurrent.ThreadPoolExecutor$Worker.run(ThreadPoolExecutor.java:644)
05-30 15:02:03.243  1456  2205 W AiAiFed : 	at java.lang.Thread.run(Thread.java:1012)
05-30 15:02:03.243  1456  2205 W AiAiFed : [AiAi SmartSelect FL] Cancelling training failed [mode=FEDERATION, population=aiai/playstore/smartselect/prod/train/en/address-phone-otp-copied, session=smartselect/prod/train/en/address-phone-otp-copied]
05-30 15:02:03.243  1456  2205 W AiAiFed : zkd: UNKNOWN
05-30 15:02:03.243  1456  2205 W AiAiFed : 	at zkb.i(PG:3)
05-30 15:02:03.243  1456  2205 W AiAiFed : 	at aaac.cB(PG:15)
05-30 15:02:03.243  1456  2205 W AiAiFed : 	at zom.a(PG:32)
05-30 15:02:03.243  1456  2205 W AiAiFed : 	at zpd.run(PG:7)
05-30 15:02:03.243  1456  2205 W AiAiFed : 	at zvw.run(PG:17)
05-30 15:02:03.243  1456  2205 W AiAiFed : 	at java.util.concurrent.ThreadPoolExecutor.runWorker(ThreadPoolExecutor.java:1145)
05-30 15:02:03.243  1456  2205 W AiAiFed : 	at java.util.concurrent.ThreadPoolExecutor$Worker.run(ThreadPoolExecutor.java:644)
05-30 15:02:03.243  1456  2205 W AiAiFed : 	at java.lang.Thread.run(Thread.java:1012)
05-30 15:02:03.243  1456  2205 W AiAiFed : [AiAi SmartSelect FL] Cancelling training failed [mode=FEDERATION, population=aiai/playstore/smartselect/prod/train/en/selected-in-search-or-browser-apps, session=smartselect/prod/train/en/selected-in-search-or-browser-apps]
05-30 15:02:03.243  1456  2205 W AiAiFed : java.lang.IllegalArgumentException: Unsupported response code3
05-30 15:02:03.243  1456  2205 W AiAiFed : 	at qgb.run(PG:48)
05-30 15:02:03.243  1456  2205 W AiAiFed : 	at java.util.concurrent.Executors$RunnableAdapter.call(Executors.java:487)
05-30 15:02:03.243  1456  2205 W AiAiFed : 	at java.util.concurrent.FutureTask.run(FutureTask.java:264)
05-30 15:02:03.243  1456  2205 W AiAiFed : 	at java.util.concurrent.ScheduledThreadPoolExecutor$ScheduledFutureTask.run(ScheduledThreadPoolExecutor.java:307)
05-30 15:02:03.243  1456  2205 W AiAiFed : 	at java.util.concurrent.ThreadPoolExecutor.runWorker(ThreadPoolExecutor.java:1145)
05-30 15:02:03.243  1456  2205 W AiAiFed : 	at java.util.concurrent.ThreadPoolExecutor$Worker.run(ThreadPoolExecutor.java:644)
05-30 15:02:03.243  1456  2205 W AiAiFed : 	at java.lang.Thread.run(Thread.java:1012)
05-30 15:02:03.243  1456  2205 W AiAiFed : [AiAi SmartSelect FL] Cancelling training failed [mode=FEDERATION, population=aiai/playstore/smartselect/prod/train/en/selected-in-search-or-browser-apps, session=smartselect/prod/train/en/selected-in-search-or-browser-apps]
05-30 15:02:03.243  1456  2205 W AiAiFed : zkd: UNKNOWN
05-30 15:02:03.243  1456  2205 W AiAiFed : 	at zkb.i(PG:3)
05-30 15:02:03.243  1456  2205 W AiAiFed : 	at aaac.cB(PG:15)
05-30 15:02:03.243  1456  2205 W AiAiFed : 	at zom.a(PG:32)
05-30 15:02:03.243  1456  2205 W AiAiFed : 	at zpd.run(PG:7)
05-30 15:02:03.243  1456  2205 W AiAiFed : 	at zvw.run(PG:17)
05-30 15:02:03.243  1456  2205 W AiAiFed : 	at java.util.concurrent.ThreadPoolExecutor.runWorker(ThreadPoolExecutor.java:1145)
05-30 15:02:03.243  1456  2205 W AiAiFed : 	at java.util.concurrent.ThreadPoolExecutor$Worker.run(ThreadPoolExecutor.java:644)
05-30 15:02:03.243  1456  2205 W AiAiFed : 	at java.lang.Thread.run(Thread.java:1012)
05-30 15:02:03.243  1456  2205 W AiAiFed : [AiAi SmartSelect FL] Cancelling training failed [mode=FEDERATION, population=aiai/playstore/smartselect/prod/train/en/address-otp, session=smartselect/prod/train/en/address-otp]
05-30 15:02:03.243  1456  2205 W AiAiFed : java.lang.IllegalArgumentException: Unsupported response code3
05-30 15:02:03.243  1456  2205 W AiAiFed : 	at qgb.run(PG:48)
05-30 15:02:03.243  1456  2205 W AiAiFed : 	at java.util.concurrent.Executors$RunnableAdapter.call(Executors.java:487)
05-30 15:02:03.243  1456  2205 W AiAiFed : 	at java.util.concurrent.FutureTask.run(FutureTask.java:264)
05-30 15:02:03.243  1456  2205 W AiAiFed : 	at java.util.concurrent.ScheduledThreadPoolExecutor$ScheduledFutureTask.run(ScheduledThreadPoolExecutor.java:307)
05-30 15:02:03.243  1456  2205 W AiAiFed : 	at java.util.concurrent.ThreadPoolExecutor.runWorker(ThreadPoolExecutor.java:1145)
05-30 15:02:03.243  1456  2205 W AiAiFed : 	at java.util.concurrent.ThreadPoolExecutor$Worker.run(ThreadPoolExecutor.java:644)
05-30 15:02:03.243  1456  2205 W AiAiFed : 	at java.lang.Thread.run(Thread.java:1012)
05-30 15:02:03.244  1456  2205 W AiAiFed : [AiAi SmartSelect FL] Cancelling training failed [mode=FEDERATION, population=aiai/playstore/smartselect/prod/train/en/address-otp, session=smartselect/prod/train/en/address-otp]
05-30 15:02:03.244  1456  2205 W AiAiFed : zkd: UNKNOWN
05-30 15:02:03.244  1456  2205 W AiAiFed : 	at zkb.i(PG:3)
05-30 15:02:03.244  1456  2205 W AiAiFed : 	at aaac.cB(PG:15)
05-30 15:02:03.244  1456  2205 W AiAiFed : 	at zom.a(PG:32)
05-30 15:02:03.244  1456  2205 W AiAiFed : 	at zpd.run(PG:7)
05-30 15:02:03.244  1456  2205 W AiAiFed : 	at zvw.run(PG:17)
05-30 15:02:03.244  1456  2205 W AiAiFed : 	at java.util.concurrent.ThreadPoolExecutor.runWorker(ThreadPoolExecutor.java:1145)
05-30 15:02:03.244  1456  2205 W AiAiFed : 	at java.util.concurrent.ThreadPoolExecutor$Worker.run(ThreadPoolExecutor.java:644)
