05-30 15:02:03.480  1562  2282 W SearchServiceCore: Abort, client detached.
05-30 15:02:03.480  1456  2205 W AiAiFed : [AiAi SimpleStorage Federated Collection] Cancelling training failed [mode=FEDERATION, population=aiai/playstore/smartselect/train/en/all-pasted-to-apps, session=smartselect/train/en/all-pasted-to-apps]
05-30 15:02:03.480  1456  2205 W AiAiFed : java.lang.IllegalArgumentException: Unsupported response code3
05-30 15:02:03.480  1456  2205 W AiAiFed : 	at qgb.run(PG:48)
05-30 15:02:03.480  1456  2205 W AiAiFed : 	at java.util.concurrent.Executors$RunnableAdapter.call(Executors.java:487)
05-30 15:02:03.480  1456  2205 W AiAiFed : 	at java.util.concurrent.FutureTask.run(FutureTask.java:264)
05-30 15:02:03.480  1456  2205 W AiAiFed : 	at java.util.concurrent.ScheduledThreadPoolExecutor$ScheduledFutureTask.run(ScheduledThreadPoolExecutor.java:307)
05-30 15:02:03.480  1456  2205 W AiAiFed : 	at java.util.concurrent.ThreadPoolExecutor.runWorker(ThreadPoolExecutor.java:1145)
05-30 15:02:03.480  1456  2205 W AiAiFed : 	at java.util.concurrent.ThreadPoolExecutor$Worker.run(ThreadPoolExecutor.java:644)
05-30 15:02:03.480  1456  2205 W AiAiFed : 	at java.lang.Thread.run(Thread.java:1012)
05-30 15:02:03.480   566  1227 W AppOpService: Ignored setUidMode call for runtime permission app op: uid = 1001, code = READ_CELL_BROADCASTS, mode = allow, callingUid = 1001, oldMode = allow
05-30 15:02:03.481   566   650 D NativeLibraryHelper: Punching extracted elf file libdartjni.so on fs:61267
05-30 15:02:03.481   566   650 D FileSystemUtils: Punching holes in file: /data/app/vmdl1356633525.tmp/lib/x86_64/libdartjni.so programHeaderOffset: 64 programHeaderNum: 9
05-30 15:02:03.481   566   650 D FileSystemUtils: Total number of LOAD segments 3
05-30 15:02:03.481   566   650 D FileSystemUtils: Size before punching holes st_blocks: 224, st_blksize: 4096, st_size: 108464
05-30 15:02:03.481   566   650 D FileSystemUtils: Size after punching holes st_blocks: 224, st_blksize: 4096, st_size: 108464
05-30 15:02:03.481  1562  2282 W SearchServiceCore: Abort, client detached.
05-30 15:02:03.481  1562  2282 W SearchServiceCore: Abort, client detached.
05-30 15:02:03.481  1562  2282 W SearchServiceCore: Abort, client detached.
05-30 15:02:03.484   566   588 D ColorDisplayService: Setting saturation level: 100
05-30 15:02:03.487  1456  2205 W AiAiFed : [AiAi SimpleStorage Federated Collection] Cancelling training failed [mode=FEDERATION, population=aiai/playstore/smartselect/train/en/all-pasted-to-apps, session=smartselect/train/en/all-pasted-to-apps]
05-30 15:02:03.487  1456  2205 W AiAiFed : zkd: UNKNOWN
05-30 15:02:03.487  1456  2205 W AiAiFed : 	at zkb.i(PG:3)
05-30 15:02:03.487  1456  2205 W AiAiFed : 	at aaac.cB(PG:15)
05-30 15:02:03.487  1456  2205 W AiAiFed : 	at zom.a(PG:32)
05-30 15:02:03.487  1456  2205 W AiAiFed : 	at zpd.run(PG:7)
05-30 15:02:03.487  1456  2205 W AiAiFed : 	at zvw.run(PG:17)
05-30 15:02:03.487  1456  2205 W AiAiFed : 	at java.util.concurrent.ThreadPoolExecutor.runWorker(ThreadPoolExecutor.java:1145)
05-30 15:02:03.487  1456  2205 W AiAiFed : 	at java.util.concurrent.ThreadPoolExecutor$Worker.run(ThreadPoolExecutor.java:644)
05-30 15:02:03.487  1456  2205 W AiAiFed : 	at java.lang.Thread.run(Thread.java:1012)
05-30 15:02:03.488  1456  2205 W AiAiFed : [AiAi SimpleStorage Federated Collection] Cancelling training failed [mode=FEDERATION, population=aiai/playstore/smartselect/train/en/all-non-translate, session=smartselect/train/en/all-non-translate]
05-30 15:02:03.488  1456  2205 W AiAiFed : java.lang.IllegalArgumentException: Unsupported response code3
05-30 15:02:03.488  1456  2205 W AiAiFed : 	at qgb.run(PG:48)
05-30 15:02:03.488  1456  2205 W AiAiFed : 	at java.util.concurrent.Executors$RunnableAdapter.call(Executors.java:487)
05-30 15:02:03.488  1456  2205 W AiAiFed : 	at java.util.concurrent.FutureTask.run(FutureTask.java:264)
05-30 15:02:03.488  1456  2205 W AiAiFed : 	at java.util.concurrent.ScheduledThreadPoolExecutor$ScheduledFutureTask.run(ScheduledThreadPoolExecutor.java:307)
05-30 15:02:03.488  1456  2205 W AiAiFed : 	at java.util.concurrent.ThreadPoolExecutor.runWorker(ThreadPoolExecutor.java:1145)
05-30 15:02:03.488  1456  2205 W AiAiFed : 	at java.util.concurrent.ThreadPoolExecutor$Worker.run(ThreadPoolExecutor.java:644)
05-30 15:02:03.488  1456  2205 W AiAiFed : 	at java.lang.Thread.run(Thread.java:1012)
05-30 15:02:03.488  1456  2205 W AiAiFed : [AiAi SimpleStorage Federated Collection] Cancelling training failed [mode=FEDERATION, population=aiai/playstore/smartselect/train/en/all-non-translate, session=smartselect/train/en/all-non-translate]
05-30 15:02:03.488  1456  2205 W AiAiFed : zkd: UNKNOWN
05-30 15:02:03.488  1456  2205 W AiAiFed : 	at zkb.i(PG:3)
05-30 15:02:03.488  1456  2205 W AiAiFed : 	at aaac.cB(PG:15)
05-30 15:02:03.488  1456  2205 W AiAiFed : 	at zom.a(PG:32)
05-30 15:02:03.488  1456  2205 W AiAiFed : 	at zpd.run(PG:7)
05-30 15:02:03.488  1456  2205 W AiAiFed : 	at zvw.run(PG:17)
05-30 15:02:03.488  1456  2205 W AiAiFed : 	at java.util.concurrent.ThreadPoolExecutor.runWorker(ThreadPoolExecutor.java:1145)
05-30 15:02:03.488  1456  2205 W AiAiFed : 	at java.util.concurrent.ThreadPoolExecutor$Worker.run(ThreadPoolExecutor.java:644)
05-30 15:02:03.488  1456  2205 W AiAiFed : 	at java.lang.Thread.run(Thread.java:1012)
05-30 15:02:03.488  1456  2205 W AiAiFed : [AiAi SimpleStorage Federated Collection] Cancelling training failed [mode=FEDERATION, population=aiai/playstore/smartselect/train/en/all-non-url-email-cut, session=smartselect/train/en/all-non-url-email-cut]
05-30 15:02:03.488  1456  2205 W AiAiFed : java.lang.IllegalArgumentException: Unsupported response code3
05-30 15:02:03.488  1456  2205 W AiAiFed : 	at qgb.run(PG:48)
05-30 15:02:03.488  1456  2205 W AiAiFed : 	at java.util.concurrent.Executors$RunnableAdapter.call(Executors.java:487)
05-30 15:02:03.488  1456  2205 W AiAiFed : 	at java.util.concurrent.FutureTask.run(FutureTask.java:264)
05-30 15:02:03.488  1456  2205 W AiAiFed : 	at java.util.concurrent.ScheduledThreadPoolExecutor$ScheduledFutureTask.run(ScheduledThreadPoolExecutor.java:307)
05-30 15:02:03.488  1456  2205 W AiAiFed : 	at java.util.concurrent.ThreadPoolExecutor.runWorker(ThreadPoolExecutor.java:1145)
05-30 15:02:03.488  1456  2205 W AiAiFed : 	at java.util.concurrent.ThreadPoolExecutor$Worker.run(ThreadPoolExecutor.java:644)
05-30 15:02:03.488  1456  2205 W AiAiFed : 	at java.lang.Thread.run(Thread.java:1012)
05-30 15:02:03.488  1456  2205 W AiAiFed : [AiAi SimpleStorage Federated Collection] Cancelling training failed [mode=FEDERATION, population=aiai/playstore/smartselect/train/en/all-non-url-email-cut, session=smartselect/train/en/all-non-url-email-cut]
05-30 15:02:03.488  1456  2205 W AiAiFed : zkd: UNKNOWN
05-30 15:02:03.488  1456  2205 W AiAiFed : 	at zkb.i(PG:3)
05-30 15:02:03.488  1456  2205 W AiAiFed : 	at aaac.cB(PG:15)
05-30 15:02:03.488  1456  2205 W AiAiFed : 	at zom.a(PG:32)
05-30 15:02:03.488  1456  2205 W AiAiFed : 	at zpd.run(PG:7)
05-30 15:02:03.488  1456  2205 W AiAiFed : 	at zvw.run(PG:17)
05-30 15:02:03.488  1456  2205 W AiAiFed : 	at java.util.concurrent.ThreadPoolExecutor.runWorker(ThreadPoolExecutor.java:1145)
05-30 15:02:03.488  1456  2205 W AiAiFed : 	at java.util.concurrent.ThreadPoolExecutor$Worker.run(ThreadPoolExecutor.java:644)
05-30 15:02:03.488  1456  2205 W AiAiFed : 	at java.lang.Thread.run(Thread.java:1012)
05-30 15:02:03.488  1456  2205 W AiAiFed : [AiAi SimpleStorage Federated Collection] Cancelling training failed [mode=FEDERATION, population=aiai/playstore/smartselect/train/en/address-phone-other-translate, session=smartselect/train/en/address-phone-other-translate]
05-30 15:02:03.488  1456  2205 W AiAiFed : java.lang.IllegalArgumentException: Unsupported response code3
05-30 15:02:03.488  1456  2205 W AiAiFed : 	at qgb.run(PG:48)
05-30 15:02:03.488  1456  2205 W AiAiFed : 	at java.util.concurrent.Executors$RunnableAdapter.call(Executors.java:487)
05-30 15:02:03.488  1456  2205 W AiAiFed : 	at java.util.concurrent.FutureTask.run(FutureTask.java:264)
05-30 15:02:03.488  1456  2205 W AiAiFed : 	at java.util.concurrent.ScheduledThreadPoolExecutor$ScheduledFutureTask.run(ScheduledThreadPoolExecutor.java:307)
05-30 15:02:03.488  1456  2205 W AiAiFed : 	at java.util.concurrent.ThreadPoolExecutor.runWorker(ThreadPoolExecutor.java:1145)
05-30 15:02:03.488  1456  2205 W AiAiFed : 	at java.util.concurrent.ThreadPoolExecutor$Worker.run(ThreadPoolExecutor.java:644)
05-30 15:02:03.488  1456  2205 W AiAiFed : 	at java.lang.Thread.run(Thread.java:1012)
05-30 15:02:03.488  1456  2205 W AiAiFed : [AiAi SimpleStorage Federated Collection] Cancelling training failed [mode=FEDERATION, population=aiai/playstore/smartselect/train/en/address-phone-other-translate, session=smartselect/train/en/address-phone-other-translate]
05-30 15:02:03.488  1456  2205 W AiAiFed : zkd: UNKNOWN
05-30 15:02:03.488  1456  2205 W AiAiFed : 	at zkb.i(PG:3)
05-30 15:02:03.488  1456  2205 W AiAiFed : 	at aaac.cB(PG:15)
05-30 15:02:03.488  1456  2205 W AiAiFed : 	at zom.a(PG:32)
05-30 15:02:03.488  1456  2205 W AiAiFed : 	at zpd.run(PG:7)
05-30 15:02:03.488  1456  2205 W AiAiFed : 	at zvw.run(PG:17)
05-30 15:02:03.488  1456  2205 W AiAiFed : 	at java.util.concurrent.ThreadPoolExecutor.runWorker(ThreadPoolExecutor.java:1145)
05-30 15:02:03.488  1456  2205 W AiAiFed : 	at java.util.concurrent.ThreadPoolExecutor$Worker.run(ThreadPoolExecutor.java:644)
05-30 15:02:03.488  1456  2205 W AiAiFed : 	at java.lang.Thread.run(Thread.java:1012)
05-30 15:02:03.488  1456  2205 W AiAiFed : [AiAi SimpleStorage Federated Collection] Cancelling training failed [mode=FEDERATION, population=aiai/playstore/smartselect/train/en/address-otp, session=smartselect/train/en/address-otp]
05-30 15:02:03.488  1456  2205 W AiAiFed : java.lang.IllegalArgumentException: Unsupported response code3
05-30 15:02:03.488  1456  2205 W AiAiFed : 	at qgb.run(PG:48)
05-30 15:02:03.488  1456  2205 W AiAiFed : 	at java.util.concurrent.Executors$RunnableAdapter.call(Executors.java:487)
05-30 15:02:03.488  1456  2205 W AiAiFed : 	at java.util.concurrent.FutureTask.run(FutureTask.java:264)
05-30 15:02:03.488  1456  2205 W AiAiFed : 	at java.util.concurrent.ScheduledThreadPoolExecutor$ScheduledFutureTask.run(ScheduledThreadPoolExecutor.java:307)
05-30 15:02:03.488  1456  2205 W AiAiFed : 	at java.util.concurrent.ThreadPoolExecutor.runWorker(ThreadPoolExecutor.java:1145)
05-30 15:02:03.488  1456  2205 W AiAiFed : 	at java.util.concurrent.ThreadPoolExecutor$Worker.run(ThreadPoolExecutor.java:644)
05-30 15:02:03.488  1456  2205 W AiAiFed : 	at java.lang.Thread.run(Thread.java:1012)
05-30 15:02:03.488  1456  2205 W AiAiFed : [AiAi SimpleStorage Federated Collection] Cancelling training failed [mode=FEDERATION, population=aiai/playstore/smartselect/train/en/address-otp, session=smartselect/train/en/address-otp]
05-30 15:02:03.488  1456  2205 W AiAiFed : zkd: UNKNOWN
05-30 15:02:03.488  1456  2205 W AiAiFed : 	at zkb.i(PG:3)
05-30 15:02:03.488  1456  2205 W AiAiFed : 	at aaac.cB(PG:15)
05-30 15:02:03.488  1456  2205 W AiAiFed : 	at zom.a(PG:32)
05-30 15:02:03.488  1456  2205 W AiAiFed : 	at zpd.run(PG:7)
05-30 15:02:03.488  1456  2205 W AiAiFed : 	at zvw.run(PG:17)
05-30 15:02:03.488  1456  2205 W AiAiFed : 	at java.util.concurrent.ThreadPoolExecutor.runWorker(ThreadPoolExecutor.java:1145)
05-30 15:02:03.488  1456  2205 W AiAiFed : 	at java.util.concurrent.ThreadPoolExecutor$Worker.run(ThreadPoolExecutor.java:644)
05-30 15:02:03.488  1456  2205 W AiAiFed : 	at java.lang.Thread.run(Thread.java:1012)
05-30 15:02:03.488  1456  2205 W AiAiFed : [AiAi SimpleStorage Federated Collection] Cancelling training failed [mode=FEDERATION, population=aiai/playstore/smartselect/train/en/pasted-to-search-apps, session=smartselect/train/en/pasted-to-search-apps]
05-30 15:02:03.488  1456  2205 W AiAiFed : java.lang.IllegalArgumentException: Unsupported response code3
05-30 15:02:03.488  1456  2205 W AiAiFed : 	at qgb.run(PG:48)
05-30 15:02:03.488  1456  2205 W AiAiFed : 	at java.util.concurrent.Executors$RunnableAdapter.call(Executors.java:487)
05-30 15:02:03.488  1456  2205 W AiAiFed : 	at java.util.concurrent.FutureTask.run(FutureTask.java:264)
05-30 15:02:03.488  1456  2205 W AiAiFed : 	at java.util.concurrent.ScheduledThreadPoolExecutor$ScheduledFutureTask.run(ScheduledThreadPoolExecutor.java:307)
05-30 15:02:03.488  1456  2205 W AiAiFed : 	at java.util.concurrent.ThreadPoolExecutor.runWorker(ThreadPoolExecutor.java:1145)
05-30 15:02:03.488  1456  2205 W AiAiFed : 	at java.util.concurrent.ThreadPoolExecutor$Worker.run(ThreadPoolExecutor.java:644)
05-30 15:02:03.488  1456  2205 W AiAiFed : 	at java.lang.Thread.run(Thread.java:1012)
05-30 15:02:03.488  1456  2205 W AiAiFed : [AiAi SimpleStorage Federated Collection] Cancelling training failed [mode=FEDERATION, population=aiai/playstore/smartselect/train/en/pasted-to-search-apps, session=smartselect/train/en/pasted-to-search-apps]
05-30 15:02:03.488  1456  2205 W AiAiFed : zkd: UNKNOWN
05-30 15:02:03.488  1456  2205 W AiAiFed : 	at zkb.i(PG:3)
05-30 15:02:03.488  1456  2205 W AiAiFed : 	at aaac.cB(PG:15)
05-30 15:02:03.488  1456  2205 W AiAiFed : 	at zom.a(PG:32)
05-30 15:02:03.488  1456  2205 W AiAiFed : 	at zpd.run(PG:7)
05-30 15:02:03.488  1456  2205 W AiAiFed : 	at zvw.run(PG:17)
05-30 15:02:03.488  1456  2205 W AiAiFed : 	at java.util.concurrent.ThreadPoolExecutor.runWorker(ThreadPoolExecutor.java:1145)
05-30 15:02:03.488  1456  2205 W AiAiFed : 	at java.util.concurrent.ThreadPoolExecutor$Worker.run(ThreadPoolExecutor.java:644)
05-30 15:02:03.488  1456  2205 W AiAiFed : 	at java.lang.Thread.run(Thread.java:1012)
05-30 15:02:03.488   566   566 D TextToSpeechManagerPerUserService: Connected successfully to TTS engine: com.google.android.tts
05-30 15:02:03.489  1456  2059 I TrainerClient: Preparing to schedule training for population:aiai/playstore/smartselect/train/all/all_nonsentences session_name:smartselect/train/all/all_nonsentences
05-30 15:02:03.489  1456  2059 I TrainerClient: Preparing to schedule training for population:aiai/playstore/smartselect/train/en/address session_name:smartselect/train/en/address
05-30 15:02:03.489  2078  2198 W System.err: Seeding context with ref: 39655486
05-30 15:02:03.489  1456  2059 I TrainerClient: Preparing to schedule training for population:aiai/playstore/smartselect/train/en/selected-in-search-or-browser-apps session_name:smartselect/train/en/selected-in-search-or-browser-apps
05-30 15:02:03.489  2078  2520 W System.err: Seeding context with ref: 217736863
05-30 15:02:03.489  1456  2059 I TrainerClient: Preparing to schedule training for population:aiai/playstore/smartselect/train/en/address-or-pasted-to-map-apps session_name:smartselect/train/en/address-or-pasted-to-map-apps
05-30 15:02:03.489  1456  2059 I TrainerClient: Preparing to schedule training for population:aiai/playstore/smartselect/train/en/address-phone-or-pasted-to-search-or-browser-apps session_name:smartselect/train/en/address-phone-or-pasted-to-search-or-browser-apps
05-30 15:02:03.490  2078  2520 W System.err: val in interceptor: null
05-30 15:02:03.490  1456  2059 I TrainerClient: Preparing to schedule training for population:aiai/playstore/smartselect/train/en/pasted-to-search-or-browser-or-named-entity-apps session_name:smartselect/train/en/pasted-to-search-or-browser-or-named-entity-apps
05-30 15:02:03.490  1456  2059 I TrainerClient: Preparing to schedule training for population:aiai/playstore/smartselect/train/en/all session_name:smartselect/train/en/all
05-30 15:02:03.490  2078  2523 W System.err: Seeding context with ref: 266097644
05-30 15:02:03.490  1456  2059 I TrainerClient: Preparing to schedule training for population:aiai/playstore/smartselect/train/all/all session_name:smartselect/train/all/all
05-30 15:02:03.490  2078  2523 W System.err: val in interceptor: null
05-30 15:02:03.490  1456  2059 I TrainerClient: Preparing to schedule training for population:aiai/playstore/smartselect/train/en/address-phone session_name:smartselect/train/en/address-phone
05-30 15:02:03.490  1456  2059 I TrainerClient: Preparing to schedule training for population:aiai/playstore/smartselect/train/en/pasted-to-search-or-browser-apps session_name:smartselect/train/en/pasted-to-search-or-browser-apps
05-30 15:02:03.491  1456  2059 I TrainerClient: Preparing to schedule training for population:aiai/playstore/smartselect/train/en/address-otp-copied session_name:smartselect/train/en/address-otp-copied
05-30 15:02:03.491  1456  2059 I TrainerClient: Preparing to schedule training for population:aiai/playstore/smartselect/train/en/address-phone-or-pasted-to-either-apps session_name:smartselect/train/en/address-phone-or-pasted-to-either-apps
05-30 15:02:03.491  1456  2059 I TrainerClient: Preparing to schedule training for population:aiai/playstore/smartselect/train/en/address-phone-otp session_name:smartselect/train/en/address-phone-otp
05-30 15:02:03.491  1456  2059 I TrainerClient: Preparing to schedule training for population:aiai/playstore/smartselect/train/en/all-pasted-to-none-messaging-apps session_name:smartselect/train/en/all-pasted-to-none-messaging-apps
05-30 15:02:03.492  1456  2059 I TrainerClient: Preparing to schedule training for population:aiai/playstore/smartselect/train/en/address-phone-or-selected-in-non-messaging-apps session_name:smartselect/train/en/address-phone-or-selected-in-non-messaging-apps
05-30 15:02:03.492  2078  2520 W System.err: Seeding context with ref: 115987381
05-30 15:02:03.492  2078  2520 W System.err: val in interceptor: null
05-30 15:02:03.492  2078  2523 W System.err: Seeding context with ref: 51280458
05-30 15:02:03.492  2078  2523 W System.err: val in interceptor: null
05-30 15:02:03.494  1456  2059 I TrainerClient: Preparing to schedule training for population:aiai/playstore/smartselect/train/en/pasted-to-notes-apps session_name:smartselect/train/en/pasted-to-notes-apps
05-30 15:02:03.495  1456  2059 I TrainerClient: Preparing to schedule training for population:aiai/playstore/contentcapture session_name:contentcapture
05-30 15:02:03.495  1456  2059 I TrainerClient: Preparing to schedule training for population:aiai/playstore/livetranslate session_name:livetranslate
05-30 15:02:03.495  1456  2059 I TrainerClient: Preparing to schedule training for population:aiai/playstore/autofill session_name:autofill
05-30 15:02:03.495  1456  2059 I AiAiFedAss: Ekho TTL succeeded.
05-30 15:02:03.495  2078  2510 W System.err: Seeding context with ref: 94948795
05-30 15:02:03.495  2078  2510 W System.err: val in interceptor: null
05-30 15:02:03.495  2078  2527 W System.err: Seeding context with ref: 19972824
05-30 15:02:03.495  2078  2527 W System.err: val in interceptor: null
05-30 15:02:03.496  2078  2526 W System.err: Seeding context with ref: 137426481
05-30 15:02:03.496  2078  2526 W System.err: val in interceptor: null
05-30 15:02:03.497  2078  2520 W System.err: Seeding context with ref: 46264598
05-30 15:02:03.497  2078  2520 W System.err: val in interceptor: null
05-30 15:02:03.497   566  1984 D PackageManager: Instant App installer not found with android.intent.action.INSTALL_INSTANT_APP_PACKAGE
05-30 15:02:03.498  1562  2545 I A       : [Upload] Connected
05-30 15:02:03.500  1482  1812 I TRG.HotwordConsumer: (REDACTED) On hotword consumer changed: %s.
05-30 15:02:03.500  1482  1812 I TRG.HotwordConsumer: (REDACTED) Hotword consumer suppression has changed: %s.
05-30 15:02:03.501  1482  1705 I TRG.HotwordConfigFlow: (REDACTED) Hotword consumer configuration has changed: %s.
05-30 15:02:03.501  2078  2527 W System.err: Seeding context with ref: 17599127
05-30 15:02:03.501  2078  2527 W System.err: val in interceptor: null
05-30 15:02:03.501  2078  2196 W System.err: Seeding context with ref: 207303812
05-30 15:02:03.501  2078  2196 W System.err: val in interceptor: null
05-30 15:02:03.501  2078  2511 W System.err: Seeding context with ref: 250463341
05-30 15:02:03.502  2078  2511 W System.err: val in interceptor: null
05-30 15:02:03.503  2078  2510 W System.err: Seeding context with ref: 107219106
05-30 15:02:03.503  2078  2510 W System.err: val in interceptor: null
05-30 15:02:03.503  1616  1616 I CalendarUpgradeReceiver: Creating or opening calendar database
05-30 15:02:03.505  1562  1883 I A       : #poke(). Scheduling workers.
05-30 15:02:03.507  2078  2510 W System.err: Seeding context with ref: 42285363
05-30 15:02:03.508  2078  2510 W System.err: val in interceptor: null
05-30 15:02:03.508  1482  1884 I TRG.ConfigurationView: (REDACTED) Platform configuration for connection(%s) has changed(@%s):%s
05-30 15:02:03.508  1482  1884 I TRG.Connection: (REDACTED) On platform configuration update(@%s) in connection(%s).
05-30 15:02:03.509  2078  2526 W System.err: Seeding context with ref: 177804528
05-30 15:02:03.509  1482  1884 I Ma-Entry-Triggering: (REDACTED) On platform configuration update(%s).
05-30 15:02:03.509  1482  1884 I Ma-Entry-Triggering: Received ConfigurationUpdate from Triggering API
05-30 15:02:03.509  2078  2526 W System.err: val in interceptor: null
05-30 15:02:03.509  1482  1884 I Ma-Entry-Triggering: (REDACTED) Updated TngActivationStateResult %s
05-30 15:02:03.509  1482  1884 I Ma-Entry-Triggering: (REDACTED) Emit result=%s
05-30 15:02:03.510  2078  2198 W System.err: val in interceptor: null
05-30 15:02:03.510  2078  2198 W System.err: Seeding context with ref: 154090089
05-30 15:02:03.510  2078  2191 W System.err: Seeding context with ref: 52301038
05-30 15:02:03.510  1456  2024 W PackageManager: Failure retrieving text 0x7f130786 in package com.android.systemui
05-30 15:02:03.510  1456  2024 W PackageManager: android.content.res.Resources$NotFoundException: String resource ID #0x7f130786
05-30 15:02:03.510  1456  2024 W PackageManager: 	at android.content.res.Resources.getText(Resources.java:466)
05-30 15:02:03.510  1456  2024 W PackageManager: 	at android.app.ApplicationPackageManager.getText(ApplicationPackageManager.java:2405)
05-30 15:02:03.510  1456  2024 W PackageManager: 	at android.appwidget.AppWidgetProviderInfo.loadDescription(AppWidgetProviderInfo.java:484)
05-30 15:02:03.510  1456  2024 W PackageManager: 	at kml.a(PG:341)
05-30 15:02:03.510  1456  2024 W PackageManager: 	at kmi.b(PG:27)
05-30 15:02:03.510  1456  2024 W PackageManager: 	at aaer.g(PG:13)
05-30 15:02:03.510  1456  2024 W PackageManager: 	at kotlinx.coroutines.DispatchedTask.run(PG:114)
05-30 15:02:03.510  1456  2024 W PackageManager: 	at java.util.concurrent.Executors$RunnableAdapter.call(Executors.java:487)
05-30 15:02:03.510  1456  2024 W PackageManager: 	at wqm.a(PG:3)
05-30 15:02:03.510  1456  2024 W PackageManager: 	at wpo.run(PG:21)
05-30 15:02:03.510  1456  2024 W PackageManager: 	at wqn.run(PG:5)
05-30 15:02:03.510  1456  2024 W PackageManager: 	at java.util.concurrent.Executors$RunnableAdapter.call(Executors.java:487)
05-30 15:02:03.510  1456  2024 W PackageManager: 	at java.util.concurrent.FutureTask.run(FutureTask.java:264)
05-30 15:02:03.510  1456  2024 W PackageManager: 	at java.util.concurrent.ScheduledThreadPoolExecutor$ScheduledFutureTask.run(ScheduledThreadPoolExecutor.java:307)
05-30 15:02:03.510  1456  2024 W PackageManager: 	at java.util.concurrent.ThreadPoolExecutor.runWorker(ThreadPoolExecutor.java:1145)
05-30 15:02:03.510  1456  2024 W PackageManager: 	at java.util.concurrent.ThreadPoolExecutor$Worker.run(ThreadPoolExecutor.java:644)
05-30 15:02:03.510  1456  2024 W PackageManager: 	at hqv.run(PG:221)
05-30 15:02:03.510  1456  2024 W PackageManager: 	at java.lang.Thread.run(Thread.java:1012)
05-30 15:02:03.510  2078  2191 W System.err: val in interceptor: null
05-30 15:02:03.512   566  1984 D PackageManager: Clear ephemeral installer activity
05-30 15:02:03.513  2078  2512 W System.err: Seeding context with ref: 160600092
05-30 15:02:03.513  2078  2512 W System.err: val in interceptor: null
05-30 15:02:03.514  2078  2520 W System.err: Seeding context with ref: 217584677
05-30 15:02:03.514  2078  2520 W System.err: val in interceptor: null
05-30 15:02:03.514   566   588 D ColorDisplayService: GlobalSaturationTintController Animation cancelled: false to matrix: 
05-30 15:02:03.514   566   588 D ColorDisplayService:        1.000000 0.000000 0.000000 0.000000 0.000000 1.000000 0.000000 0.000000 0.000000 0.000000 1.000000 0.000000 0.000000 0.000000 0.000000 1.000000 min matrix coefficients: 
05-30 15:02:03.514   566   588 D ColorDisplayService:        1.000000 0.000000 0.000000 0.000000 0.000000 1.000000 0.000000 0.000000 0.000000 0.000000 1.000000 0.000000 0.000000 0.000000 0.000000 1.000000 max matrix coefficients: 
05-30 15:02:03.514   566   588 D ColorDisplayService:        1.000000 0.000000 0.000000 0.000000 0.000000 1.000000 0.000000 0.000000 0.000000 0.000000 1.000000 0.000000 0.000000 0.000000 0.000000 1.000000
05-30 15:02:03.515  1456  2485 I TextToSpeech: Connected to TTS engine
05-30 15:02:03.521  2078  2198 W System.err: val in interceptor: null
05-30 15:02:03.524  1482  1496 V ClearcutMetricXmitter: Transmission is done.
05-30 15:02:03.525  1456  2205 W AiAiFed : [AiAi SimpleStorage Federated Collection] Cancelling training failed [mode=FEDERATION, population=aiai/playstore/smartselect/train/all/all_nonsentences, session=smartselect/train/all/all_nonsentences]
05-30 15:02:03.525  1456  2205 W AiAiFed : java.lang.IllegalArgumentException: Unsupported response code3
05-30 15:02:03.525  1456  2205 W AiAiFed : 	at qgb.run(PG:48)
05-30 15:02:03.525  1456  2205 W AiAiFed : 	at java.util.concurrent.Executors$RunnableAdapter.call(Executors.java:487)
05-30 15:02:03.525  1456  2205 W AiAiFed : 	at java.util.concurrent.FutureTask.run(FutureTask.java:264)
05-30 15:02:03.525  1456  2205 W AiAiFed : 	at java.util.concurrent.ScheduledThreadPoolExecutor$ScheduledFutureTask.run(ScheduledThreadPoolExecutor.java:307)
05-30 15:02:03.525  1456  2205 W AiAiFed : 	at java.util.concurrent.ThreadPoolExecutor.runWorker(ThreadPoolExecutor.java:1145)
05-30 15:02:03.525  1456  2205 W AiAiFed : 	at java.util.concurrent.ThreadPoolExecutor$Worker.run(ThreadPoolExecutor.java:644)
05-30 15:02:03.525  1456  2205 W AiAiFed : 	at java.lang.Thread.run(Thread.java:1012)
05-30 15:02:03.527   566   594 D ShortcutService: Getting shortcuts for launcher= com.google.android.apps.nexuslauncheruser=0 pkg=com.google.android.gm
05-30 15:02:03.527   566   594 D ShortcutService: Getting shortcuts for launcher= com.google.android.asuser=0 pkg=com.google.android.gm
05-30 15:02:03.527   566   594 D ShortcutService: Getting shortcuts for launcher= com.android.systemuiuser=0 pkg=com.google.android.gm
05-30 15:02:03.528   566   594 D ShortcutService: Getting shortcuts for launcher= com.google.android.apps.nexuslauncheruser=0 pkg=com.google.android.dialer
05-30 15:02:03.528   566   594 D ShortcutService: Getting shortcuts for launcher= com.google.android.asuser=0 pkg=com.google.android.dialer
05-30 15:02:03.528   566   594 D ShortcutService: Getting shortcuts for launcher= com.android.systemuiuser=0 pkg=com.google.android.dialer
05-30 15:02:03.528   566   594 D ShortcutService: Getting shortcuts for launcher= com.google.android.apps.nexuslauncheruser=0 pkg=com.google.android.apps.docs
05-30 15:02:03.528   566   594 D ShortcutService: Getting shortcuts for launcher= com.google.android.asuser=0 pkg=com.google.android.apps.docs
05-30 15:02:03.528   566   594 D ShortcutService: Getting shortcuts for launcher= com.android.systemuiuser=0 pkg=com.google.android.apps.docs
05-30 15:02:03.528   566   594 D ShortcutService: Getting shortcuts for launcher= com.google.android.apps.nexuslauncheruser=0 pkg=com.google.android.apps.maps
05-30 15:02:03.528   566   594 D ShortcutService: Getting shortcuts for launcher= com.google.android.asuser=0 pkg=com.google.android.apps.maps
05-30 15:02:03.528   566   594 D ShortcutService: Getting shortcuts for launcher= com.android.systemuiuser=0 pkg=com.google.android.apps.maps
05-30 15:02:03.528   566   594 D ShortcutService: Getting shortcuts for launcher= com.google.android.apps.nexuslauncheruser=0 pkg=com.google.android.contacts
05-30 15:02:03.528   566   587 I DropBoxManagerService: add tag=system_server_strictmode isTagEnabled=true flags=0x2
05-30 15:02:03.528   566   594 D ShortcutService: Getting shortcuts for launcher= com.google.android.asuser=0 pkg=com.google.android.contacts
05-30 15:02:03.528   566   594 D ShortcutService: Getting shortcuts for launcher= com.android.systemuiuser=0 pkg=com.google.android.contacts
05-30 15:02:03.532  1456  2205 W AiAiFed : [AiAi SimpleStorage Federated Collection] Cancelling training failed [mode=FEDERATION, population=aiai/playstore/smartselect/train/all/all_nonsentences, session=smartselect/train/all/all_nonsentences]
05-30 15:02:03.532  1456  2205 W AiAiFed : zkd: UNKNOWN
05-30 15:02:03.532  1456  2205 W AiAiFed : 	at zkb.i(PG:3)
05-30 15:02:03.532  1456  2205 W AiAiFed : 	at aaac.cB(PG:15)
05-30 15:02:03.532  1456  2205 W AiAiFed : 	at zom.a(PG:32)
05-30 15:02:03.532  1456  2205 W AiAiFed : 	at zpd.run(PG:7)
05-30 15:02:03.532  1456  2205 W AiAiFed : 	at zvw.run(PG:17)
05-30 15:02:03.532  1456  2205 W AiAiFed : 	at java.util.concurrent.ThreadPoolExecutor.runWorker(ThreadPoolExecutor.java:1145)
05-30 15:02:03.532  1456  2205 W AiAiFed : 	at java.util.concurrent.ThreadPoolExecutor$Worker.run(ThreadPoolExecutor.java:644)
05-30 15:02:03.532  1456  2205 W AiAiFed : 	at java.lang.Thread.run(Thread.java:1012)
05-30 15:02:03.532  1456  2205 W AiAiFed : [AiAi SimpleStorage Federated Collection] Cancelling training failed [mode=FEDERATION, population=aiai/playstore/smartselect/train/en/address, session=smartselect/train/en/address]
05-30 15:02:03.532  1456  2205 W AiAiFed : java.lang.IllegalArgumentException: Unsupported response code3
05-30 15:02:03.532  1456  2205 W AiAiFed : 	at qgb.run(PG:48)
05-30 15:02:03.532  1456  2205 W AiAiFed : 	at java.util.concurrent.Executors$RunnableAdapter.call(Executors.java:487)
05-30 15:02:03.532  1456  2205 W AiAiFed : 	at java.util.concurrent.FutureTask.run(FutureTask.java:264)
05-30 15:02:03.532  1456  2205 W AiAiFed : 	at java.util.concurrent.ScheduledThreadPoolExecutor$ScheduledFutureTask.run(ScheduledThreadPoolExecutor.java:307)
05-30 15:02:03.532  1456  2205 W AiAiFed : 	at java.util.concurrent.ThreadPoolExecutor.runWorker(ThreadPoolExecutor.java:1145)
05-30 15:02:03.532  1456  2205 W AiAiFed : 	at java.util.concurrent.ThreadPoolExecutor$Worker.run(ThreadPoolExecutor.java:644)
05-30 15:02:03.532  1456  2205 W AiAiFed : 	at java.lang.Thread.run(Thread.java:1012)
05-30 15:02:03.532  1456  2205 W AiAiFed : [AiAi SimpleStorage Federated Collection] Cancelling training failed [mode=FEDERATION, population=aiai/playstore/smartselect/train/en/address, session=smartselect/train/en/address]
05-30 15:02:03.532  1456  2205 W AiAiFed : zkd: UNKNOWN
05-30 15:02:03.532  1456  2205 W AiAiFed : 	at zkb.i(PG:3)
05-30 15:02:03.532  1456  2205 W AiAiFed : 	at aaac.cB(PG:15)
05-30 15:02:03.532  1456  2205 W AiAiFed : 	at zom.a(PG:32)
05-30 15:02:03.532  1456  2205 W AiAiFed : 	at zpd.run(PG:7)
05-30 15:02:03.532  1456  2205 W AiAiFed : 	at zvw.run(PG:17)
05-30 15:02:03.532  1456  2205 W AiAiFed : 	at java.util.concurrent.ThreadPoolExecutor.runWorker(ThreadPoolExecutor.java:1145)
05-30 15:02:03.532  1456  2205 W AiAiFed : 	at java.util.concurrent.ThreadPoolExecutor$Worker.run(ThreadPoolExecutor.java:644)
05-30 15:02:03.532  1456  2205 W AiAiFed : 	at java.lang.Thread.run(Thread.java:1012)
05-30 15:02:03.532  1456  2205 W AiAiFed : [AiAi SimpleStorage Federated Collection] Cancelling training failed [mode=FEDERATION, population=aiai/playstore/smartselect/train/en/address-otp-copied, session=smartselect/train/en/address-otp-copied]
05-30 15:02:03.532  1456  2205 W AiAiFed : java.lang.IllegalArgumentException: Unsupported response code3
05-30 15:02:03.532  1456  2205 W AiAiFed : 	at qgb.run(PG:48)
05-30 15:02:03.532  1456  2205 W AiAiFed : 	at java.util.concurrent.Executors$RunnableAdapter.call(Executors.java:487)
05-30 15:02:03.532  1456  2205 W AiAiFed : 	at java.util.concurrent.FutureTask.run(FutureTask.java:264)
05-30 15:02:03.532  1456  2205 W AiAiFed : 	at java.util.concurrent.ScheduledThreadPoolExecutor$ScheduledFutureTask.run(ScheduledThreadPoolExecutor.java:307)
05-30 15:02:03.532  1456  2205 W AiAiFed : 	at java.util.concurrent.ThreadPoolExecutor.runWorker(ThreadPoolExecutor.java:1145)
05-30 15:02:03.532  1456  2205 W AiAiFed : 	at java.util.concurrent.ThreadPoolExecutor$Worker.run(ThreadPoolExecutor.java:644)
05-30 15:02:03.532  1456  2205 W AiAiFed : 	at java.lang.Thread.run(Thread.java:1012)
05-30 15:02:03.532  1456  2205 W AiAiFed : [AiAi SimpleStorage Federated Collection] Cancelling training failed [mode=FEDERATION, population=aiai/playstore/smartselect/train/en/address-otp-copied, session=smartselect/train/en/address-otp-copied]
05-30 15:02:03.532  1456  2205 W AiAiFed : zkd: UNKNOWN
05-30 15:02:03.532  1456  2205 W AiAiFed : 	at zkb.i(PG:3)
05-30 15:02:03.532  1456  2205 W AiAiFed : 	at aaac.cB(PG:15)
05-30 15:02:03.532  1456  2205 W AiAiFed : 	at zom.a(PG:32)
05-30 15:02:03.532  1456  2205 W AiAiFed : 	at zpd.run(PG:7)
05-30 15:02:03.532  1456  2205 W AiAiFed : 	at zvw.run(PG:17)
05-30 15:02:03.532  1456  2205 W AiAiFed : 	at java.util.concurrent.ThreadPoolExecutor.runWorker(ThreadPoolExecutor.java:1145)
05-30 15:02:03.532  1456  2205 W AiAiFed : 	at java.util.concurrent.ThreadPoolExecutor$Worker.run(ThreadPoolExecutor.java:644)
05-30 15:02:03.532  1456  2205 W AiAiFed : 	at java.lang.Thread.run(Thread.java:1012)
05-30 15:02:03.532  1456  2205 W AiAiFed : [AiAi SimpleStorage Federated Collection] Cancelling training failed [mode=FEDERATION, population=aiai/playstore/smartselect/train/en/selected-in-search-or-browser-apps, session=smartselect/train/en/selected-in-search-or-browser-apps]
05-30 15:02:03.532  1456  2205 W AiAiFed : java.lang.IllegalArgumentException: Unsupported response code3
05-30 15:02:03.532  1456  2205 W AiAiFed : 	at qgb.run(PG:48)
05-30 15:02:03.532  1456  2205 W AiAiFed : 	at java.util.concurrent.Executors$RunnableAdapter.call(Executors.java:487)
05-30 15:02:03.532  1456  2205 W AiAiFed : 	at java.util.concurrent.FutureTask.run(FutureTask.java:264)
05-30 15:02:03.532  1456  2205 W AiAiFed : 	at java.util.concurrent.ScheduledThreadPoolExecutor$ScheduledFutureTask.run(ScheduledThreadPoolExecutor.java:307)
05-30 15:02:03.532  1456  2205 W AiAiFed : 	at java.util.concurrent.ThreadPoolExecutor.runWorker(ThreadPoolExecutor.java:1145)
05-30 15:02:03.532  1456  2205 W AiAiFed : 	at java.util.concurrent.ThreadPoolExecutor$Worker.run(ThreadPoolExecutor.java:644)
05-30 15:02:03.532  1456  2205 W AiAiFed : 	at java.lang.Thread.run(Thread.java:1012)
05-30 15:02:03.532  1456  2205 W AiAiFed : [AiAi SimpleStorage Federated Collection] Cancelling training failed [mode=FEDERATION, population=aiai/playstore/smartselect/train/en/selected-in-search-or-browser-apps, session=smartselect/train/en/selected-in-search-or-browser-apps]
05-30 15:02:03.532  1456  2205 W AiAiFed : zkd: UNKNOWN
05-30 15:02:03.532  1456  2205 W AiAiFed : 	at zkb.i(PG:3)
05-30 15:02:03.532  1456  2205 W AiAiFed : 	at aaac.cB(PG:15)
05-30 15:02:03.532  1456  2205 W AiAiFed : 	at zom.a(PG:32)
05-30 15:02:03.532  1456  2205 W AiAiFed : 	at zpd.run(PG:7)
05-30 15:02:03.532  1456  2205 W AiAiFed : 	at zvw.run(PG:17)
05-30 15:02:03.532  1456  2205 W AiAiFed : 	at java.util.concurrent.ThreadPoolExecutor.runWorker(ThreadPoolExecutor.java:1145)
05-30 15:02:03.532  1456  2205 W AiAiFed : 	at java.util.concurrent.ThreadPoolExecutor$Worker.run(ThreadPoolExecutor.java:644)
05-30 15:02:03.532  1456  2205 W AiAiFed : 	at java.lang.Thread.run(Thread.java:1012)
05-30 15:02:03.533  1456  2205 W AiAiFed : [AiAi SimpleStorage Federated Collection] Cancelling training failed [mode=FEDERATION, population=aiai/playstore/smartselect/train/all/all, session=smartselect/train/all/all]
05-30 15:02:03.533  1456  2205 W AiAiFed : java.lang.IllegalArgumentException: Unsupported response code3
05-30 15:02:03.533  1456  2205 W AiAiFed : 	at qgb.run(PG:48)
05-30 15:02:03.533  1456  2205 W AiAiFed : 	at java.util.concurrent.Executors$RunnableAdapter.call(Executors.java:487)
05-30 15:02:03.533  1456  2205 W AiAiFed : 	at java.util.concurrent.FutureTask.run(FutureTask.java:264)
05-30 15:02:03.533  1456  2205 W AiAiFed : 	at java.util.concurrent.ScheduledThreadPoolExecutor$ScheduledFutureTask.run(ScheduledThreadPoolExecutor.java:307)
05-30 15:02:03.533  1456  2205 W AiAiFed : 	at java.util.concurrent.ThreadPoolExecutor.runWorker(ThreadPoolExecutor.java:1145)
05-30 15:02:03.533  1456  2205 W AiAiFed : 	at java.util.concurrent.ThreadPoolExecutor$Worker.run(ThreadPoolExecutor.java:644)
05-30 15:02:03.533  1456  2205 W AiAiFed : 	at java.lang.Thread.run(Thread.java:1012)
05-30 15:02:03.533  1456  2205 W AiAiFed : [AiAi SimpleStorage Federated Collection] Cancelling training failed [mode=FEDERATION, population=aiai/playstore/smartselect/train/all/all, session=smartselect/train/all/all]
05-30 15:02:03.533  1456  2205 W AiAiFed : zkd: UNKNOWN
05-30 15:02:03.533  1456  2205 W AiAiFed : 	at zkb.i(PG:3)
05-30 15:02:03.533  1456  2205 W AiAiFed : 	at aaac.cB(PG:15)
05-30 15:02:03.533  1456  2205 W AiAiFed : 	at zom.a(PG:32)
05-30 15:02:03.533  1456  2205 W AiAiFed : 	at zpd.run(PG:7)
05-30 15:02:03.533  1456  2205 W AiAiFed : 	at zvw.run(PG:17)
05-30 15:02:03.533  1456  2205 W AiAiFed : 	at java.util.concurrent.ThreadPoolExecutor.runWorker(ThreadPoolExecutor.java:1145)
05-30 15:02:03.533  1456  2205 W AiAiFed : 	at java.util.concurrent.ThreadPoolExecutor$Worker.run(ThreadPoolExecutor.java:644)
05-30 15:02:03.533  1456  2205 W AiAiFed : 	at java.lang.Thread.run(Thread.java:1012)
05-30 15:02:03.533  1456  2205 W AiAiFed : [AiAi SimpleStorage Federated Collection] Cancelling training failed [mode=FEDERATION, population=aiai/playstore/smartselect/train/en/pasted-to-search-or-browser-or-named-entity-apps, session=smartselect/train/en/pasted-to-search-or-browser-or-named-entity-apps]
05-30 15:02:03.533  1456  2205 W AiAiFed : java.lang.IllegalArgumentException: Unsupported response code3
05-30 15:02:03.533  1456  2205 W AiAiFed : 	at qgb.run(PG:48)
05-30 15:02:03.533  1456  2205 W AiAiFed : 	at java.util.concurrent.Executors$RunnableAdapter.call(Executors.java:487)
05-30 15:02:03.533  1456  2205 W AiAiFed : 	at java.util.concurrent.FutureTask.run(FutureTask.java:264)
05-30 15:02:03.533  1456  2205 W AiAiFed : 	at java.util.concurrent.ScheduledThreadPoolExecutor$ScheduledFutureTask.run(ScheduledThreadPoolExecutor.java:307)
05-30 15:02:03.533  1456  2205 W AiAiFed : 	at java.util.concurrent.ThreadPoolExecutor.runWorker(ThreadPoolExecutor.java:1145)
05-30 15:02:03.533  1456  2205 W AiAiFed : 	at java.util.concurrent.ThreadPoolExecutor$Worker.run(ThreadPoolExecutor.java:644)
05-30 15:02:03.533  1456  2205 W AiAiFed : 	at java.lang.Thread.run(Thread.java:1012)
05-30 15:02:03.533  1456  2205 W AiAiFed : [AiAi SimpleStorage Federated Collection] Cancelling training failed [mode=FEDERATION, population=aiai/playstore/smartselect/train/en/pasted-to-search-or-browser-or-named-entity-apps, session=smartselect/train/en/pasted-to-search-or-browser-or-named-entity-apps]
05-30 15:02:03.533  1456  2205 W AiAiFed : zkd: UNKNOWN
05-30 15:02:03.533  1456  2205 W AiAiFed : 	at zkb.i(PG:3)
05-30 15:02:03.533  1456  2205 W AiAiFed : 	at aaac.cB(PG:15)
05-30 15:02:03.533  1456  2205 W AiAiFed : 	at zom.a(PG:32)
05-30 15:02:03.533  1456  2205 W AiAiFed : 	at zpd.run(PG:7)
05-30 15:02:03.533  1456  2205 W AiAiFed : 	at zvw.run(PG:17)
05-30 15:02:03.533  1456  2205 W AiAiFed : 	at java.util.concurrent.ThreadPoolExecutor.runWorker(ThreadPoolExecutor.java:1145)
05-30 15:02:03.533  1456  2205 W AiAiFed : 	at java.util.concurrent.ThreadPoolExecutor$Worker.run(ThreadPoolExecutor.java:644)
05-30 15:02:03.533  1456  2205 W AiAiFed : 	at java.lang.Thread.run(Thread.java:1012)
05-30 15:02:03.533  1456  2205 W AiAiFed : [AiAi SimpleStorage Federated Collection] Cancelling training failed [mode=FEDERATION, population=aiai/playstore/smartselect/train/en/address-phone-or-selected-in-non-messaging-apps, session=smartselect/train/en/address-phone-or-selected-in-non-messaging-apps]
05-30 15:02:03.533  1456  2205 W AiAiFed : java.lang.IllegalArgumentException: Unsupported response code3
05-30 15:02:03.533  1456  2205 W AiAiFed : 	at qgb.run(PG:48)
05-30 15:02:03.533  1456  2205 W AiAiFed : 	at java.util.concurrent.Executors$RunnableAdapter.call(Executors.java:487)
05-30 15:02:03.533  1456  2205 W AiAiFed : 	at java.util.concurrent.FutureTask.run(FutureTask.java:264)
05-30 15:02:03.533  1456  2205 W AiAiFed : 	at java.util.concurrent.ScheduledThreadPoolExecutor$ScheduledFutureTask.run(ScheduledThreadPoolExecutor.java:307)
05-30 15:02:03.533  1456  2205 W AiAiFed : 	at java.util.concurrent.ThreadPoolExecutor.runWorker(ThreadPoolExecutor.java:1145)
05-30 15:02:03.533  1456  2205 W AiAiFed : 	at java.util.concurrent.ThreadPoolExecutor$Worker.run(ThreadPoolExecutor.java:644)
05-30 15:02:03.533  1456  2205 W AiAiFed : 	at java.lang.Thread.run(Thread.java:1012)
05-30 15:02:03.533  1456  2205 W AiAiFed : [AiAi SimpleStorage Federated Collection] Cancelling training failed [mode=FEDERATION, population=aiai/playstore/smartselect/train/en/address-phone-or-selected-in-non-messaging-apps, session=smartselect/train/en/address-phone-or-selected-in-non-messaging-apps]
05-30 15:02:03.533  1456  2205 W AiAiFed : zkd: UNKNOWN
05-30 15:02:03.533  1456  2205 W AiAiFed : 	at zkb.i(PG:3)
05-30 15:02:03.533  1456  2205 W AiAiFed : 	at aaac.cB(PG:15)
05-30 15:02:03.533  1456  2205 W AiAiFed : 	at zom.a(PG:32)
05-30 15:02:03.533  1456  2205 W AiAiFed : 	at zpd.run(PG:7)
05-30 15:02:03.533  1456  2205 W AiAiFed : 	at zvw.run(PG:17)
05-30 15:02:03.533  1456  2205 W AiAiFed : 	at java.util.concurrent.ThreadPoolExecutor.runWorker(ThreadPoolExecutor.java:1145)
05-30 15:02:03.533  1456  2205 W AiAiFed : 	at java.util.concurrent.ThreadPoolExecutor$Worker.run(ThreadPoolExecutor.java:644)
05-30 15:02:03.533  1456  2205 W AiAiFed : 	at java.lang.Thread.run(Thread.java:1012)
05-30 15:02:03.533  1456  2205 W AiAiFed : [AiAi SimpleStorage Federated Collection] Cancelling training failed [mode=FEDERATION, population=aiai/playstore/smartselect/train/en/all, session=smartselect/train/en/all]
05-30 15:02:03.533  1456  2205 W AiAiFed : java.lang.IllegalArgumentException: Unsupported response code3
05-30 15:02:03.533  1456  2205 W AiAiFed : 	at qgb.run(PG:48)
05-30 15:02:03.533  1456  2205 W AiAiFed : 	at java.util.concurrent.Executors$RunnableAdapter.call(Executors.java:487)
05-30 15:02:03.533  1456  2205 W AiAiFed : 	at java.util.concurrent.FutureTask.run(FutureTask.java:264)
05-30 15:02:03.533  1456  2205 W AiAiFed : 	at java.util.concurrent.ScheduledThreadPoolExecutor$ScheduledFutureTask.run(ScheduledThreadPoolExecutor.java:307)
05-30 15:02:03.533  1456  2205 W AiAiFed : 	at java.util.concurrent.ThreadPoolExecutor.runWorker(ThreadPoolExecutor.java:1145)
05-30 15:02:03.533  1456  2205 W AiAiFed : 	at java.util.concurrent.ThreadPoolExecutor$Worker.run(ThreadPoolExecutor.java:644)
05-30 15:02:03.533  1456  2205 W AiAiFed : 	at java.lang.Thread.run(Thread.java:1012)
05-30 15:02:03.533  1456  2205 W AiAiFed : [AiAi SimpleStorage Federated Collection] Cancelling training failed [mode=FEDERATION, population=aiai/playstore/smartselect/train/en/all, session=smartselect/train/en/all]
05-30 15:02:03.533  1456  2205 W AiAiFed : zkd: UNKNOWN
05-30 15:02:03.533  1456  2205 W AiAiFed : 	at zkb.i(PG:3)
05-30 15:02:03.533  1456  2205 W AiAiFed : 	at aaac.cB(PG:15)
05-30 15:02:03.533  1456  2205 W AiAiFed : 	at zom.a(PG:32)
05-30 15:02:03.533  1456  2205 W AiAiFed : 	at zpd.run(PG:7)
05-30 15:02:03.533  1456  2205 W AiAiFed : 	at zvw.run(PG:17)
05-30 15:02:03.533  1456  2205 W AiAiFed : 	at java.util.concurrent.ThreadPoolExecutor.runWorker(ThreadPoolExecutor.java:1145)
05-30 15:02:03.533  1456  2205 W AiAiFed : 	at java.util.concurrent.ThreadPoolExecutor$Worker.run(ThreadPoolExecutor.java:644)
05-30 15:02:03.533  1456  2205 W AiAiFed : 	at java.lang.Thread.run(Thread.java:1012)
05-30 15:02:03.533  1456  2205 W AiAiFed : [AiAi SimpleStorage Federated Collection] Cancelling training failed [mode=FEDERATION, population=aiai/playstore/smartselect/train/en/pasted-to-notes-apps, session=smartselect/train/en/pasted-to-notes-apps]
05-30 15:02:03.533  1456  2205 W AiAiFed : java.lang.IllegalArgumentException: Unsupported response code3
05-30 15:02:03.533  1456  2205 W AiAiFed : 	at qgb.run(PG:48)
05-30 15:02:03.533  1456  2205 W AiAiFed : 	at java.util.concurrent.Executors$RunnableAdapter.call(Executors.java:487)
05-30 15:02:03.533  1456  2205 W AiAiFed : 	at java.util.concurrent.FutureTask.run(FutureTask.java:264)
05-30 15:02:03.533  1456  2205 W AiAiFed : 	at java.util.concurrent.ScheduledThreadPoolExecutor$ScheduledFutureTask.run(ScheduledThreadPoolExecutor.java:307)
05-30 15:02:03.533  1456  2205 W AiAiFed : 	at java.util.concurrent.ThreadPoolExecutor.runWorker(ThreadPoolExecutor.java:1145)
05-30 15:02:03.533  1456  2205 W AiAiFed : 	at java.util.concurrent.ThreadPoolExecutor$Worker.run(ThreadPoolExecutor.java:644)
05-30 15:02:03.533  1456  2205 W AiAiFed : 	at java.lang.Thread.run(Thread.java:1012)
05-30 15:02:03.533  1456  2205 W AiAiFed : [AiAi SimpleStorage Federated Collection] Cancelling training failed [mode=FEDERATION, population=aiai/playstore/smartselect/train/en/pasted-to-notes-apps, session=smartselect/train/en/pasted-to-notes-apps]
05-30 15:02:03.533  1456  2205 W AiAiFed : zkd: UNKNOWN
05-30 15:02:03.533  1456  2205 W AiAiFed : 	at zkb.i(PG:3)
05-30 15:02:03.533  1456  2205 W AiAiFed : 	at aaac.cB(PG:15)
05-30 15:02:03.533  1456  2205 W AiAiFed : 	at zom.a(PG:32)
05-30 15:02:03.533  1456  2205 W AiAiFed : 	at zpd.run(PG:7)
05-30 15:02:03.533  1456  2205 W AiAiFed : 	at zvw.run(PG:17)
05-30 15:02:03.533  1456  2205 W AiAiFed : 	at java.util.concurrent.ThreadPoolExecutor.runWorker(ThreadPoolExecutor.java:1145)
05-30 15:02:03.533  1456  2205 W AiAiFed : 	at java.util.concurrent.ThreadPoolExecutor$Worker.run(ThreadPoolExecutor.java:644)
05-30 15:02:03.533  1456  2205 W AiAiFed : 	at java.lang.Thread.run(Thread.java:1012)
05-30 15:02:03.533  1456  2205 W AiAiFed : [AiAi SimpleStorage Federated Collection] Cancelling training failed [mode=FEDERATION, population=aiai/playstore/livetranslate, session=livetranslate]
05-30 15:02:03.533  1456  2205 W AiAiFed : java.lang.IllegalArgumentException: Unsupported response code3
05-30 15:02:03.533  1456  2205 W AiAiFed : 	at qgb.run(PG:48)
05-30 15:02:03.533  1456  2205 W AiAiFed : 	at java.util.concurrent.Executors$RunnableAdapter.call(Executors.java:487)
05-30 15:02:03.533  1456  2205 W AiAiFed : 	at java.util.concurrent.FutureTask.run(FutureTask.java:264)
05-30 15:02:03.533  1456  2205 W AiAiFed : 	at java.util.concurrent.ScheduledThreadPoolExecutor$ScheduledFutureTask.run(ScheduledThreadPoolExecutor.java:307)
05-30 15:02:03.533  1456  2205 W AiAiFed : 	at java.util.concurrent.ThreadPoolExecutor.runWorker(ThreadPoolExecutor.java:1145)
05-30 15:02:03.533  1456  2205 W AiAiFed : 	at java.util.concurrent.ThreadPoolExecutor$Worker.run(ThreadPoolExecutor.java:644)
05-30 15:02:03.533  1456  2205 W AiAiFed : 	at java.lang.Thread.run(Thread.java:1012)
05-30 15:02:03.533  1456  2205 W AiAiFed : [AiAi SimpleStorage Federated Collection] Cancelling training failed [mode=FEDERATION, population=aiai/playstore/livetranslate, session=livetranslate]
05-30 15:02:03.533  1456  2205 W AiAiFed : zkd: UNKNOWN
05-30 15:02:03.533  1456  2205 W AiAiFed : 	at zkb.i(PG:3)
05-30 15:02:03.533  1456  2205 W AiAiFed : 	at aaac.cB(PG:15)
05-30 15:02:03.533  1456  2205 W AiAiFed : 	at zom.a(PG:32)
05-30 15:02:03.533  1456  2205 W AiAiFed : 	at zpd.run(PG:7)
05-30 15:02:03.533  1456  2205 W AiAiFed : 	at zvw.run(PG:17)
05-30 15:02:03.533  1456  2205 W AiAiFed : 	at java.util.concurrent.ThreadPoolExecutor.runWorker(ThreadPoolExecutor.java:1145)
05-30 15:02:03.533  1456  2205 W AiAiFed : 	at java.util.concurrent.ThreadPoolExecutor$Worker.run(ThreadPoolExecutor.java:644)
05-30 15:02:03.533  1456  2205 W AiAiFed : 	at java.lang.Thread.run(Thread.java:1012)
05-30 15:02:03.533  1456  2205 W AiAiFed : [AiAi SimpleStorage Federated Collection] Cancelling training failed [mode=FEDERATION, population=aiai/playstore/smartselect/train/en/all-pasted-to-none-messaging-apps, session=smartselect/train/en/all-pasted-to-none-messaging-apps]
05-30 15:02:03.533  1456  2205 W AiAiFed : java.lang.IllegalArgumentException: Unsupported response code3
05-30 15:02:03.533  1456  2205 W AiAiFed : 	at qgb.run(PG:48)
05-30 15:02:03.533  1456  2205 W AiAiFed : 	at java.util.concurrent.Executors$RunnableAdapter.call(Executors.java:487)
05-30 15:02:03.533  1456  2205 W AiAiFed : 	at java.util.concurrent.FutureTask.run(FutureTask.java:264)
05-30 15:02:03.533  1456  2205 W AiAiFed : 	at java.util.concurrent.ScheduledThreadPoolExecutor$ScheduledFutureTask.run(ScheduledThreadPoolExecutor.java:307)
05-30 15:02:03.533  1456  2205 W AiAiFed : 	at java.util.concurrent.ThreadPoolExecutor.runWorker(ThreadPoolExecutor.java:1145)
05-30 15:02:03.533  1456  2205 W AiAiFed : 	at java.util.concurrent.ThreadPoolExecutor$Worker.run(ThreadPoolExecutor.java:644)
05-30 15:02:03.533  1456  2205 W AiAiFed : 	at java.lang.Thread.run(Thread.java:1012)
05-30 15:02:03.533  1456  2205 W AiAiFed : [AiAi SimpleStorage Federated Collection] Cancelling training failed [mode=FEDERATION, population=aiai/playstore/smartselect/train/en/all-pasted-to-none-messaging-apps, session=smartselect/train/en/all-pasted-to-none-messaging-apps]
05-30 15:02:03.533  1456  2205 W AiAiFed : zkd: UNKNOWN
05-30 15:02:03.533  1456  2205 W AiAiFed : 	at zkb.i(PG:3)
05-30 15:02:03.533  1456  2205 W AiAiFed : 	at aaac.cB(PG:15)
05-30 15:02:03.533  1456  2205 W AiAiFed : 	at zom.a(PG:32)
