05-30 15:02:03.244  1456  2205 W AiAiFed : 	at java.lang.Thread.run(Thread.java:1012)
05-30 15:02:03.244  1456  2205 W AiAiFed : [AiAi SmartSelect FL] Cancelling training failed [mode=FEDERATION, population=aiai/playstore/smartselect/prod/train/en/all-pasted-to-none-messaging-apps, session=smartselect/prod/train/en/all-pasted-to-none-messaging-apps]
05-30 15:02:03.244  1456  2205 W AiAiFed : java.lang.IllegalArgumentException: Unsupported response code3
05-30 15:02:03.244  1456  2205 W AiAiFed : 	at qgb.run(PG:48)
05-30 15:02:03.244  1456  2205 W AiAiFed : 	at java.util.concurrent.Executors$RunnableAdapter.call(Executors.java:487)
05-30 15:02:03.244  1456  2205 W AiAiFed : 	at java.util.concurrent.FutureTask.run(FutureTask.java:264)
05-30 15:02:03.244  1456  2205 W AiAiFed : 	at java.util.concurrent.ScheduledThreadPoolExecutor$ScheduledFutureTask.run(ScheduledThreadPoolExecutor.java:307)
05-30 15:02:03.244  1456  2205 W AiAiFed : 	at java.util.concurrent.ThreadPoolExecutor.runWorker(ThreadPoolExecutor.java:1145)
05-30 15:02:03.244  1456  2205 W AiAiFed : 	at java.util.concurrent.ThreadPoolExecutor$Worker.run(ThreadPoolExecutor.java:644)
05-30 15:02:03.244  1456  2205 W AiAiFed : 	at java.lang.Thread.run(Thread.java:1012)
05-30 15:02:03.244  1456  2205 W AiAiFed : [AiAi SmartSelect FL] Cancelling training failed [mode=FEDERATION, population=aiai/playstore/smartselect/prod/train/en/all-pasted-to-none-messaging-apps, session=smartselect/prod/train/en/all-pasted-to-none-messaging-apps]
05-30 15:02:03.244  1456  2205 W AiAiFed : zkd: UNKNOWN
05-30 15:02:03.244  1456  2205 W AiAiFed : 	at zkb.i(PG:3)
05-30 15:02:03.244  1456  2205 W AiAiFed : 	at aaac.cB(PG:15)
05-30 15:02:03.244  1456  2205 W AiAiFed : 	at zom.a(PG:32)
05-30 15:02:03.244  1456  2205 W AiAiFed : 	at zpd.run(PG:7)
05-30 15:02:03.244  1456  2205 W AiAiFed : 	at zvw.run(PG:17)
05-30 15:02:03.244  1456  2205 W AiAiFed : 	at java.util.concurrent.ThreadPoolExecutor.runWorker(ThreadPoolExecutor.java:1145)
05-30 15:02:03.244  1456  2205 W AiAiFed : 	at java.util.concurrent.ThreadPoolExecutor$Worker.run(ThreadPoolExecutor.java:644)
05-30 15:02:03.244  1456  2205 W AiAiFed : 	at java.lang.Thread.run(Thread.java:1012)
05-30 15:02:03.244  1456  2205 W AiAiFed : [AiAi SmartSelect FL] Cancelling training failed [mode=FEDERATION, population=aiai/playstore/smartselect/prod/train/en/address-phone-or-pasted-to-search-or-browser-apps, session=smartselect/prod/train/en/address-phone-or-pasted-to-search-or-browser-apps]
05-30 15:02:03.244  1456  2205 W AiAiFed : zkd: UNKNOWN
05-30 15:02:03.244  1456  2205 W AiAiFed : 	at zkb.i(PG:3)
05-30 15:02:03.244  1456  2205 W AiAiFed : 	at aaac.cB(PG:15)
05-30 15:02:03.244  1456  2205 W AiAiFed : 	at zom.a(PG:32)
05-30 15:02:03.244  1456  2205 W AiAiFed : 	at zpd.run(PG:7)
05-30 15:02:03.244  1456  2205 W AiAiFed : 	at zvw.run(PG:17)
05-30 15:02:03.244  1456  2205 W AiAiFed : 	at java.util.concurrent.ThreadPoolExecutor.runWorker(ThreadPoolExecutor.java:1145)
05-30 15:02:03.244  1456  2205 W AiAiFed : 	at java.util.concurrent.ThreadPoolExecutor$Worker.run(ThreadPoolExecutor.java:644)
05-30 15:02:03.244  1456  2205 W AiAiFed : 	at java.lang.Thread.run(Thread.java:1012)
05-30 15:02:03.244  1456  2205 W AiAiFed : [AiAi SmartSelect FL] Cancelling training failed [mode=FEDERATION, population=aiai/playstore/smartselect/prod/train/en/address-phone-or-selected-in-non-messaging-apps, session=smartselect/prod/train/en/address-phone-or-selected-in-non-messaging-apps]
05-30 15:02:03.244  1456  2205 W AiAiFed : java.lang.IllegalArgumentException: Unsupported response code3
05-30 15:02:03.244  1456  2205 W AiAiFed : 	at qgb.run(PG:48)
05-30 15:02:03.244  1456  2205 W AiAiFed : 	at java.util.concurrent.Executors$RunnableAdapter.call(Executors.java:487)
05-30 15:02:03.244  1456  2205 W AiAiFed : 	at java.util.concurrent.FutureTask.run(FutureTask.java:264)
05-30 15:02:03.244  1456  2205 W AiAiFed : 	at java.util.concurrent.ScheduledThreadPoolExecutor$ScheduledFutureTask.run(ScheduledThreadPoolExecutor.java:307)
05-30 15:02:03.244  1456  2205 W AiAiFed : 	at java.util.concurrent.ThreadPoolExecutor.runWorker(ThreadPoolExecutor.java:1145)
05-30 15:02:03.244  1456  2205 W AiAiFed : 	at java.util.concurrent.ThreadPoolExecutor$Worker.run(ThreadPoolExecutor.java:644)
05-30 15:02:03.244  1456  2205 W AiAiFed : 	at java.lang.Thread.run(Thread.java:1012)
05-30 15:02:03.244  1456  2205 W AiAiFed : [AiAi SmartSelect FL] Cancelling training failed [mode=FEDERATION, population=aiai/playstore/smartselect/prod/train/en/address-phone-or-selected-in-non-messaging-apps, session=smartselect/prod/train/en/address-phone-or-selected-in-non-messaging-apps]
05-30 15:02:03.244  1456  2205 W AiAiFed : zkd: UNKNOWN
05-30 15:02:03.244  1456  2205 W AiAiFed : 	at zkb.i(PG:3)
05-30 15:02:03.244  1456  2205 W AiAiFed : 	at aaac.cB(PG:15)
05-30 15:02:03.244  1456  2205 W AiAiFed : 	at zom.a(PG:32)
05-30 15:02:03.244  1456  2205 W AiAiFed : 	at zpd.run(PG:7)
05-30 15:02:03.244  1456  2205 W AiAiFed : 	at zvw.run(PG:17)
05-30 15:02:03.244  1456  2205 W AiAiFed : 	at java.util.concurrent.ThreadPoolExecutor.runWorker(ThreadPoolExecutor.java:1145)
05-30 15:02:03.244  1456  2205 W AiAiFed : 	at java.util.concurrent.ThreadPoolExecutor$Worker.run(ThreadPoolExecutor.java:644)
05-30 15:02:03.244  1456  2205 W AiAiFed : 	at java.lang.Thread.run(Thread.java:1012)
05-30 15:02:03.244  1456  2205 W AiAiFed : [AiAi SmartSelect FL] Cancelling training failed [mode=FEDERATION, population=aiai/playstore/smartselect/prod/train/en/pasted-to-search-or-browser-or-named-entity-apps, session=smartselect/prod/train/en/pasted-to-search-or-browser-or-named-entity-apps]
05-30 15:02:03.244  1456  2205 W AiAiFed : java.lang.IllegalArgumentException: Unsupported response code3
05-30 15:02:03.244  1456  2205 W AiAiFed : 	at qgb.run(PG:48)
05-30 15:02:03.244  1456  2205 W AiAiFed : 	at java.util.concurrent.Executors$RunnableAdapter.call(Executors.java:487)
05-30 15:02:03.244  1456  2205 W AiAiFed : 	at java.util.concurrent.FutureTask.run(FutureTask.java:264)
05-30 15:02:03.244  1456  2205 W AiAiFed : 	at java.util.concurrent.ScheduledThreadPoolExecutor$ScheduledFutureTask.run(ScheduledThreadPoolExecutor.java:307)
05-30 15:02:03.244  1456  2205 W AiAiFed : 	at java.util.concurrent.ThreadPoolExecutor.runWorker(ThreadPoolExecutor.java:1145)
05-30 15:02:03.244  1456  2205 W AiAiFed : 	at java.util.concurrent.ThreadPoolExecutor$Worker.run(ThreadPoolExecutor.java:644)
05-30 15:02:03.244  1456  2205 W AiAiFed : 	at java.lang.Thread.run(Thread.java:1012)
05-30 15:02:03.244  1456  2205 W AiAiFed : [AiAi SmartSelect FL] Cancelling training failed [mode=FEDERATION, population=aiai/playstore/smartselect/prod/train/en/pasted-to-search-or-browser-or-named-entity-apps, session=smartselect/prod/train/en/pasted-to-search-or-browser-or-named-entity-apps]
05-30 15:02:03.244  1456  2205 W AiAiFed : zkd: UNKNOWN
05-30 15:02:03.244  1456  2205 W AiAiFed : 	at zkb.i(PG:3)
05-30 15:02:03.244  1456  2205 W AiAiFed : 	at aaac.cB(PG:15)
05-30 15:02:03.244  1456  2205 W AiAiFed : 	at zom.a(PG:32)
05-30 15:02:03.244  1456  2205 W AiAiFed : 	at zpd.run(PG:7)
05-30 15:02:03.244  1456  2205 W AiAiFed : 	at zvw.run(PG:17)
05-30 15:02:03.244  1456  2205 W AiAiFed : 	at java.util.concurrent.ThreadPoolExecutor.runWorker(ThreadPoolExecutor.java:1145)
05-30 15:02:03.244  1456  2205 W AiAiFed : 	at java.util.concurrent.ThreadPoolExecutor$Worker.run(ThreadPoolExecutor.java:644)
05-30 15:02:03.244  1456  2205 W AiAiFed : 	at java.lang.Thread.run(Thread.java:1012)
05-30 15:02:03.244  1456  2205 W AiAiFed : [AiAi SmartSelect FL] Cancelling training failed [mode=FEDERATION, population=aiai/playstore/smartselect/prod/train/all/all, session=smartselect/prod/train/all/all]
05-30 15:02:03.244  1456  2205 W AiAiFed : java.lang.IllegalArgumentException: Unsupported response code3
05-30 15:02:03.244  1456  2205 W AiAiFed : 	at qgb.run(PG:48)
05-30 15:02:03.244  1456  2205 W AiAiFed : 	at java.util.concurrent.Executors$RunnableAdapter.call(Executors.java:487)
05-30 15:02:03.244  1456  2205 W AiAiFed : 	at java.util.concurrent.FutureTask.run(FutureTask.java:264)
05-30 15:02:03.244  1456  2205 W AiAiFed : 	at java.util.concurrent.ScheduledThreadPoolExecutor$ScheduledFutureTask.run(ScheduledThreadPoolExecutor.java:307)
05-30 15:02:03.244  1456  2205 W AiAiFed : 	at java.util.concurrent.ThreadPoolExecutor.runWorker(ThreadPoolExecutor.java:1145)
05-30 15:02:03.244  1456  2205 W AiAiFed : 	at java.util.concurrent.ThreadPoolExecutor$Worker.run(ThreadPoolExecutor.java:644)
05-30 15:02:03.244  1456  2205 W AiAiFed : 	at java.lang.Thread.run(Thread.java:1012)
05-30 15:02:03.244  1456  2205 W AiAiFed : [AiAi SmartSelect FL] Cancelling training failed [mode=FEDERATION, population=aiai/playstore/smartselect/prod/train/all/all, session=smartselect/prod/train/all/all]
05-30 15:02:03.244  1456  2205 W AiAiFed : zkd: UNKNOWN
05-30 15:02:03.244  1456  2205 W AiAiFed : 	at zkb.i(PG:3)
05-30 15:02:03.244  1456  2205 W AiAiFed : 	at aaac.cB(PG:15)
05-30 15:02:03.244  1456  2205 W AiAiFed : 	at zom.a(PG:32)
05-30 15:02:03.244  1456  2205 W AiAiFed : 	at zpd.run(PG:7)
05-30 15:02:03.244  1456  2205 W AiAiFed : 	at zvw.run(PG:17)
05-30 15:02:03.244  1456  2205 W AiAiFed : 	at java.util.concurrent.ThreadPoolExecutor.runWorker(ThreadPoolExecutor.java:1145)
05-30 15:02:03.244  1456  2205 W AiAiFed : 	at java.util.concurrent.ThreadPoolExecutor$Worker.run(ThreadPoolExecutor.java:644)
05-30 15:02:03.244  1456  2205 W AiAiFed : 	at java.lang.Thread.run(Thread.java:1012)
05-30 15:02:03.244  1456  2205 W AiAiFed : [AiAi SmartSelect FL] Cancelling training failed [mode=FEDERATION, population=aiai/playstore/smartselect/prod/train/en/address-phone-or-selected-in-messaging-apps, session=smartselect/prod/train/en/address-phone-or-selected-in-messaging-apps]
05-30 15:02:03.244  1456  2205 W AiAiFed : java.lang.IllegalArgumentException: Unsupported response code3
05-30 15:02:03.244  1456  2205 W AiAiFed : 	at qgb.run(PG:48)
05-30 15:02:03.244  1456  2205 W AiAiFed : 	at java.util.concurrent.Executors$RunnableAdapter.call(Executors.java:487)
05-30 15:02:03.244  1456  2205 W AiAiFed : 	at java.util.concurrent.FutureTask.run(FutureTask.java:264)
05-30 15:02:03.244  1456  2205 W AiAiFed : 	at java.util.concurrent.ScheduledThreadPoolExecutor$ScheduledFutureTask.run(ScheduledThreadPoolExecutor.java:307)
05-30 15:02:03.244  1456  2205 W AiAiFed : 	at java.util.concurrent.ThreadPoolExecutor.runWorker(ThreadPoolExecutor.java:1145)
05-30 15:02:03.244  1456  2205 W AiAiFed : 	at java.util.concurrent.ThreadPoolExecutor$Worker.run(ThreadPoolExecutor.java:644)
05-30 15:02:03.244  1456  2205 W AiAiFed : 	at java.lang.Thread.run(Thread.java:1012)
05-30 15:02:03.244  1456  2205 W AiAiFed : [AiAi SmartSelect FL] Cancelling training failed [mode=FEDERATION, population=aiai/playstore/smartselect/prod/train/en/address-phone-or-selected-in-messaging-apps, session=smartselect/prod/train/en/address-phone-or-selected-in-messaging-apps]
05-30 15:02:03.244  1456  2205 W AiAiFed : zkd: UNKNOWN
05-30 15:02:03.244  1456  2205 W AiAiFed : 	at zkb.i(PG:3)
05-30 15:02:03.244  1456  2205 W AiAiFed : 	at aaac.cB(PG:15)
05-30 15:02:03.244  1456  2205 W AiAiFed : 	at zom.a(PG:32)
05-30 15:02:03.244  1456  2205 W AiAiFed : 	at zpd.run(PG:7)
05-30 15:02:03.244  1456  2205 W AiAiFed : 	at zvw.run(PG:17)
05-30 15:02:03.244  1456  2205 W AiAiFed : 	at java.util.concurrent.ThreadPoolExecutor.runWorker(ThreadPoolExecutor.java:1145)
05-30 15:02:03.244  1456  2205 W AiAiFed : 	at java.util.concurrent.ThreadPoolExecutor$Worker.run(ThreadPoolExecutor.java:644)
05-30 15:02:03.244  1456  2205 W AiAiFed : 	at java.lang.Thread.run(Thread.java:1012)
05-30 15:02:03.244  1456  2205 W AiAiFed : [AiAi SmartSelect FL] Cancelling training failed [mode=FEDERATION, population=aiai/playstore/smartselect/prod/train/en/all, session=smartselect/prod/train/en/all]
05-30 15:02:03.244  1456  2205 W AiAiFed : java.lang.IllegalArgumentException: Unsupported response code3
05-30 15:02:03.244  1456  2205 W AiAiFed : 	at qgb.run(PG:48)
05-30 15:02:03.244  1456  2205 W AiAiFed : 	at java.util.concurrent.Executors$RunnableAdapter.call(Executors.java:487)
05-30 15:02:03.244  1456  2205 W AiAiFed : 	at java.util.concurrent.FutureTask.run(FutureTask.java:264)
05-30 15:02:03.244  1456  2205 W AiAiFed : 	at java.util.concurrent.ScheduledThreadPoolExecutor$ScheduledFutureTask.run(ScheduledThreadPoolExecutor.java:307)
05-30 15:02:03.244  1456  2205 W AiAiFed : 	at java.util.concurrent.ThreadPoolExecutor.runWorker(ThreadPoolExecutor.java:1145)
05-30 15:02:03.244  1456  2205 W AiAiFed : 	at java.util.concurrent.ThreadPoolExecutor$Worker.run(ThreadPoolExecutor.java:644)
05-30 15:02:03.244  1456  2205 W AiAiFed : 	at java.lang.Thread.run(Thread.java:1012)
05-30 15:02:03.244  1456  2205 W AiAiFed : [AiAi SmartSelect FL] Cancelling training failed [mode=FEDERATION, population=aiai/playstore/smartselect/prod/train/en/all, session=smartselect/prod/train/en/all]
05-30 15:02:03.244  1456  2205 W AiAiFed : zkd: UNKNOWN
05-30 15:02:03.244  1456  2205 W AiAiFed : 	at zkb.i(PG:3)
05-30 15:02:03.244  1456  2205 W AiAiFed : 	at aaac.cB(PG:15)
05-30 15:02:03.244  1456  2205 W AiAiFed : 	at zom.a(PG:32)
05-30 15:02:03.244  1456  2205 W AiAiFed : 	at zpd.run(PG:7)
05-30 15:02:03.244  1456  2205 W AiAiFed : 	at zvw.run(PG:17)
05-30 15:02:03.244  1456  2205 W AiAiFed : 	at java.util.concurrent.ThreadPoolExecutor.runWorker(ThreadPoolExecutor.java:1145)
05-30 15:02:03.244  1456  2205 W AiAiFed : 	at java.util.concurrent.ThreadPoolExecutor$Worker.run(ThreadPoolExecutor.java:644)
05-30 15:02:03.244  1456  2205 W AiAiFed : 	at java.lang.Thread.run(Thread.java:1012)
05-30 15:02:03.251  2434  2498 D nativeloader: Load /product/app/GoogleTTS/GoogleTTS.apk!/lib/x86_64/libtts_android.so using ns product-clns-7 from class loader (caller=/product/app/GoogleTTS/GoogleTTS.apk): ok
05-30 15:02:03.251   566   650 D FileSystemUtils: Punching hole in file - start: 22749184 len:57344
05-30 15:02:03.251   566   650 D FileSystemUtils: Size after punching holes st_blocks: 44328, st_blksize: 4096, st_size: 22807440
05-30 15:02:03.252  2434  2498 I NativeLibraryLoader: tts_android (null) was loaded normally!
05-30 15:02:03.252   566  1806 D PackageManager: Instant App installer not found with android.intent.action.INSTALL_INSTANT_APP_PACKAGE
05-30 15:02:03.252   566  1806 D PackageManager: Clear ephemeral installer activity
05-30 15:02:03.260  1456  2205 W AiAiFed : [AiAi SmartSelect FL] Cancelling training failed [mode=FEDERATION, population=aiai/playstore/smartselect/prod/train/en/pasted-to-notes-apps, session=smartselect/prod/train/en/pasted-to-notes-apps]
05-30 15:02:03.260  1456  2205 W AiAiFed : java.lang.IllegalArgumentException: Unsupported response code3
05-30 15:02:03.260  1456  2205 W AiAiFed : 	at qgb.run(PG:48)
05-30 15:02:03.260  1456  2205 W AiAiFed : 	at java.util.concurrent.Executors$RunnableAdapter.call(Executors.java:487)
05-30 15:02:03.260  1456  2205 W AiAiFed : 	at java.util.concurrent.FutureTask.run(FutureTask.java:264)
05-30 15:02:03.260  1456  2205 W AiAiFed : 	at java.util.concurrent.ScheduledThreadPoolExecutor$ScheduledFutureTask.run(ScheduledThreadPoolExecutor.java:307)
05-30 15:02:03.260  1456  2205 W AiAiFed : 	at java.util.concurrent.ThreadPoolExecutor.runWorker(ThreadPoolExecutor.java:1145)
05-30 15:02:03.260  1456  2205 W AiAiFed : 	at java.util.concurrent.ThreadPoolExecutor$Worker.run(ThreadPoolExecutor.java:644)
05-30 15:02:03.260  1456  2205 W AiAiFed : 	at java.lang.Thread.run(Thread.java:1012)
05-30 15:02:03.260  1456  2205 W AiAiFed : [AiAi SmartSelect FL] Cancelling training failed [mode=FEDERATION, population=aiai/playstore/smartselect/prod/train/en/pasted-to-notes-apps, session=smartselect/prod/train/en/pasted-to-notes-apps]
05-30 15:02:03.260  1456  2205 W AiAiFed : zkd: UNKNOWN
05-30 15:02:03.260  1456  2205 W AiAiFed : 	at zkb.i(PG:3)
05-30 15:02:03.260  1456  2205 W AiAiFed : 	at aaac.cB(PG:15)
05-30 15:02:03.260  1456  2205 W AiAiFed : 	at zom.a(PG:32)
05-30 15:02:03.260  1456  2205 W AiAiFed : 	at zpd.run(PG:7)
05-30 15:02:03.260  1456  2205 W AiAiFed : 	at zvw.run(PG:17)
05-30 15:02:03.260  1456  2205 W AiAiFed : 	at java.util.concurrent.ThreadPoolExecutor.runWorker(ThreadPoolExecutor.java:1145)
05-30 15:02:03.260  1456  2205 W AiAiFed : 	at java.util.concurrent.ThreadPoolExecutor$Worker.run(ThreadPoolExecutor.java:644)
05-30 15:02:03.260  1456  2205 W AiAiFed : 	at java.lang.Thread.run(Thread.java:1012)
05-30 15:02:03.260  1456  2205 W AiAiFed : [AiAi SmartSelect FL] Cancelling training failed [mode=FEDERATION, population=aiai/playstore/smartselect/prod/train/en/all-non-translate, session=smartselect/prod/train/en/all-non-translate]
05-30 15:02:03.260  1456  2205 W AiAiFed : java.lang.IllegalArgumentException: Unsupported response code3
05-30 15:02:03.260  1456  2205 W AiAiFed : 	at qgb.run(PG:48)
05-30 15:02:03.260  1456  2205 W AiAiFed : 	at java.util.concurrent.Executors$RunnableAdapter.call(Executors.java:487)
05-30 15:02:03.260  1456  2205 W AiAiFed : 	at java.util.concurrent.FutureTask.run(FutureTask.java:264)
05-30 15:02:03.260  1456  2205 W AiAiFed : 	at java.util.concurrent.ScheduledThreadPoolExecutor$ScheduledFutureTask.run(ScheduledThreadPoolExecutor.java:307)
05-30 15:02:03.260  1456  2205 W AiAiFed : 	at java.util.concurrent.ThreadPoolExecutor.runWorker(ThreadPoolExecutor.java:1145)
05-30 15:02:03.260  1456  2205 W AiAiFed : 	at java.util.concurrent.ThreadPoolExecutor$Worker.run(ThreadPoolExecutor.java:644)
05-30 15:02:03.260  1456  2205 W AiAiFed : 	at java.lang.Thread.run(Thread.java:1012)
05-30 15:02:03.260  1456  2205 W AiAiFed : [AiAi SmartSelect FL] Cancelling training failed [mode=FEDERATION, population=aiai/playstore/smartselect/prod/train/en/all-non-translate, session=smartselect/prod/train/en/all-non-translate]
05-30 15:02:03.260  1456  2205 W AiAiFed : zkd: UNKNOWN
05-30 15:02:03.260  1456  2205 W AiAiFed : 	at zkb.i(PG:3)
05-30 15:02:03.260  1456  2205 W AiAiFed : 	at aaac.cB(PG:15)
05-30 15:02:03.260  1456  2205 W AiAiFed : 	at zom.a(PG:32)
05-30 15:02:03.260  1456  2205 W AiAiFed : 	at zpd.run(PG:7)
05-30 15:02:03.260  1456  2205 W AiAiFed : 	at zvw.run(PG:17)
05-30 15:02:03.260  1456  2205 W AiAiFed : 	at java.util.concurrent.ThreadPoolExecutor.runWorker(ThreadPoolExecutor.java:1145)
05-30 15:02:03.260  1456  2205 W AiAiFed : 	at java.util.concurrent.ThreadPoolExecutor$Worker.run(ThreadPoolExecutor.java:644)
05-30 15:02:03.260  1456  2205 W AiAiFed : 	at java.lang.Thread.run(Thread.java:1012)
05-30 15:02:03.260  1456  2205 W AiAiFed : [AiAi SmartSelect FL] Cancelling training failed [mode=FEDERATION, population=aiai/playstore/smartselect/prod/train/en/address-or-pasted-to-shopping-apps, session=smartselect/prod/train/en/address-or-pasted-to-shopping-apps]
05-30 15:02:03.260  1456  2205 W AiAiFed : java.lang.IllegalArgumentException: Unsupported response code3
05-30 15:02:03.260  1456  2205 W AiAiFed : 	at qgb.run(PG:48)
05-30 15:02:03.260  1456  2205 W AiAiFed : 	at java.util.concurrent.Executors$RunnableAdapter.call(Executors.java:487)
05-30 15:02:03.260  1456  2205 W AiAiFed : 	at java.util.concurrent.FutureTask.run(FutureTask.java:264)
05-30 15:02:03.260  1456  2205 W AiAiFed : 	at java.util.concurrent.ScheduledThreadPoolExecutor$ScheduledFutureTask.run(ScheduledThreadPoolExecutor.java:307)
05-30 15:02:03.260  1456  2205 W AiAiFed : 	at java.util.concurrent.ThreadPoolExecutor.runWorker(ThreadPoolExecutor.java:1145)
05-30 15:02:03.260  1456  2205 W AiAiFed : 	at java.util.concurrent.ThreadPoolExecutor$Worker.run(ThreadPoolExecutor.java:644)
05-30 15:02:03.260  1456  2205 W AiAiFed : 	at java.lang.Thread.run(Thread.java:1012)
05-30 15:02:03.260  1456  2205 W AiAiFed : [AiAi SmartSelect FL] Cancelling training failed [mode=FEDERATION, population=aiai/playstore/smartselect/prod/train/en/address-or-pasted-to-shopping-apps, session=smartselect/prod/train/en/address-or-pasted-to-shopping-apps]
05-30 15:02:03.260  1456  2205 W AiAiFed : zkd: UNKNOWN
05-30 15:02:03.260  1456  2205 W AiAiFed : 	at zkb.i(PG:3)
05-30 15:02:03.260  1456  2205 W AiAiFed : 	at aaac.cB(PG:15)
05-30 15:02:03.260  1456  2205 W AiAiFed : 	at zom.a(PG:32)
05-30 15:02:03.260  1456  2205 W AiAiFed : 	at zpd.run(PG:7)
05-30 15:02:03.260  1456  2205 W AiAiFed : 	at zvw.run(PG:17)
05-30 15:02:03.260  1456  2205 W AiAiFed : 	at java.util.concurrent.ThreadPoolExecutor.runWorker(ThreadPoolExecutor.java:1145)
05-30 15:02:03.260  1456  2205 W AiAiFed : 	at java.util.concurrent.ThreadPoolExecutor$Worker.run(ThreadPoolExecutor.java:644)
05-30 15:02:03.260  1456  2205 W AiAiFed : 	at java.lang.Thread.run(Thread.java:1012)
05-30 15:02:03.260  1456  2205 W AiAiFed : [AiAi SmartSelect FL] Cancelling training failed [mode=FEDERATION, population=aiai/playstore/smartselect/prod/train/en/address-phone-or-selected-in-search-or-browser-apps, session=smartselect/prod/train/en/address-phone-or-selected-in-search-or-browser-apps]
05-30 15:02:03.260  1456  2205 W AiAiFed : java.lang.IllegalArgumentException: Unsupported response code3
05-30 15:02:03.260  1456  2205 W AiAiFed : 	at qgb.run(PG:48)
05-30 15:02:03.260  1456  2205 W AiAiFed : 	at java.util.concurrent.Executors$RunnableAdapter.call(Executors.java:487)
05-30 15:02:03.260  1456  2205 W AiAiFed : 	at java.util.concurrent.FutureTask.run(FutureTask.java:264)
05-30 15:02:03.260  1456  2205 W AiAiFed : 	at java.util.concurrent.ScheduledThreadPoolExecutor$ScheduledFutureTask.run(ScheduledThreadPoolExecutor.java:307)
05-30 15:02:03.260  1456  2205 W AiAiFed : 	at java.util.concurrent.ThreadPoolExecutor.runWorker(ThreadPoolExecutor.java:1145)
05-30 15:02:03.260  1456  2205 W AiAiFed : 	at java.util.concurrent.ThreadPoolExecutor$Worker.run(ThreadPoolExecutor.java:644)
05-30 15:02:03.260  1456  2205 W AiAiFed : 	at java.lang.Thread.run(Thread.java:1012)
05-30 15:02:03.260  1456  2205 W AiAiFed : [AiAi SmartSelect FL] Cancelling training failed [mode=FEDERATION, population=aiai/playstore/smartselect/prod/train/en/address-phone-or-selected-in-search-or-browser-apps, session=smartselect/prod/train/en/address-phone-or-selected-in-search-or-browser-apps]
05-30 15:02:03.260  1456  2205 W AiAiFed : zkd: UNKNOWN
05-30 15:02:03.260  1456  2205 W AiAiFed : 	at zkb.i(PG:3)
05-30 15:02:03.260  1456  2205 W AiAiFed : 	at aaac.cB(PG:15)
05-30 15:02:03.260  1456  2205 W AiAiFed : 	at zom.a(PG:32)
05-30 15:02:03.260  1456  2205 W AiAiFed : 	at zpd.run(PG:7)
05-30 15:02:03.260  1456  2205 W AiAiFed : 	at zvw.run(PG:17)
05-30 15:02:03.260  1456  2205 W AiAiFed : 	at java.util.concurrent.ThreadPoolExecutor.runWorker(ThreadPoolExecutor.java:1145)
05-30 15:02:03.260  1456  2205 W AiAiFed : 	at java.util.concurrent.ThreadPoolExecutor$Worker.run(ThreadPoolExecutor.java:644)
05-30 15:02:03.260  1456  2205 W AiAiFed : 	at java.lang.Thread.run(Thread.java:1012)
05-30 15:02:03.260  1456  2205 W AiAiFed : [AiAi SmartSelect FL] Cancelling training failed [mode=FEDERATION, population=aiai/playstore/smartselect/prod/train/en/pasted-to-search-apps, session=smartselect/prod/train/en/pasted-to-search-apps]
05-30 15:02:03.260  1456  2205 W AiAiFed : java.lang.IllegalArgumentException: Unsupported response code3
05-30 15:02:03.260  1456  2205 W AiAiFed : 	at qgb.run(PG:48)
05-30 15:02:03.260  1456  2205 W AiAiFed : 	at java.util.concurrent.Executors$RunnableAdapter.call(Executors.java:487)
05-30 15:02:03.260  1456  2205 W AiAiFed : 	at java.util.concurrent.FutureTask.run(FutureTask.java:264)
05-30 15:02:03.260  1456  2205 W AiAiFed : 	at java.util.concurrent.ScheduledThreadPoolExecutor$ScheduledFutureTask.run(ScheduledThreadPoolExecutor.java:307)
05-30 15:02:03.260  1456  2205 W AiAiFed : 	at java.util.concurrent.ThreadPoolExecutor.runWorker(ThreadPoolExecutor.java:1145)
05-30 15:02:03.260  1456  2205 W AiAiFed : 	at java.util.concurrent.ThreadPoolExecutor$Worker.run(ThreadPoolExecutor.java:644)
05-30 15:02:03.260  1456  2205 W AiAiFed : 	at java.lang.Thread.run(Thread.java:1012)
05-30 15:02:03.261  1456  2205 W AiAiFed : [AiAi SmartSelect FL] Cancelling training failed [mode=FEDERATION, population=aiai/playstore/smartselect/prod/train/en/pasted-to-search-apps, session=smartselect/prod/train/en/pasted-to-search-apps]
05-30 15:02:03.261  1456  2205 W AiAiFed : zkd: UNKNOWN
05-30 15:02:03.261  1456  2205 W AiAiFed : 	at zkb.i(PG:3)
05-30 15:02:03.261  1456  2205 W AiAiFed : 	at aaac.cB(PG:15)
05-30 15:02:03.261  1456  2205 W AiAiFed : 	at zom.a(PG:32)
05-30 15:02:03.261  1456  2205 W AiAiFed : 	at zpd.run(PG:7)
05-30 15:02:03.261  1456  2205 W AiAiFed : 	at zvw.run(PG:17)
05-30 15:02:03.261  1456  2205 W AiAiFed : 	at java.util.concurrent.ThreadPoolExecutor.runWorker(ThreadPoolExecutor.java:1145)
05-30 15:02:03.261  1456  2205 W AiAiFed : 	at java.util.concurrent.ThreadPoolExecutor$Worker.run(ThreadPoolExecutor.java:644)
05-30 15:02:03.261  1456  2205 W AiAiFed : 	at java.lang.Thread.run(Thread.java:1012)
05-30 15:02:03.261  1456  2205 W AiAiFed : [AiAi SmartSelect FL] Cancelling training failed [mode=FEDERATION, population=aiai/playstore/smartselect/prod/train/en/selected-in-messaging-apps, session=smartselect/prod/train/en/selected-in-messaging-apps]
05-30 15:02:03.261  1456  2205 W AiAiFed : java.lang.IllegalArgumentException: Unsupported response code3
05-30 15:02:03.261  1456  2205 W AiAiFed : 	at qgb.run(PG:48)
05-30 15:02:03.261  1456  2205 W AiAiFed : 	at java.util.concurrent.Executors$RunnableAdapter.call(Executors.java:487)
05-30 15:02:03.261  1456  2205 W AiAiFed : 	at java.util.concurrent.FutureTask.run(FutureTask.java:264)
05-30 15:02:03.261  1456  2205 W AiAiFed : 	at java.util.concurrent.ScheduledThreadPoolExecutor$ScheduledFutureTask.run(ScheduledThreadPoolExecutor.java:307)
05-30 15:02:03.261  1456  2205 W AiAiFed : 	at java.util.concurrent.ThreadPoolExecutor.runWorker(ThreadPoolExecutor.java:1145)
05-30 15:02:03.261  1456  2205 W AiAiFed : 	at java.util.concurrent.ThreadPoolExecutor$Worker.run(ThreadPoolExecutor.java:644)
05-30 15:02:03.261  1456  2205 W AiAiFed : 	at java.lang.Thread.run(Thread.java:1012)
05-30 15:02:03.261  1456  2205 W AiAiFed : [AiAi SmartSelect FL] Cancelling training failed [mode=FEDERATION, population=aiai/playstore/smartselect/prod/train/en/selected-in-messaging-apps, session=smartselect/prod/train/en/selected-in-messaging-apps]
05-30 15:02:03.261  1456  2205 W AiAiFed : zkd: UNKNOWN
05-30 15:02:03.261  1456  2205 W AiAiFed : 	at zkb.i(PG:3)
05-30 15:02:03.261  1456  2205 W AiAiFed : 	at aaac.cB(PG:15)
05-30 15:02:03.261  1456  2205 W AiAiFed : 	at zom.a(PG:32)
05-30 15:02:03.261  1456  2205 W AiAiFed : 	at zpd.run(PG:7)
05-30 15:02:03.261  1456  2205 W AiAiFed : 	at zvw.run(PG:17)
05-30 15:02:03.261  1456  2205 W AiAiFed : 	at java.util.concurrent.ThreadPoolExecutor.runWorker(ThreadPoolExecutor.java:1145)
05-30 15:02:03.261  1456  2205 W AiAiFed : 	at java.util.concurrent.ThreadPoolExecutor$Worker.run(ThreadPoolExecutor.java:644)
05-30 15:02:03.261  1456  2205 W AiAiFed : 	at java.lang.Thread.run(Thread.java:1012)
05-30 15:02:03.261  1456  2205 W AiAiFed : [AiAi SmartSelect FL] Cancelling training failed [mode=FEDERATION, population=aiai/playstore/smartselect/prod/train/en/all-non-url-email, session=smartselect/prod/train/en/all-non-url-email]
05-30 15:02:03.261  1456  2205 W AiAiFed : java.lang.IllegalArgumentException: Unsupported response code3
05-30 15:02:03.261  1456  2205 W AiAiFed : 	at qgb.run(PG:48)
05-30 15:02:03.261  1456  2205 W AiAiFed : 	at java.util.concurrent.Executors$RunnableAdapter.call(Executors.java:487)
05-30 15:02:03.261  1456  2205 W AiAiFed : 	at java.util.concurrent.FutureTask.run(FutureTask.java:264)
05-30 15:02:03.261  1456  2205 W AiAiFed : 	at java.util.concurrent.ScheduledThreadPoolExecutor$ScheduledFutureTask.run(ScheduledThreadPoolExecutor.java:307)
05-30 15:02:03.261  1456  2205 W AiAiFed : 	at java.util.concurrent.ThreadPoolExecutor.runWorker(ThreadPoolExecutor.java:1145)
05-30 15:02:03.261  1456  2205 W AiAiFed : 	at java.util.concurrent.ThreadPoolExecutor$Worker.run(ThreadPoolExecutor.java:644)
05-30 15:02:03.261  1456  2205 W AiAiFed : 	at java.lang.Thread.run(Thread.java:1012)
05-30 15:02:03.261  1456  2205 W AiAiFed : [AiAi SmartSelect FL] Cancelling training failed [mode=FEDERATION, population=aiai/playstore/smartselect/prod/train/en/all-non-url-email, session=smartselect/prod/train/en/all-non-url-email]
05-30 15:02:03.261  1456  2205 W AiAiFed : zkd: UNKNOWN
05-30 15:02:03.261  1456  2205 W AiAiFed : 	at zkb.i(PG:3)
05-30 15:02:03.261  1456  2205 W AiAiFed : 	at aaac.cB(PG:15)
05-30 15:02:03.261  1456  2205 W AiAiFed : 	at zom.a(PG:32)
05-30 15:02:03.261  1456  2205 W AiAiFed : 	at zpd.run(PG:7)
05-30 15:02:03.261  1456  2205 W AiAiFed : 	at zvw.run(PG:17)
05-30 15:02:03.261  1456  2205 W AiAiFed : 	at java.util.concurrent.ThreadPoolExecutor.runWorker(ThreadPoolExecutor.java:1145)
05-30 15:02:03.261  1456  2205 W AiAiFed : 	at java.util.concurrent.ThreadPoolExecutor$Worker.run(ThreadPoolExecutor.java:644)
05-30 15:02:03.261  1456  2205 W AiAiFed : 	at java.lang.Thread.run(Thread.java:1012)
05-30 15:02:03.261  1456  2205 W AiAiFed : [AiAi SmartSelect FL] Cancelling training failed [mode=FEDERATION, population=aiai/playstore/smartselect/prod/train/en/selected-in-non-messaging-apps, session=smartselect/prod/train/en/selected-in-non-messaging-apps]
05-30 15:02:03.261  1456  2205 W AiAiFed : java.lang.IllegalArgumentException: Unsupported response code3
05-30 15:02:03.261  1456  2205 W AiAiFed : 	at qgb.run(PG:48)
05-30 15:02:03.261  1456  2205 W AiAiFed : 	at java.util.concurrent.Executors$RunnableAdapter.call(Executors.java:487)
05-30 15:02:03.261  1456  2205 W AiAiFed : 	at java.util.concurrent.FutureTask.run(FutureTask.java:264)
05-30 15:02:03.261  1456  2205 W AiAiFed : 	at java.util.concurrent.ScheduledThreadPoolExecutor$ScheduledFutureTask.run(ScheduledThreadPoolExecutor.java:307)
05-30 15:02:03.261  1456  2205 W AiAiFed : 	at java.util.concurrent.ThreadPoolExecutor.runWorker(ThreadPoolExecutor.java:1145)
05-30 15:02:03.261  1456  2205 W AiAiFed : 	at java.util.concurrent.ThreadPoolExecutor$Worker.run(ThreadPoolExecutor.java:644)
05-30 15:02:03.261  1456  2205 W AiAiFed : 	at java.lang.Thread.run(Thread.java:1012)
05-30 15:02:03.261  1456  2205 W AiAiFed : [AiAi SmartSelect FL] Cancelling training failed [mode=FEDERATION, population=aiai/playstore/smartselect/prod/train/en/selected-in-non-messaging-apps, session=smartselect/prod/train/en/selected-in-non-messaging-apps]
05-30 15:02:03.261  1456  2205 W AiAiFed : zkd: UNKNOWN
05-30 15:02:03.261  1456  2205 W AiAiFed : 	at zkb.i(PG:3)
05-30 15:02:03.261  1456  2205 W AiAiFed : 	at aaac.cB(PG:15)
05-30 15:02:03.261  1456  2205 W AiAiFed : 	at zom.a(PG:32)
05-30 15:02:03.261  1456  2205 W AiAiFed : 	at zpd.run(PG:7)
05-30 15:02:03.261  1456  2205 W AiAiFed : 	at zvw.run(PG:17)
05-30 15:02:03.261  1456  2205 W AiAiFed : 	at java.util.concurrent.ThreadPoolExecutor.runWorker(ThreadPoolExecutor.java:1145)
05-30 15:02:03.261  1456  2205 W AiAiFed : 	at java.util.concurrent.ThreadPoolExecutor$Worker.run(ThreadPoolExecutor.java:644)
05-30 15:02:03.261  1456  2205 W AiAiFed : 	at java.lang.Thread.run(Thread.java:1012)
05-30 15:02:03.261  1456  2205 W AiAiFed : [AiAi SmartSelect FL] Cancelling training failed [mode=FEDERATION, population=aiai/playstore/smartselect/prod/train/all/all_nonsentences, session=smartselect/prod/train/all/all_nonsentences]
05-30 15:02:03.261  1456  2205 W AiAiFed : java.lang.IllegalArgumentException: Unsupported response code3
05-30 15:02:03.261  1456  2205 W AiAiFed : 	at qgb.run(PG:48)
05-30 15:02:03.261  1456  2205 W AiAiFed : 	at java.util.concurrent.Executors$RunnableAdapter.call(Executors.java:487)
05-30 15:02:03.261  1456  2205 W AiAiFed : 	at java.util.concurrent.FutureTask.run(FutureTask.java:264)
05-30 15:02:03.261  1456  2205 W AiAiFed : 	at java.util.concurrent.ScheduledThreadPoolExecutor$ScheduledFutureTask.run(ScheduledThreadPoolExecutor.java:307)
05-30 15:02:03.261  1456  2205 W AiAiFed : 	at java.util.concurrent.ThreadPoolExecutor.runWorker(ThreadPoolExecutor.java:1145)
05-30 15:02:03.261  1456  2205 W AiAiFed : 	at java.util.concurrent.ThreadPoolExecutor$Worker.run(ThreadPoolExecutor.java:644)
05-30 15:02:03.261  1456  2205 W AiAiFed : 	at java.lang.Thread.run(Thread.java:1012)
05-30 15:02:03.261  1456  2205 W AiAiFed : [AiAi SmartSelect FL] Cancelling training failed [mode=FEDERATION, population=aiai/playstore/smartselect/prod/train/all/all_nonsentences, session=smartselect/prod/train/all/all_nonsentences]
05-30 15:02:03.261  1456  2205 W AiAiFed : zkd: UNKNOWN
05-30 15:02:03.261  1456  2205 W AiAiFed : 	at zkb.i(PG:3)
05-30 15:02:03.261  1456  2205 W AiAiFed : 	at aaac.cB(PG:15)
05-30 15:02:03.261  1456  2205 W AiAiFed : 	at zom.a(PG:32)
05-30 15:02:03.261  1456  2205 W AiAiFed : 	at zpd.run(PG:7)
05-30 15:02:03.261  1456  2205 W AiAiFed : 	at zvw.run(PG:17)
05-30 15:02:03.261  1456  2205 W AiAiFed : 	at java.util.concurrent.ThreadPoolExecutor.runWorker(ThreadPoolExecutor.java:1145)
05-30 15:02:03.261  1456  2205 W AiAiFed : 	at java.util.concurrent.ThreadPoolExecutor$Worker.run(ThreadPoolExecutor.java:644)
05-30 15:02:03.261  1456  2205 W AiAiFed : 	at java.lang.Thread.run(Thread.java:1012)
05-30 15:02:03.261  1456  2205 W AiAiFed : [AiAi SmartSelect FL] Cancelling training failed [mode=FEDERATION, population=aiai/playstore/smartselect/prod/train/en/phone-or-pasted-to-dialer-apps, session=smartselect/prod/train/en/phone-or-pasted-to-dialer-apps]
05-30 15:02:03.261  1456  2205 W AiAiFed : java.lang.IllegalArgumentException: Unsupported response code3
05-30 15:02:03.261  1456  2205 W AiAiFed : 	at qgb.run(PG:48)
05-30 15:02:03.261  1456  2205 W AiAiFed : 	at java.util.concurrent.Executors$RunnableAdapter.call(Executors.java:487)
05-30 15:02:03.261  1456  2205 W AiAiFed : 	at java.util.concurrent.FutureTask.run(FutureTask.java:264)
05-30 15:02:03.261  1456  2205 W AiAiFed : 	at java.util.concurrent.ScheduledThreadPoolExecutor$ScheduledFutureTask.run(ScheduledThreadPoolExecutor.java:307)
05-30 15:02:03.261  1456  2205 W AiAiFed : 	at java.util.concurrent.ThreadPoolExecutor.runWorker(ThreadPoolExecutor.java:1145)
05-30 15:02:03.261  1456  2205 W AiAiFed : 	at java.util.concurrent.ThreadPoolExecutor$Worker.run(ThreadPoolExecutor.java:644)
05-30 15:02:03.261  1456  2205 W AiAiFed : 	at java.lang.Thread.run(Thread.java:1012)
05-30 15:02:03.261  1456  2205 W AiAiFed : [AiAi SmartSelect FL] Cancelling training failed [mode=FEDERATION, population=aiai/playstore/smartselect/prod/train/en/phone-or-pasted-to-dialer-apps, session=smartselect/prod/train/en/phone-or-pasted-to-dialer-apps]
05-30 15:02:03.261  1456  2205 W AiAiFed : zkd: UNKNOWN
05-30 15:02:03.261  1456  2205 W AiAiFed : 	at zkb.i(PG:3)
05-30 15:02:03.261  1456  2205 W AiAiFed : 	at aaac.cB(PG:15)
05-30 15:02:03.261  1456  2205 W AiAiFed : 	at zom.a(PG:32)
05-30 15:02:03.261  1456  2205 W AiAiFed : 	at zpd.run(PG:7)
05-30 15:02:03.261  1456  2205 W AiAiFed : 	at zvw.run(PG:17)
05-30 15:02:03.261  1456  2205 W AiAiFed : 	at java.util.concurrent.ThreadPoolExecutor.runWorker(ThreadPoolExecutor.java:1145)
05-30 15:02:03.261  1456  2205 W AiAiFed : 	at java.util.concurrent.ThreadPoolExecutor$Worker.run(ThreadPoolExecutor.java:644)
05-30 15:02:03.261  1456  2205 W AiAiFed : 	at java.lang.Thread.run(Thread.java:1012)
05-30 15:02:03.261  1456  1807 I AiAiEcho: AppPredictionInputConnectorImpl#createPredictionSession
05-30 15:02:03.265   566  1675 I AppWidgetServiceImpl: getInstalledProvidersForProfiles() 0
05-30 15:02:03.268   566   831 D WifiService: Remove settings for package:com.google.android.gms.supervision
05-30 15:02:03.268  1562  1886 I A       : Scheduling growth periodic tasks
05-30 15:02:03.269  1562  1886 I PcpLocalCalendarStartup: #onDeviceInstallOrBoot(): Starting PCP calendar tasks.
05-30 15:02:03.274   922   922 I Choreographer: Skipped 314 frames!  The application may be doing too much work on its main thread.
05-30 15:02:03.275   566  1984 W ParceledListSlice: Element #25 is 19764 bytes.
05-30 15:02:03.275   566  1984 W ParceledListSlice: Element #26 is 19800 bytes.
05-30 15:02:03.276   566  1876 D PackageManager: Instant App installer not found with android.intent.action.INSTALL_INSTANT_APP_PACKAGE
05-30 15:02:03.276   566  1876 D PackageManager: Clear ephemeral installer activity
05-30 15:02:03.276   566   871 I AppWidgetServiceImpl: Received broadcast: android.intent.action.PACKAGE_CHANGED on user 0
05-30 15:02:03.278  1456  2145 I AiAiAutofill: Connected AiAiAugmentedAutofillService.
05-30 15:02:03.280  1456  1854 I LPRequestState: [ManagerRequests] #resolveDesiredLanguagePacks
05-30 15:02:03.280  2078  2520 W System.err: val in interceptor: null
05-30 15:02:03.282   566  1984 W ParceledListSlice: Element #27 is 19644 bytes.
05-30 15:02:03.282   566  1984 W ParceledListSlice: Element #28 is 19552 bytes.
05-30 15:02:03.282   566  1984 W ParceledListSlice: Element #29 is 19664 bytes.
05-30 15:02:03.283  2434  2434 I ExoPlayerImpl: Init 7283f5d [AndroidXMedia3/1.3.0] [emu64xa, sdk_gphone64_x86_64, Google, 35]
05-30 15:02:03.283   566   831 D WifiConfigManager: Remove all networks for app ApplicationInfo{a4a9599 com.google.android.gms.supervision}
05-30 15:02:03.287   566   594 W MagnificationConnectionManager: requestConnection duplicated request: connect=false, mConnectionState=DISCONNECTED
05-30 15:02:03.295  1456  2059 I TrainerClient: Preparing to schedule training for population:aiai/playstore/smartselect/train/en/all-non-url-email-cut session_name:smartselect/train/en/all-non-url-email-cut
05-30 15:02:03.296  1482  1884 I TRG.Connection: (REDACTED) New message(%s, @%s) received at connection(%s).
05-30 15:02:03.296  1482  1884 I TRG.Connection: (REDACTED) Message(%s, @%s) has been successfully processed at connection(%s).
05-30 15:02:03.297  1456  1456 I AiAiEcho: AppFetcherImpl onPackageChanged com.google.android.gms.supervision.
05-30 15:02:03.297  1456  2059 I TrainerClient: Preparing to schedule training for population:aiai/playstore/smartselect/train/en/address-phone-other-translate session_name:smartselect/train/en/address-phone-other-translate
05-30 15:02:03.297  1456  2059 I TrainerClient: Preparing to schedule training for population:aiai/playstore/smartselect/train/en/address-phone-or-pasted-to-non-messaging-apps session_name:smartselect/train/en/address-phone-or-pasted-to-non-messaging-apps
05-30 15:02:03.298  1456  2059 I TrainerClient: Preparing to schedule training for population:aiai/playstore/smartselect/train/en/all-non-translate session_name:smartselect/train/en/all-non-translate
05-30 15:02:03.298  1456  2059 I TrainerClient: Preparing to schedule training for population:aiai/playstore/smartselect/train/en/address-or-pasted-to-map-or-shopping-apps session_name:smartselect/train/en/address-or-pasted-to-map-or-shopping-apps
05-30 15:02:03.298  1456  2059 I TrainerClient: Preparing to schedule training for population:aiai/playstore/smartselect/train/en/phone session_name:smartselect/train/en/phone
05-30 15:02:03.298  1456  2059 I TrainerClient: Preparing to schedule training for population:aiai/playstore/smartselect/train/en/pasted-to-named-entity-apps session_name:smartselect/train/en/pasted-to-named-entity-apps
05-30 15:02:03.298  1456  2059 I TrainerClient: Preparing to schedule training for population:aiai/playstore/smartselect/train/en/address-phone-other session_name:smartselect/train/en/address-phone-other
05-30 15:02:03.298  1456  2059 I TrainerClient: Preparing to schedule training for population:aiai/playstore/smartselect/train/en/selected-in-non-messaging-apps session_name:smartselect/train/en/selected-in-non-messaging-apps
05-30 15:02:03.298  1456  2059 I TrainerClient: Preparing to schedule training for population:aiai/playstore/smartselect/train/en/phone-or-pasted-to-dialer-apps session_name:smartselect/train/en/phone-or-pasted-to-dialer-apps
05-30 15:02:03.298  1456  2059 I TrainerClient: Preparing to schedule training for population:aiai/playstore/smartselect/train/en/pasted-to-shopping-apps session_name:smartselect/train/en/pasted-to-shopping-apps
05-30 15:02:03.298  1456  2059 I TrainerClient: Preparing to schedule training for population:aiai/playstore/smartselect/train/en/address-phone-otp-copied session_name:smartselect/train/en/address-phone-otp-copied
05-30 15:02:03.299  1456  2059 I TrainerClient: Preparing to schedule training for population:aiai/playstore/smartselect/train/en/address-phone-or-selected-in-search-or-browser-apps session_name:smartselect/train/en/address-phone-or-selected-in-search-or-browser-apps
05-30 15:02:03.299  1456  2059 I TrainerClient: Preparing to schedule training for population:aiai/playstore/smartselect/train/en/all-non-url-email-cut-translate session_name:smartselect/train/en/all-non-url-email-cut-translate
05-30 15:02:03.299  1456  2059 I TrainerClient: Preparing to schedule training for population:aiai/playstore/smartselect/train/en/address-or-pasted-to-shopping-apps session_name:smartselect/train/en/address-or-pasted-to-shopping-apps
05-30 15:02:03.299  1456  2059 I TrainerClient: Preparing to schedule training for population:aiai/playstore/smartselect/train/en/all_nonsentences session_name:smartselect/train/en/all_nonsentences
05-30 15:02:03.299  1456  2059 I TrainerClient: Preparing to schedule training for population:aiai/playstore/smartselect/train/en/address-phone-or-selected-in-messaging-apps session_name:smartselect/train/en/address-phone-or-selected-in-messaging-apps
05-30 15:02:03.299  1456  2059 I TrainerClient: Preparing to schedule training for population:aiai/playstore/smartselect/train/en/pasted-to-search-apps session_name:smartselect/train/en/pasted-to-search-apps
05-30 15:02:03.299  1456  2059 I TrainerClient: Preparing to schedule training for population:aiai/playstore/smartselect/train/en/all-pasted-to-apps session_name:smartselect/train/en/all-pasted-to-apps
05-30 15:02:03.299  1456  2059 I TrainerClient: Preparing to schedule training for population:aiai/playstore/smartselect/train/en/address-otp session_name:smartselect/train/en/address-otp
05-30 15:02:03.299  1456  2059 I TrainerClient: Preparing to schedule training for population:aiai/playstore/smartselect/train/en/pasted-to-maps-apps session_name:smartselect/train/en/pasted-to-maps-apps
05-30 15:02:03.300  1456  2059 I TrainerClient: Preparing to schedule training for population:aiai/playstore/smartselect/train/en/pasted-to-translate-apps session_name:smartselect/train/en/pasted-to-translate-apps
05-30 15:02:03.300  1456  2059 I TrainerClient: Preparing to schedule training for population:aiai/playstore/smartselect/train/en/address-phone-other-nonsentences session_name:smartselect/train/en/address-phone-other-nonsentences
05-30 15:02:03.300  1456  2059 I TrainerClient: Preparing to schedule training for population:aiai/playstore/smartselect/train/en/selected-in-messaging-apps session_name:smartselect/train/en/selected-in-messaging-apps
05-30 15:02:03.300  1456  2059 I TrainerClient: Preparing to schedule training for population:aiai/playstore/smartselect/train/en/all-non-url-email session_name:smartselect/train/en/all-non-url-email
05-30 15:02:03.307  2078  2510 W System.err: Seeding context with ref: 104357814
05-30 15:02:03.308  2078  2510 W System.err: val in interceptor: null
05-30 15:02:03.308  2078  2511 W System.err: Seeding context with ref: 267281591
05-30 15:02:03.308  2078  2511 W System.err: val in interceptor: null
05-30 15:02:03.308  1522  2537 W SubscriptionInfo: MCC string is not a number
05-30 15:02:03.308  1522  2537 W SubscriptionInfo: MNC string is not a number
05-30 15:02:03.309  2078  2196 W System.err: Seeding context with ref: 129684516
05-30 15:02:03.310  2078  2196 W System.err: val in interceptor: null
05-30 15:02:03.311  2078  2198 W System.err: Seeding context with ref: 252148621
05-30 15:02:03.311  2078  2198 W System.err: val in interceptor: null
05-30 15:02:03.319  2078  2191 W System.err: val in interceptor: null
05-30 15:02:03.319  1522  2537 W SubscriptionInfo: MCC string is not a number
05-30 15:02:03.319  1522  2537 W SubscriptionInfo: MNC string is not a number
05-30 15:02:03.320  1456  2298 I AiAiEcho: AppIndexer Package:[com.google.android.gms.supervision] UserProfile:[0] Enabled:[false].
05-30 15:02:03.322  2434  2434 I VoiceDataManager: Explicitly adding voicepack to downloads: en-us-x-multi
05-30 15:02:03.323  2078  2193 W System.err: Seeding context with ref: 165855554
05-30 15:02:03.323  2078  2193 W System.err: val in interceptor: null
05-30 15:02:03.323  2434  2434 I VoiceDataDownloader: voicesToFetch en-us
05-30 15:02:03.325  2078  2192 W System.err: Seeding context with ref: 125474131
05-30 15:02:03.325  2078  2192 W System.err: val in interceptor: null
05-30 15:02:03.326  2434  2434 I VoiceDataDownloader: fetchVoiceInternal en-us
05-30 15:02:03.326  2078  2196 W System.err: Seeding context with ref: 165875344
05-30 15:02:03.326  2078  2196 W System.err: val in interceptor: null
05-30 15:02:03.328  2078  2511 W System.err: Seeding context with ref: 125649801
05-30 15:02:03.328  2078  2511 W System.err: val in interceptor: null
05-30 15:02:03.328  2078  2510 W System.err: Seeding context with ref: 266317710
05-30 15:02:03.329  2078  2510 W System.err: val in interceptor: null
05-30 15:02:03.329  2078  2198 W System.err: Seeding context with ref: 261043119
05-30 15:02:03.329  2078  2198 W System.err: val in interceptor: null
05-30 15:02:03.330   922   926 I ndroid.systemui: JIT allocated 54KB for compiled code of java.lang.Object com.google.android.systemui.dagger.DaggerSysUIGoogleGlobalRootComponent$WMComponentImpl$SwitchingProvider.get9()
05-30 15:02:03.330   922   926 I ndroid.systemui: Compiler allocated 5772KB to compile java.lang.Object com.google.android.systemui.dagger.DaggerSysUIGoogleGlobalRootComponent$WMComponentImpl$SwitchingProvider.get9()
05-30 15:02:03.335   566   886 D ShortcutService: Saving package item com.android.chrome to /data/system_ce/0/shortcut_service/packages/com.android.chrome.xml
05-30 15:02:03.336  2434  2546 I VoiceDataDownloader: Not already initialized. Initializing Superpacks.
05-30 15:02:03.341  2078  2191 W System.err: Seeding context with ref: 168985532
05-30 15:02:03.341  2078  2191 W System.err: val in interceptor: null
05-30 15:02:03.344  2078  2512 W System.err: Seeding context with ref: 225283909
05-30 15:02:03.344  2078  2512 W System.err: val in interceptor: null
05-30 15:02:03.345  2078  2523 W System.err: Seeding context with ref: 229324442
05-30 15:02:03.348  2078  2523 W System.err: val in interceptor: null
05-30 15:02:03.349  2434  2434 I GoogleTTSServiceImpl: currentLocale = en-US
05-30 15:02:03.352  1522  2537 W SubscriptionInfo: MCC string is not a number
05-30 15:02:03.352  1522  2537 W SubscriptionInfo: MNC string is not a number
05-30 15:02:03.354  2434  2546 I VoiceDataDownloader: Superpack object built.
05-30 15:02:03.356  1456  2205 W AiAiFed : [AiAi SmartSelect FL] Cancelling training failed [mode=FEDERATION, population=aiai/playstore/smartselect/prod/train/en/address-phone, session=smartselect/prod/train/en/address-phone]
05-30 15:02:03.356  1456  2205 W AiAiFed : java.lang.IllegalArgumentException: Unsupported response code3
05-30 15:02:03.356  1456  2205 W AiAiFed : 	at qgb.run(PG:48)
05-30 15:02:03.356  1456  2205 W AiAiFed : 	at java.util.concurrent.Executors$RunnableAdapter.call(Executors.java:487)
05-30 15:02:03.356  1456  2205 W AiAiFed : 	at java.util.concurrent.FutureTask.run(FutureTask.java:264)
05-30 15:02:03.356  1456  2205 W AiAiFed : 	at java.util.concurrent.ScheduledThreadPoolExecutor$ScheduledFutureTask.run(ScheduledThreadPoolExecutor.java:307)
05-30 15:02:03.356  1456  2205 W AiAiFed : 	at java.util.concurrent.ThreadPoolExecutor.runWorker(ThreadPoolExecutor.java:1145)
05-30 15:02:03.356  1456  2205 W AiAiFed : 	at java.util.concurrent.ThreadPoolExecutor$Worker.run(ThreadPoolExecutor.java:644)
05-30 15:02:03.356  1456  2205 W AiAiFed : 	at java.lang.Thread.run(Thread.java:1012)
05-30 15:02:03.356  1456  2205 W AiAiFed : [AiAi SmartSelect FL] Cancelling training failed [mode=FEDERATION, population=aiai/playstore/smartselect/prod/train/en/address-phone, session=smartselect/prod/train/en/address-phone]
05-30 15:02:03.356  1456  2205 W AiAiFed : zkd: UNKNOWN
05-30 15:02:03.356  1456  2205 W AiAiFed : 	at zkb.i(PG:3)
05-30 15:02:03.356  1456  2205 W AiAiFed : 	at aaac.cB(PG:15)
05-30 15:02:03.356  1456  2205 W AiAiFed : 	at zom.a(PG:32)
05-30 15:02:03.356  1456  2205 W AiAiFed : 	at zpd.run(PG:7)
05-30 15:02:03.356  1456  2205 W AiAiFed : 	at zvw.run(PG:17)
05-30 15:02:03.356  1456  2205 W AiAiFed : 	at java.util.concurrent.ThreadPoolExecutor.runWorker(ThreadPoolExecutor.java:1145)
05-30 15:02:03.356  1456  2205 W AiAiFed : 	at java.util.concurrent.ThreadPoolExecutor$Worker.run(ThreadPoolExecutor.java:644)
05-30 15:02:03.356  1456  2205 W AiAiFed : 	at java.lang.Thread.run(Thread.java:1012)
05-30 15:02:03.356  1456  2205 W AiAiFed : [AiAi SimpleStorage Federated Collection] Cancelling training failed [mode=FEDERATION, population=aiai/playstore/smartselect/train/en/pasted-to-shopping-apps, session=smartselect/train/en/pasted-to-shopping-apps]
05-30 15:02:03.356  1456  2205 W AiAiFed : java.lang.IllegalArgumentException: Unsupported response code3
05-30 15:02:03.356  1456  2205 W AiAiFed : 	at qgb.run(PG:48)
05-30 15:02:03.356  1456  2205 W AiAiFed : 	at java.util.concurrent.Executors$RunnableAdapter.call(Executors.java:487)
05-30 15:02:03.356  1456  2205 W AiAiFed : 	at java.util.concurrent.FutureTask.run(FutureTask.java:264)
05-30 15:02:03.356  1456  2205 W AiAiFed : 	at java.util.concurrent.ScheduledThreadPoolExecutor$ScheduledFutureTask.run(ScheduledThreadPoolExecutor.java:307)
05-30 15:02:03.356  1456  2205 W AiAiFed : 	at java.util.concurrent.ThreadPoolExecutor.runWorker(ThreadPoolExecutor.java:1145)
