05-30 15:02:03.533  1456  2205 W AiAiFed : 	at zpd.run(PG:7)
05-30 15:02:03.533  1456  2205 W AiAiFed : 	at zvw.run(PG:17)
05-30 15:02:03.533  1456  2205 W AiAiFed : 	at java.util.concurrent.ThreadPoolExecutor.runWorker(ThreadPoolExecutor.java:1145)
05-30 15:02:03.533  1456  2205 W AiAiFed : 	at java.util.concurrent.ThreadPoolExecutor$Worker.run(ThreadPoolExecutor.java:644)
05-30 15:02:03.533  1456  2205 W AiAiFed : 	at java.lang.Thread.run(Thread.java:1012)
05-30 15:02:03.533  1456  2205 W AiAiFed : [AiAi SimpleStorage Federated Collection] Cancelling training failed [mode=FEDERATION, population=aiai/playstore/contentcapture, session=contentcapture]
05-30 15:02:03.533  1456  2205 W AiAiFed : java.lang.IllegalArgumentException: Unsupported response code3
05-30 15:02:03.533  1456  2205 W AiAiFed : 	at qgb.run(PG:48)
05-30 15:02:03.533  1456  2205 W AiAiFed : 	at java.util.concurrent.Executors$RunnableAdapter.call(Executors.java:487)
05-30 15:02:03.533  1456  2205 W AiAiFed : 	at java.util.concurrent.FutureTask.run(FutureTask.java:264)
05-30 15:02:03.533  1456  2205 W AiAiFed : 	at java.util.concurrent.ScheduledThreadPoolExecutor$ScheduledFutureTask.run(ScheduledThreadPoolExecutor.java:307)
05-30 15:02:03.533  1456  2205 W AiAiFed : 	at java.util.concurrent.ThreadPoolExecutor.runWorker(ThreadPoolExecutor.java:1145)
05-30 15:02:03.533  1456  2205 W AiAiFed : 	at java.util.concurrent.ThreadPoolExecutor$Worker.run(ThreadPoolExecutor.java:644)
05-30 15:02:03.533  1456  2205 W AiAiFed : 	at java.lang.Thread.run(Thread.java:1012)
05-30 15:02:03.533  1456  2205 W AiAiFed : [AiAi SimpleStorage Federated Collection] Cancelling training failed [mode=FEDERATION, population=aiai/playstore/contentcapture, session=contentcapture]
05-30 15:02:03.533  1456  2205 W AiAiFed : zkd: UNKNOWN
05-30 15:02:03.533  1456  2205 W AiAiFed : 	at zkb.i(PG:3)
05-30 15:02:03.533  1456  2205 W AiAiFed : 	at aaac.cB(PG:15)
05-30 15:02:03.533  1456  2205 W AiAiFed : 	at zom.a(PG:32)
05-30 15:02:03.533  1456  2205 W AiAiFed : 	at zpd.run(PG:7)
05-30 15:02:03.533  1456  2205 W AiAiFed : 	at zvw.run(PG:17)
05-30 15:02:03.533  1456  2205 W AiAiFed : 	at java.util.concurrent.ThreadPoolExecutor.runWorker(ThreadPoolExecutor.java:1145)
05-30 15:02:03.533  1456  2205 W AiAiFed : 	at java.util.concurrent.ThreadPoolExecutor$Worker.run(ThreadPoolExecutor.java:644)
05-30 15:02:03.533  1456  2205 W AiAiFed : 	at java.lang.Thread.run(Thread.java:1012)
05-30 15:02:03.533  1456  2205 W AiAiFed : [AiAi SimpleStorage Federated Collection] Cancelling training failed [mode=FEDERATION, population=aiai/playstore/smartselect/train/en/address-or-pasted-to-map-apps, session=smartselect/train/en/address-or-pasted-to-map-apps]
05-30 15:02:03.533  1456  2205 W AiAiFed : java.lang.IllegalArgumentException: Unsupported response code3
05-30 15:02:03.533  1456  2205 W AiAiFed : 	at qgb.run(PG:48)
05-30 15:02:03.533  1456  2205 W AiAiFed : 	at java.util.concurrent.Executors$RunnableAdapter.call(Executors.java:487)
05-30 15:02:03.533  1456  2205 W AiAiFed : 	at java.util.concurrent.FutureTask.run(FutureTask.java:264)
05-30 15:02:03.533  1456  2205 W AiAiFed : 	at java.util.concurrent.ScheduledThreadPoolExecutor$ScheduledFutureTask.run(ScheduledThreadPoolExecutor.java:307)
05-30 15:02:03.533  1456  2205 W AiAiFed : 	at java.util.concurrent.ThreadPoolExecutor.runWorker(ThreadPoolExecutor.java:1145)
05-30 15:02:03.533  1456  2205 W AiAiFed : 	at java.util.concurrent.ThreadPoolExecutor$Worker.run(ThreadPoolExecutor.java:644)
05-30 15:02:03.533  1456  2205 W AiAiFed : 	at java.lang.Thread.run(Thread.java:1012)
05-30 15:02:03.533  1456  2205 W AiAiFed : [AiAi SimpleStorage Federated Collection] Cancelling training failed [mode=FEDERATION, population=aiai/playstore/smartselect/train/en/address-or-pasted-to-map-apps, session=smartselect/train/en/address-or-pasted-to-map-apps]
05-30 15:02:03.533  1456  2205 W AiAiFed : zkd: UNKNOWN
05-30 15:02:03.533  1456  2205 W AiAiFed : 	at zkb.i(PG:3)
05-30 15:02:03.533  1456  2205 W AiAiFed : 	at aaac.cB(PG:15)
05-30 15:02:03.533  1456  2205 W AiAiFed : 	at zom.a(PG:32)
05-30 15:02:03.533  1456  2205 W AiAiFed : 	at zpd.run(PG:7)
05-30 15:02:03.533  1456  2205 W AiAiFed : 	at zvw.run(PG:17)
05-30 15:02:03.533  1456  2205 W AiAiFed : 	at java.util.concurrent.ThreadPoolExecutor.runWorker(ThreadPoolExecutor.java:1145)
05-30 15:02:03.533  1456  2205 W AiAiFed : 	at java.util.concurrent.ThreadPoolExecutor$Worker.run(ThreadPoolExecutor.java:644)
05-30 15:02:03.533  1456  2205 W AiAiFed : 	at java.lang.Thread.run(Thread.java:1012)
05-30 15:02:03.533  1456  2205 W AiAiFed : [AiAi SimpleStorage Federated Collection] Cancelling training failed [mode=FEDERATION, population=aiai/playstore/smartselect/train/en/address-phone-otp, session=smartselect/train/en/address-phone-otp]
05-30 15:02:03.533  1456  2205 W AiAiFed : java.lang.IllegalArgumentException: Unsupported response code3
05-30 15:02:03.533  1456  2205 W AiAiFed : 	at qgb.run(PG:48)
05-30 15:02:03.533  1456  2205 W AiAiFed : 	at java.util.concurrent.Executors$RunnableAdapter.call(Executors.java:487)
05-30 15:02:03.533  1456  2205 W AiAiFed : 	at java.util.concurrent.FutureTask.run(FutureTask.java:264)
05-30 15:02:03.533  1456  2205 W AiAiFed : 	at java.util.concurrent.ScheduledThreadPoolExecutor$ScheduledFutureTask.run(ScheduledThreadPoolExecutor.java:307)
05-30 15:02:03.533  1456  2205 W AiAiFed : 	at java.util.concurrent.ThreadPoolExecutor.runWorker(ThreadPoolExecutor.java:1145)
05-30 15:02:03.533  1456  2205 W AiAiFed : 	at java.util.concurrent.ThreadPoolExecutor$Worker.run(ThreadPoolExecutor.java:644)
05-30 15:02:03.533  1456  2205 W AiAiFed : 	at java.lang.Thread.run(Thread.java:1012)
05-30 15:02:03.533  1456  2205 W AiAiFed : [AiAi SimpleStorage Federated Collection] Cancelling training failed [mode=FEDERATION, population=aiai/playstore/smartselect/train/en/address-phone-otp, session=smartselect/train/en/address-phone-otp]
05-30 15:02:03.533  1456  2205 W AiAiFed : zkd: UNKNOWN
05-30 15:02:03.533  1456  2205 W AiAiFed : 	at zkb.i(PG:3)
05-30 15:02:03.533  1456  2205 W AiAiFed : 	at aaac.cB(PG:15)
05-30 15:02:03.533  1456  2205 W AiAiFed : 	at zom.a(PG:32)
05-30 15:02:03.533  1456  2205 W AiAiFed : 	at zpd.run(PG:7)
05-30 15:02:03.533  1456  2205 W AiAiFed : 	at zvw.run(PG:17)
05-30 15:02:03.533  1456  2205 W AiAiFed : 	at java.util.concurrent.ThreadPoolExecutor.runWorker(ThreadPoolExecutor.java:1145)
05-30 15:02:03.533  1456  2205 W AiAiFed : 	at java.util.concurrent.ThreadPoolExecutor$Worker.run(ThreadPoolExecutor.java:644)
05-30 15:02:03.533  1456  2205 W AiAiFed : 	at java.lang.Thread.run(Thread.java:1012)
05-30 15:02:03.533  1456  2205 W AiAiFed : [AiAi SimpleStorage Federated Collection] Cancelling training failed [mode=FEDERATION, population=aiai/playstore/smartselect/train/en/all-non-url-email, session=smartselect/train/en/all-non-url-email]
05-30 15:02:03.533  1456  2205 W AiAiFed : java.lang.IllegalArgumentException: Unsupported response code3
05-30 15:02:03.533  1456  2205 W AiAiFed : 	at qgb.run(PG:48)
05-30 15:02:03.533  1456  2205 W AiAiFed : 	at java.util.concurrent.Executors$RunnableAdapter.call(Executors.java:487)
05-30 15:02:03.533  1456  2205 W AiAiFed : 	at java.util.concurrent.FutureTask.run(FutureTask.java:264)
05-30 15:02:03.533  1456  2205 W AiAiFed : 	at java.util.concurrent.ScheduledThreadPoolExecutor$ScheduledFutureTask.run(ScheduledThreadPoolExecutor.java:307)
05-30 15:02:03.533  1456  2205 W AiAiFed : 	at java.util.concurrent.ThreadPoolExecutor.runWorker(ThreadPoolExecutor.java:1145)
05-30 15:02:03.533  1456  2205 W AiAiFed : 	at java.util.concurrent.ThreadPoolExecutor$Worker.run(ThreadPoolExecutor.java:644)
05-30 15:02:03.533  1456  2205 W AiAiFed : 	at java.lang.Thread.run(Thread.java:1012)
05-30 15:02:03.533  1456  2205 W AiAiFed : [AiAi SimpleStorage Federated Collection] Cancelling training failed [mode=FEDERATION, population=aiai/playstore/smartselect/train/en/all-non-url-email, session=smartselect/train/en/all-non-url-email]
05-30 15:02:03.533  1456  2205 W AiAiFed : zkd: UNKNOWN
05-30 15:02:03.533  1456  2205 W AiAiFed : 	at zkb.i(PG:3)
05-30 15:02:03.533  1456  2205 W AiAiFed : 	at aaac.cB(PG:15)
05-30 15:02:03.533  1456  2205 W AiAiFed : 	at zom.a(PG:32)
05-30 15:02:03.533  1456  2205 W AiAiFed : 	at zpd.run(PG:7)
05-30 15:02:03.533  1456  2205 W AiAiFed : 	at zvw.run(PG:17)
05-30 15:02:03.533  1456  2205 W AiAiFed : 	at java.util.concurrent.ThreadPoolExecutor.runWorker(ThreadPoolExecutor.java:1145)
05-30 15:02:03.533  1456  2205 W AiAiFed : 	at java.util.concurrent.ThreadPoolExecutor$Worker.run(ThreadPoolExecutor.java:644)
05-30 15:02:03.533  1456  2205 W AiAiFed : 	at java.lang.Thread.run(Thread.java:1012)
05-30 15:02:03.533  1456  2205 W AiAiFed : [AiAi SimpleStorage Federated Collection] Cancelling training failed [mode=FEDERATION, population=aiai/playstore/smartselect/train/en/address-phone-or-pasted-to-either-apps, session=smartselect/train/en/address-phone-or-pasted-to-either-apps]
05-30 15:02:03.533  1456  2205 W AiAiFed : java.lang.IllegalArgumentException: Unsupported response code3
05-30 15:02:03.533  1456  2205 W AiAiFed : 	at qgb.run(PG:48)
05-30 15:02:03.533  1456  2205 W AiAiFed : 	at java.util.concurrent.Executors$RunnableAdapter.call(Executors.java:487)
05-30 15:02:03.533  1456  2205 W AiAiFed : 	at java.util.concurrent.FutureTask.run(FutureTask.java:264)
05-30 15:02:03.533  1456  2205 W AiAiFed : 	at java.util.concurrent.ScheduledThreadPoolExecutor$ScheduledFutureTask.run(ScheduledThreadPoolExecutor.java:307)
05-30 15:02:03.533  1456  2205 W AiAiFed : 	at java.util.concurrent.ThreadPoolExecutor.runWorker(ThreadPoolExecutor.java:1145)
05-30 15:02:03.533  1456  2205 W AiAiFed : 	at java.util.concurrent.ThreadPoolExecutor$Worker.run(ThreadPoolExecutor.java:644)
05-30 15:02:03.533  1456  2205 W AiAiFed : 	at java.lang.Thread.run(Thread.java:1012)
05-30 15:02:03.533  1456  2205 W AiAiFed : [AiAi SimpleStorage Federated Collection] Cancelling training failed [mode=FEDERATION, population=aiai/playstore/smartselect/train/en/address-phone-or-pasted-to-either-apps, session=smartselect/train/en/address-phone-or-pasted-to-either-apps]
05-30 15:02:03.533  1456  2205 W AiAiFed : zkd: UNKNOWN
05-30 15:02:03.533  1456  2205 W AiAiFed : 	at zkb.i(PG:3)
05-30 15:02:03.533  1456  2205 W AiAiFed : 	at aaac.cB(PG:15)
05-30 15:02:03.533  1456  2205 W AiAiFed : 	at zom.a(PG:32)
05-30 15:02:03.533  1456  2205 W AiAiFed : 	at zpd.run(PG:7)
05-30 15:02:03.533  1456  2205 W AiAiFed : 	at zvw.run(PG:17)
05-30 15:02:03.533  1456  2205 W AiAiFed : 	at java.util.concurrent.ThreadPoolExecutor.runWorker(ThreadPoolExecutor.java:1145)
05-30 15:02:03.533  1456  2205 W AiAiFed : 	at java.util.concurrent.ThreadPoolExecutor$Worker.run(ThreadPoolExecutor.java:644)
05-30 15:02:03.533  1456  2205 W AiAiFed : 	at java.lang.Thread.run(Thread.java:1012)
05-30 15:02:03.533  1456  2205 W AiAiFed : [AiAi SimpleStorage Federated Collection] Cancelling training failed [mode=FEDERATION, population=aiai/playstore/smartselect/train/en/address-phone, session=smartselect/train/en/address-phone]
05-30 15:02:03.533  1456  2205 W AiAiFed : java.lang.IllegalArgumentException: Unsupported response code3
05-30 15:02:03.533  1456  2205 W AiAiFed : 	at qgb.run(PG:48)
05-30 15:02:03.533  1456  2205 W AiAiFed : 	at java.util.concurrent.Executors$RunnableAdapter.call(Executors.java:487)
05-30 15:02:03.533  1456  2205 W AiAiFed : 	at java.util.concurrent.FutureTask.run(FutureTask.java:264)
05-30 15:02:03.533  1456  2205 W AiAiFed : 	at java.util.concurrent.ScheduledThreadPoolExecutor$ScheduledFutureTask.run(ScheduledThreadPoolExecutor.java:307)
05-30 15:02:03.533  1456  2205 W AiAiFed : 	at java.util.concurrent.ThreadPoolExecutor.runWorker(ThreadPoolExecutor.java:1145)
05-30 15:02:03.533  1456  2205 W AiAiFed : 	at java.util.concurrent.ThreadPoolExecutor$Worker.run(ThreadPoolExecutor.java:644)
05-30 15:02:03.533  1456  2205 W AiAiFed : 	at java.lang.Thread.run(Thread.java:1012)
05-30 15:02:03.533  1456  2205 W AiAiFed : [AiAi SimpleStorage Federated Collection] Cancelling training failed [mode=FEDERATION, population=aiai/playstore/smartselect/train/en/address-phone, session=smartselect/train/en/address-phone]
05-30 15:02:03.533  1456  2205 W AiAiFed : zkd: UNKNOWN
05-30 15:02:03.533  1456  2205 W AiAiFed : 	at zkb.i(PG:3)
05-30 15:02:03.533  1456  2205 W AiAiFed : 	at aaac.cB(PG:15)
05-30 15:02:03.533  1456  2205 W AiAiFed : 	at zom.a(PG:32)
05-30 15:02:03.533  1456  2205 W AiAiFed : 	at zpd.run(PG:7)
05-30 15:02:03.533  1456  2205 W AiAiFed : 	at zvw.run(PG:17)
05-30 15:02:03.533  1456  2205 W AiAiFed : 	at java.util.concurrent.ThreadPoolExecutor.runWorker(ThreadPoolExecutor.java:1145)
05-30 15:02:03.533  1456  2205 W AiAiFed : 	at java.util.concurrent.ThreadPoolExecutor$Worker.run(ThreadPoolExecutor.java:644)
05-30 15:02:03.533  1456  2205 W AiAiFed : 	at java.lang.Thread.run(Thread.java:1012)
05-30 15:02:03.533  1456  2205 W AiAiFed : [AiAi SimpleStorage Federated Collection] Cancelling training failed [mode=FEDERATION, population=aiai/playstore/smartselect/train/en/pasted-to-search-or-browser-apps, session=smartselect/train/en/pasted-to-search-or-browser-apps]
05-30 15:02:03.533  1456  2205 W AiAiFed : java.lang.IllegalArgumentException: Unsupported response code3
05-30 15:02:03.533  1456  2205 W AiAiFed : 	at qgb.run(PG:48)
05-30 15:02:03.533  1456  2205 W AiAiFed : 	at java.util.concurrent.Executors$RunnableAdapter.call(Executors.java:487)
05-30 15:02:03.533  1456  2205 W AiAiFed : 	at java.util.concurrent.FutureTask.run(FutureTask.java:264)
05-30 15:02:03.533  1456  2205 W AiAiFed : 	at java.util.concurrent.ScheduledThreadPoolExecutor$ScheduledFutureTask.run(ScheduledThreadPoolExecutor.java:307)
05-30 15:02:03.533  1456  2205 W AiAiFed : 	at java.util.concurrent.ThreadPoolExecutor.runWorker(ThreadPoolExecutor.java:1145)
05-30 15:02:03.533  1456  2205 W AiAiFed : 	at java.util.concurrent.ThreadPoolExecutor$Worker.run(ThreadPoolExecutor.java:644)
05-30 15:02:03.533  1456  2205 W AiAiFed : 	at java.lang.Thread.run(Thread.java:1012)
05-30 15:02:03.533  1456  2205 W AiAiFed : [AiAi SimpleStorage Federated Collection] Cancelling training failed [mode=FEDERATION, population=aiai/playstore/smartselect/train/en/pasted-to-search-or-browser-apps, session=smartselect/train/en/pasted-to-search-or-browser-apps]
05-30 15:02:03.533  1456  2205 W AiAiFed : zkd: UNKNOWN
05-30 15:02:03.533  1456  2205 W AiAiFed : 	at zkb.i(PG:3)
05-30 15:02:03.533  1456  2205 W AiAiFed : 	at aaac.cB(PG:15)
05-30 15:02:03.533  1456  2205 W AiAiFed : 	at zom.a(PG:32)
05-30 15:02:03.533  1456  2205 W AiAiFed : 	at zpd.run(PG:7)
05-30 15:02:03.533  1456  2205 W AiAiFed : 	at zvw.run(PG:17)
05-30 15:02:03.533  1456  2205 W AiAiFed : 	at java.util.concurrent.ThreadPoolExecutor.runWorker(ThreadPoolExecutor.java:1145)
05-30 15:02:03.533  1456  2205 W AiAiFed : 	at java.util.concurrent.ThreadPoolExecutor$Worker.run(ThreadPoolExecutor.java:644)
05-30 15:02:03.533  1456  2205 W AiAiFed : 	at java.lang.Thread.run(Thread.java:1012)
05-30 15:02:03.533  1456  2205 W AiAiFed : [AiAi SimpleStorage Federated Collection] Cancelling training failed [mode=FEDERATION, population=aiai/playstore/autofill, session=autofill]
05-30 15:02:03.533  1456  2205 W AiAiFed : java.lang.IllegalArgumentException: Unsupported response code3
05-30 15:02:03.533  1456  2205 W AiAiFed : 	at qgb.run(PG:48)
05-30 15:02:03.533  1456  2205 W AiAiFed : 	at java.util.concurrent.Executors$RunnableAdapter.call(Executors.java:487)
05-30 15:02:03.533  1456  2205 W AiAiFed : 	at java.util.concurrent.FutureTask.run(FutureTask.java:264)
05-30 15:02:03.533  1456  2205 W AiAiFed : 	at java.util.concurrent.ScheduledThreadPoolExecutor$ScheduledFutureTask.run(ScheduledThreadPoolExecutor.java:307)
05-30 15:02:03.533  1456  2205 W AiAiFed : 	at java.util.concurrent.ThreadPoolExecutor.runWorker(ThreadPoolExecutor.java:1145)
05-30 15:02:03.533  1456  2205 W AiAiFed : 	at java.util.concurrent.ThreadPoolExecutor$Worker.run(ThreadPoolExecutor.java:644)
05-30 15:02:03.533  1456  2205 W AiAiFed : 	at java.lang.Thread.run(Thread.java:1012)
05-30 15:02:03.533  1456  2205 W AiAiFed : [AiAi SimpleStorage Federated Collection] Cancelling training failed [mode=FEDERATION, population=aiai/playstore/autofill, session=autofill]
05-30 15:02:03.533  1456  2205 W AiAiFed : zkd: UNKNOWN
05-30 15:02:03.533  1456  2205 W AiAiFed : 	at zkb.i(PG:3)
05-30 15:02:03.533  1456  2205 W AiAiFed : 	at aaac.cB(PG:15)
05-30 15:02:03.533  1456  2205 W AiAiFed : 	at zom.a(PG:32)
05-30 15:02:03.533  1456  2205 W AiAiFed : 	at zpd.run(PG:7)
05-30 15:02:03.533  1456  2205 W AiAiFed : 	at zvw.run(PG:17)
05-30 15:02:03.533  1456  2205 W AiAiFed : 	at java.util.concurrent.ThreadPoolExecutor.runWorker(ThreadPoolExecutor.java:1145)
05-30 15:02:03.533  1456  2205 W AiAiFed : 	at java.util.concurrent.ThreadPoolExecutor$Worker.run(ThreadPoolExecutor.java:644)
05-30 15:02:03.533  1456  2205 W AiAiFed : 	at java.lang.Thread.run(Thread.java:1012)
05-30 15:02:03.541  2078  2523 W System.err: Seeding context with ref: 164640143
05-30 15:02:03.541  2078  2523 W System.err: val in interceptor: null
05-30 15:02:03.544   566   585 I PreBootBroadcaster: Pre-boot of {com.android.providers.contacts/com.android.providers.contacts.ContactsUpgradeReceiver} for user 0
05-30 15:02:03.553  1482  1884 I Ma-fcf-BardAppUsersUtil: (REDACTED) %s was not found: %s
05-30 15:02:03.554   566   674 I RoleService: Granting default roles...
05-30 15:02:03.555   566   657 D PackageManager: Instant App installer not found with android.intent.action.INSTALL_INSTANT_APP_PACKAGE
05-30 15:02:03.555   566   657 D PackageManager: Clear ephemeral installer activity
05-30 15:02:03.560  1562  1883 I A       : #onStartupAfterPackageReplaced()
05-30 15:02:03.560  1562  1883 I Ma-Interpreter-Shortcut-Pkg-Replace: onStartupAfterPackageReplaced
05-30 15:02:03.567  1562  1883 I A       : SportsWidget onStartupAfterPackageReplaced
05-30 15:02:03.567  1562  1883 I A       : SportsWidget AvailabilityManager Update
05-30 15:02:03.567  1562  1883 I A       : GoogleAppWidgets onStartupAfterPackageReplaced
05-30 15:02:03.576  1076  1076 D CarrierSvcBindHelper: onPackageModified: com.google.android.gms
05-30 15:02:03.578  1076  1295 D ImsResolver: maybeAddedImsService, packageName: com.google.android.apps.wellbeing
05-30 15:02:03.580   566   657 D PackageManager: Instant App installer not found with android.intent.action.INSTALL_INSTANT_APP_PACKAGE
05-30 15:02:03.583  1076  1076 D CarrierSvcBindHelper: No carrier app for: 0
05-30 15:02:03.588   566   657 D PackageManager: Clear ephemeral installer activity
05-30 15:02:03.589   566  1227 D PackageManager: Instant App installer not found with android.intent.action.INSTALL_INSTANT_APP_PACKAGE
05-30 15:02:03.589   566  1227 D PackageManager: Clear ephemeral installer activity
05-30 15:02:03.590   566   566 W Looper  : Drained
05-30 15:02:03.594  1411  1564 I WM-WorkerWrapper: Worker result SUCCESS for Work [ id=2d23ebd8-aa4b-49f9-b533-aa158108e154, tags={ com.google.apps.tiktok.contrib.work.TikTokListenableWorker,TikTokWorker#com.google.android.apps.wellbeing.winddown.impl.WindDownBedtimeSynchronizerWorker } ]
05-30 15:02:03.603   566   886 D ShortcutService: Saving package item com.google.android.calendar to /data/system_ce/0/shortcut_service/packages/com.google.android.calendar.xml
05-30 15:02:03.604  1562  1882 W earchbox:search: Long monitor contention with owner BG Thread #2 (1885) at java.lang.Object e.c.d.b()(PG:46) waiters=0 in java.lang.Object e.c.d.b() for 1.581s
05-30 15:02:03.611  1482  1884 I Ma-Entry-Triggering: Scheduling setting Phenotype experience experiments id
05-30 15:02:03.612  1456  2024 I AiAiEcho: EchoSearch: WidgetFetcherImpl is initialized with [33] widgets [reason=module initialized]
05-30 15:02:03.615   566   886 D ShortcutService: received package broadcast intent: Intent { act=android.intent.action.PACKAGE_CHANGED dat=package: flg=0x45000010 (has extras) }
05-30 15:02:03.615   566   886 D ShortcutService: changing package: com.android.stk userId0
05-30 15:02:03.615   566   886 D ShortcutService: handlePackageChanged: com.android.stk user=0
05-30 15:02:03.615   566   886 D ShortcutService: rescanPackageIfNeeded 0@com.android.stk, forceRescan=true , isNewApp=true
05-30 15:02:03.615   566   886 D ShortcutService: Package com.android.stk has 0 manifest shortcut(s), and 0 share target(s)
05-30 15:02:03.615   566   886 D ShortcutService: received package broadcast intent: Intent { act=android.intent.action.PACKAGE_CHANGED dat=package: flg=0x45000010 (has extras) }
05-30 15:02:03.615   566   886 D ShortcutService: changing package: com.google.android.as userId0
05-30 15:02:03.615   566   886 D ShortcutService: handlePackageChanged: com.google.android.as user=0
05-30 15:02:03.615   566   886 D ShortcutService: rescanPackageIfNeeded 0@com.google.android.as, forceRescan=true , isNewApp=true
05-30 15:02:03.615   566   886 D ShortcutService: Package com.google.android.as has 0 manifest shortcut(s), and 0 share target(s)
05-30 15:02:03.615   566   886 D ShortcutService: received package broadcast intent: Intent { act=android.intent.action.PACKAGE_CHANGED dat=package: flg=0x45000010 (has extras) }
05-30 15:02:03.615   566   886 D ShortcutService: changing package: com.google.android.bluetooth userId0
05-30 15:02:03.615   566   886 D ShortcutService: handlePackageChanged: com.google.android.bluetooth user=0
05-30 15:02:03.615   566   886 D ShortcutService: rescanPackageIfNeeded 0@com.google.android.bluetooth, forceRescan=true , isNewApp=true
05-30 15:02:03.615   566   886 D ShortcutService: Package com.google.android.bluetooth has 0 manifest shortcut(s), and 0 share target(s)
05-30 15:02:03.616   566   886 D ShortcutService: Saving package item com.google.android.documentsui to /data/system_ce/0/shortcut_service/packages/com.google.android.documentsui.xml
05-30 15:02:03.618  1456  2205 W AiAiFed : [AiAi SimpleStorage Federated Collection] Cancelling training failed [mode=FEDERATION, population=aiai/playstore/smartselect/train/en/address-phone-or-pasted-to-search-or-browser-apps, session=smartselect/train/en/address-phone-or-pasted-to-search-or-browser-apps]
05-30 15:02:03.618  1456  2205 W AiAiFed : java.lang.IllegalArgumentException: Unsupported response code3
05-30 15:02:03.618  1456  2205 W AiAiFed : 	at qgb.run(PG:48)
05-30 15:02:03.618  1456  2205 W AiAiFed : 	at java.util.concurrent.Executors$RunnableAdapter.call(Executors.java:487)
05-30 15:02:03.618  1456  2205 W AiAiFed : 	at java.util.concurrent.FutureTask.run(FutureTask.java:264)
05-30 15:02:03.618  1456  2205 W AiAiFed : 	at java.util.concurrent.ScheduledThreadPoolExecutor$ScheduledFutureTask.run(ScheduledThreadPoolExecutor.java:307)
05-30 15:02:03.618  1456  2205 W AiAiFed : 	at java.util.concurrent.ThreadPoolExecutor.runWorker(ThreadPoolExecutor.java:1145)
05-30 15:02:03.618  1456  2205 W AiAiFed : 	at java.util.concurrent.ThreadPoolExecutor$Worker.run(ThreadPoolExecutor.java:644)
05-30 15:02:03.618  1456  2205 W AiAiFed : 	at java.lang.Thread.run(Thread.java:1012)
05-30 15:02:03.620   566   886 D ShortcutService: Saving package item com.android.settings to /data/system_ce/0/shortcut_service/packages/com.android.settings.xml
05-30 15:02:03.624   566   594 D ShortcutService: Getting shortcuts for launcher= com.google.android.apps.nexuslauncheruser=0 pkg=com.android.chrome
05-30 15:02:03.624   566   594 D ShortcutService: Getting shortcuts for launcher= com.google.android.asuser=0 pkg=com.android.chrome
05-30 15:02:03.624   566   594 D ShortcutService: Getting shortcuts for launcher= com.android.systemuiuser=0 pkg=com.android.chrome
05-30 15:02:03.624   566   594 D ShortcutService: Getting shortcuts for launcher= com.google.android.apps.nexuslauncheruser=0 pkg=com.google.android.calendar
05-30 15:02:03.624   566   594 D ShortcutService: Getting shortcuts for launcher= com.google.android.asuser=0 pkg=com.google.android.calendar
05-30 15:02:03.624   566   594 D ShortcutService: Getting shortcuts for launcher= com.android.systemuiuser=0 pkg=com.google.android.calendar
05-30 15:02:03.624   566   594 D ShortcutService: Getting shortcuts for launcher= com.google.android.apps.nexuslauncheruser=0 pkg=com.google.android.documentsui
05-30 15:02:03.624   566   594 D ShortcutService: Getting shortcuts for launcher= com.google.android.asuser=0 pkg=com.google.android.documentsui
05-30 15:02:03.624   566   594 D ShortcutService: Getting shortcuts for launcher= com.android.systemuiuser=0 pkg=com.google.android.documentsui
05-30 15:02:03.624   566   594 D ShortcutService: Getting shortcuts for launcher= com.google.android.apps.nexuslauncheruser=0 pkg=com.android.settings
05-30 15:02:03.625   566  1675 D PackageManager: Instant App installer not found with android.intent.action.INSTALL_INSTANT_APP_PACKAGE
05-30 15:02:03.625  1456  2205 W AiAiFed : [AiAi SimpleStorage Federated Collection] Cancelling training failed [mode=FEDERATION, population=aiai/playstore/smartselect/train/en/address-phone-or-pasted-to-search-or-browser-apps, session=smartselect/train/en/address-phone-or-pasted-to-search-or-browser-apps]
05-30 15:02:03.625  1456  2205 W AiAiFed : zkd: UNKNOWN
05-30 15:02:03.625  1456  2205 W AiAiFed : 	at zkb.i(PG:3)
05-30 15:02:03.625  1456  2205 W AiAiFed : 	at aaac.cB(PG:15)
05-30 15:02:03.625  1456  2205 W AiAiFed : 	at zom.a(PG:32)
05-30 15:02:03.625  1456  2205 W AiAiFed : 	at zpd.run(PG:7)
05-30 15:02:03.625  1456  2205 W AiAiFed : 	at zvw.run(PG:17)
05-30 15:02:03.625  1456  2205 W AiAiFed : 	at java.util.concurrent.ThreadPoolExecutor.runWorker(ThreadPoolExecutor.java:1145)
05-30 15:02:03.625  1456  2205 W AiAiFed : 	at java.util.concurrent.ThreadPoolExecutor$Worker.run(ThreadPoolExecutor.java:644)
05-30 15:02:03.625  1456  2205 W AiAiFed : 	at java.lang.Thread.run(Thread.java:1012)
05-30 15:02:03.629  1456  1854 I tkb     : #getPendingPackages
05-30 15:02:03.629   566  1675 D PackageManager: Clear ephemeral installer activity
05-30 15:02:03.630  2434  2499 W LegacyVoicePolicyManage: The requested voice is not available for this app identifier
05-30 15:02:03.631  2434  2499 W LegacyVoicePolicyManage: The requested voice is not available for this app identifier
05-30 15:02:03.631  2434  2499 W LegacyVoicePolicyManage: The requested voice is not available for this app identifier
05-30 15:02:03.631  2434  2499 W LegacyVoicePolicyManage: The requested voice is not available for this app identifier
05-30 15:02:03.631  2434  2499 W LegacyVoicePolicyManage: The requested voice is not available for this app identifier
05-30 15:02:03.631  2434  2499 W LegacyVoicePolicyManage: The requested voice is not available for this app identifier
05-30 15:02:03.631  2434  2499 W LegacyVoicePolicyManage: The requested voice is not available for this app identifier
05-30 15:02:03.631  2434  2499 W LegacyVoicePolicyManage: The requested voice is not available for this app identifier
05-30 15:02:03.631  2434  2499 W LegacyVoicePolicyManage: The requested voice is not available for this app identifier
05-30 15:02:03.631  2434  2499 W LegacyVoicePolicyManage: The requested voice is not available for this app identifier
05-30 15:02:03.631  2434  2499 W LegacyVoicePolicyManage: The requested voice is not available for this app identifier
05-30 15:02:03.631   566   886 D ShortcutService: received package broadcast intent: Intent { act=android.intent.action.PACKAGE_CHANGED dat=package: flg=0x45000010 (has extras) }
05-30 15:02:03.631   566   886 D ShortcutService: changing package: com.google.android.apps.wellbeing userId0
05-30 15:02:03.641  1482  1884 I Ma-Entry-Triggering: Client successfully connected!
05-30 15:02:03.644  2434  2499 W LegacyVoicePolicyManage: The requested voice is not available for this app identifier
05-30 15:02:03.644  2434  2502 D CompatChangeReporter: Compat change id reported: 253665015; UID 10165; state: ENABLED
05-30 15:02:03.645  1562  1882 I A       : updateDmaStatus disabled by flag.
05-30 15:02:03.646  2434  2499 W LegacyVoicePolicyManage: The requested voice is not available for this app identifier
05-30 15:02:03.646  2434  2499 W LegacyVoicePolicyManage: The requested voice is not available for this app identifier
05-30 15:02:03.646  2434  2499 W LegacyVoicePolicyManage: The requested voice is not available for this app identifier
05-30 15:02:03.646  2434  2499 W LegacyVoicePolicyManage: The requested voice is not available for this app identifier
05-30 15:02:03.646  2434  2499 W LegacyVoicePolicyManage: The requested voice is not available for this app identifier
05-30 15:02:03.646  2434  2499 W LegacyVoicePolicyManage: The requested voice is not available for this app identifier
05-30 15:02:03.646  2434  2499 W LegacyVoicePolicyManage: The requested voice is not available for this app identifier
05-30 15:02:03.646  2434  2499 W LegacyVoicePolicyManage: The requested voice is not available for this app identifier
05-30 15:02:03.646  2434  2499 W LegacyVoicePolicyManage: The requested voice is not available for this app identifier
05-30 15:02:03.647  2434  2499 W LegacyVoicePolicyManage: The requested voice is not available for this app identifier
05-30 15:02:03.647  2434  2499 W LegacyVoicePolicyManage: The requested voice is not available for this app identifier
05-30 15:02:03.647  2434  2499 W LegacyVoicePolicyManage: The requested voice is not available for this app identifier
05-30 15:02:03.647  2434  2499 W LegacyVoicePolicyManage: The requested voice is not available for this app identifier
05-30 15:02:03.647  2434  2499 W LegacyVoicePolicyManage: The requested voice is not available for this app identifier
05-30 15:02:03.647  2434  2499 W LegacyVoicePolicyManage: The requested voice is not available for this app identifier
05-30 15:02:03.647  2434  2499 W LegacyVoicePolicyManage: The requested voice is not available for this app identifier
05-30 15:02:03.647  2434  2499 W LegacyVoicePolicyManage: The requested voice is not available for this app identifier
05-30 15:02:03.647  2434  2499 W LegacyVoicePolicyManage: The requested voice is not available for this app identifier
05-30 15:02:03.647  2434  2499 W LegacyVoicePolicyManage: The requested voice is not available for this app identifier
05-30 15:02:03.647  2434  2499 W LegacyVoicePolicyManage: The requested voice is not available for this app identifier
05-30 15:02:03.647  2434  2499 W LegacyVoicePolicyManage: The requested voice is not available for this app identifier
05-30 15:02:03.647  2434  2499 W LegacyVoicePolicyManage: The requested voice is not available for this app identifier
05-30 15:02:03.647  2434  2499 W LegacyVoicePolicyManage: The requested voice is not available for this app identifier
05-30 15:02:03.647  2434  2499 W LegacyVoicePolicyManage: The requested voice is not available for this app identifier
05-30 15:02:03.647  2434  2499 W LegacyVoicePolicyManage: The requested voice is not available for this app identifier
05-30 15:02:03.647  2434  2499 W LegacyVoicePolicyManage: The requested voice is not available for this app identifier
05-30 15:02:03.647  2434  2499 W LegacyVoicePolicyManage: The requested voice is not available for this app identifier
05-30 15:02:03.647  2434  2499 W LegacyVoicePolicyManage: The requested voice is not available for this app identifier
05-30 15:02:03.647  2434  2499 W LegacyVoicePolicyManage: The requested voice is not available for this app identifier
05-30 15:02:03.647  2434  2499 W LegacyVoicePolicyManage: The requested voice is not available for this app identifier
05-30 15:02:03.647  2434  2499 W LegacyVoicePolicyManage: The requested voice is not available for this app identifier
05-30 15:02:03.647  2434  2499 W LegacyVoicePolicyManage: The requested voice is not available for this app identifier
05-30 15:02:03.647  2434  2499 W LegacyVoicePolicyManage: The requested voice is not available for this app identifier
05-30 15:02:03.647  2434  2499 W LegacyVoicePolicyManage: The requested voice is not available for this app identifier
05-30 15:02:03.647  2434  2499 W LegacyVoicePolicyManage: The requested voice is not available for this app identifier
05-30 15:02:03.647  2434  2499 W LegacyVoicePolicyManage: The requested voice is not available for this app identifier
05-30 15:02:03.647  2434  2499 W LegacyVoicePolicyManage: The requested voice is not available for this app identifier
05-30 15:02:03.647  2434  2499 W LegacyVoicePolicyManage: The requested voice is not available for this app identifier
05-30 15:02:03.647  2434  2499 W LegacyVoicePolicyManage: The requested voice is not available for this app identifier
05-30 15:02:03.647  2434  2499 W LegacyVoicePolicyManage: The requested voice is not available for this app identifier
05-30 15:02:03.647  2434  2499 W LegacyVoicePolicyManage: The requested voice is not available for this app identifier
05-30 15:02:03.648  2434  2499 W LegacyVoicePolicyManage: The requested voice is not available for this app identifier
05-30 15:02:03.648  2434  2499 W LegacyVoicePolicyManage: The requested voice is not available for this app identifier
05-30 15:02:03.648  2434  2499 W LegacyVoicePolicyManage: The requested voice is not available for this app identifier
05-30 15:02:03.648  2434  2499 W LegacyVoicePolicyManage: The requested voice is not available for this app identifier
05-30 15:02:03.648  2434  2499 W LegacyVoicePolicyManage: The requested voice is not available for this app identifier
05-30 15:02:03.648  2434  2499 W LegacyVoicePolicyManage: The requested voice is not available for this app identifier
05-30 15:02:03.648  2434  2499 W LegacyVoicePolicyManage: The requested voice is not available for this app identifier
05-30 15:02:03.648  2434  2499 W LegacyVoicePolicyManage: The requested voice is not available for this app identifier
05-30 15:02:03.648  2434  2499 W LegacyVoicePolicyManage: The requested voice is not available for this app identifier
05-30 15:02:03.648  2434  2499 W LegacyVoicePolicyManage: The requested voice is not available for this app identifier
05-30 15:02:03.648  2434  2499 W LegacyVoicePolicyManage: The requested voice is not available for this app identifier
05-30 15:02:03.648  2434  2499 W LegacyVoicePolicyManage: The requested voice is not available for this app identifier
05-30 15:02:03.648  2434  2499 W LegacyVoicePolicyManage: The requested voice is not available for this app identifier
05-30 15:02:03.648  2434  2499 W LegacyVoicePolicyManage: The requested voice is not available for this app identifier
05-30 15:02:03.648  2434  2499 W LegacyVoicePolicyManage: The requested voice is not available for this app identifier
05-30 15:02:03.648  2434  2499 W LegacyVoicePolicyManage: The requested voice is not available for this app identifier
05-30 15:02:03.648  2434  2499 W LegacyVoicePolicyManage: The requested voice is not available for this app identifier
05-30 15:02:03.648  2434  2499 W LegacyVoicePolicyManage: The requested voice is not available for this app identifier
05-30 15:02:03.649   566  1061 D CompatChangeReporter: Compat change id reported: 253665015; UID 10165; state: ENABLED
05-30 15:02:03.654  2434  2499 W LegacyVoicePolicyManage: The requested voice is not available for this app identifier
05-30 15:02:03.654  2434  2499 W LegacyVoicePolicyManage: The requested voice is not available for this app identifier
05-30 15:02:03.654  2434  2499 W LegacyVoicePolicyManage: The requested voice is not available for this app identifier
05-30 15:02:03.654  2434  2499 W LegacyVoicePolicyManage: The requested voice is not available for this app identifier
05-30 15:02:03.654  2434  2499 W LegacyVoicePolicyManage: The requested voice is not available for this app identifier
05-30 15:02:03.654  2434  2499 W LegacyVoicePolicyManage: The requested voice is not available for this app identifier
05-30 15:02:03.655  1562  1882 D MDDTikTokTaskScheduler: Successfully updated periodic tasks for MDD lib MDD.CHARGING.PERIODIC.TASK 21600
05-30 15:02:03.655  2434  2499 W LegacyVoicePolicyManage: The requested voice is not available for this app identifier
05-30 15:02:03.655  2434  2499 W LegacyVoicePolicyManage: The requested voice is not available for this app identifier
05-30 15:02:03.655  2434  2499 W LegacyVoicePolicyManage: The requested voice is not available for this app identifier
05-30 15:02:03.655  2434  2499 W LegacyVoicePolicyManage: The requested voice is not available for this app identifier
05-30 15:02:03.655  2434  2499 W LegacyVoicePolicyManage: The requested voice is not available for this app identifier
05-30 15:02:03.655  2434  2499 W LegacyVoicePolicyManage: The requested voice is not available for this app identifier
05-30 15:02:03.656  2434  2499 W LegacyVoicePolicyManage: The requested voice is not available for this app identifier
05-30 15:02:03.656  2434  2499 W LegacyVoicePolicyManage: The requested voice is not available for this app identifier
05-30 15:02:03.656  2434  2499 W LegacyVoicePolicyManage: The requested voice is not available for this app identifier
05-30 15:02:03.656  2434  2499 W LegacyVoicePolicyManage: The requested voice is not available for this app identifier
05-30 15:02:03.657   566   581 D ConnectivityService: requestNetwork for uid/pid:10143/1562 activeRequest: null callbackRequest: 68 [NetworkRequest [ REQUEST id=69, [ Capabilities: INTERNET&NOT_RESTRICTED&TRUSTED&NOT_VCN_MANAGED&NOT_BANDWIDTH_CONSTRAINED Uid: 10143 RequestorUid: 10143 RequestorPkg: com.google.android.googlequicksearchbox UnderlyingNetworks: Null] ]] callback flags: 0 order: 2147483647 isUidTracked: false
05-30 15:02:03.657   566   831 D OemPaidWifiNetworkFactory: got request NetworkRequest [ REQUEST id=69, [ Capabilities: INTERNET&NOT_RESTRICTED&TRUSTED&NOT_VCN_MANAGED&NOT_BANDWIDTH_CONSTRAINED Uid: 10143 RequestorUid: 10143 RequestorPkg: com.google.android.googlequicksearchbox UnderlyingNetworks: Null] ]
05-30 15:02:03.657   566   831 D MultiInternetWifiNetworkFactory: got request NetworkRequest [ REQUEST id=69, [ Capabilities: INTERNET&NOT_RESTRICTED&TRUSTED&NOT_VCN_MANAGED&NOT_BANDWIDTH_CONSTRAINED Uid: 10143 RequestorUid: 10143 RequestorPkg: com.google.android.googlequicksearchbox UnderlyingNetworks: Null] ]
05-30 15:02:03.657   566   831 D WifiNetworkFactory: got request NetworkRequest [ REQUEST id=69, [ Capabilities: INTERNET&NOT_RESTRICTED&TRUSTED&NOT_VCN_MANAGED&NOT_BANDWIDTH_CONSTRAINED Uid: 10143 RequestorUid: 10143 RequestorPkg: com.google.android.googlequicksearchbox UnderlyingNetworks: Null] ]
05-30 15:02:03.657   566   831 D UntrustedWifiNetworkFactory: got request NetworkRequest [ REQUEST id=69, [ Capabilities: INTERNET&NOT_RESTRICTED&TRUSTED&NOT_VCN_MANAGED&NOT_BANDWIDTH_CONSTRAINED Uid: 10143 RequestorUid: 10143 RequestorPkg: com.google.android.googlequicksearchbox UnderlyingNetworks: Null] ]
05-30 15:02:03.658  2434  2499 W LegacyVoicePolicyManage: The requested voice is not available for this app identifier
05-30 15:02:03.658  2434  2499 W LegacyVoicePolicyManage: The requested voice is not available for this app identifier
05-30 15:02:03.658  2434  2499 W LegacyVoicePolicyManage: The requested voice is not available for this app identifier
05-30 15:02:03.658  2434  2499 W LegacyVoicePolicyManage: The requested voice is not available for this app identifier
05-30 15:02:03.658  2434  2499 W LegacyVoicePolicyManage: The requested voice is not available for this app identifier
05-30 15:02:03.658  2434  2499 W LegacyVoicePolicyManage: The requested voice is not available for this app identifier
05-30 15:02:03.658  2434  2499 W LegacyVoicePolicyManage: The requested voice is not available for this app identifier
05-30 15:02:03.659   566   840 D ConnectivityService: NetReassign [69 : null → 100] [c 0] [a 0] [i 0]
05-30 15:02:03.662   566   594 D ShortcutService: Getting shortcuts for launcher= com.google.android.asuser=0 pkg=com.android.settings
05-30 15:02:03.662  2434  2499 W LegacyVoicePolicyManage: The requested voice is not available for this app identifier
05-30 15:02:03.663  2434  2499 W LegacyVoicePolicyManage: The requested voice is not available for this app identifier
05-30 15:02:03.663  2434  2499 W LegacyVoicePolicyManage: The requested voice is not available for this app identifier
05-30 15:02:03.663   566   594 D ShortcutService: Getting shortcuts for launcher= com.android.systemuiuser=0 pkg=com.android.settings
05-30 15:02:03.663   566   886 D ShortcutService: handlePackageChanged: com.google.android.apps.wellbeing user=0
05-30 15:02:03.663   566   886 D ShortcutService: rescanPackageIfNeeded 0@com.google.android.apps.wellbeing, forceRescan=true , isNewApp=true
05-30 15:02:03.664   566   886 D ShortcutService: Package com.google.android.apps.wellbeing has 0 manifest shortcut(s), and 0 share target(s)
05-30 15:02:03.664   566   886 D ShortcutService: received package broadcast intent: Intent { act=android.intent.action.PACKAGE_CHANGED dat=package: flg=0x45000010 (has extras) }
05-30 15:02:03.664   566   886 D ShortcutService: changing package: com.google.android.gms userId0
05-30 15:02:03.664   566   886 D ShortcutService: handlePackageChanged: com.google.android.gms user=0
05-30 15:02:03.664   566   886 D ShortcutService: rescanPackageIfNeeded 0@com.google.android.gms, forceRescan=true , isNewApp=true
05-30 15:02:03.664  1482  1884 I Ma-Entry-Triggering-Pinning: Calling speech biasing context session
05-30 15:02:03.663  2434  2499 W LegacyVoicePolicyManage: The requested voice is not available for this app identifier
05-30 15:02:03.665   566  1060 W Role    : Default holder doesn't have required signing certificate: com.google.android.retaildemo:6547c73dee150c103980bfdffe55cc9a011d785dd694a5f99afd8205bcaf1f80
05-30 15:02:03.665   566  1060 E RoleControllerServiceImpl: Default/fallback role holder package doesn't qualify for the role, package: com.google.android.gms.supervision, role: android.app.role.SYSTEM_SUPERVISION
05-30 15:02:03.666  2434  2499 W LegacyVoicePolicyManage: The requested voice is not available for this app identifier
05-30 15:02:03.666  2434  2499 W LegacyVoicePolicyManage: The requested voice is not available for this app identifier
05-30 15:02:03.666  2434  2499 W LegacyVoicePolicyManage: The requested voice is not available for this app identifier
05-30 15:02:03.667   566  1060 W Role    : Default holder doesn't have required signing certificate: com.google.android.apps.work.clouddpc:23962F4B43B9857638EA66F4D419518EAE282491ACDA4B94707BD59003C45E58
05-30 15:02:03.667  2434  2499 W LegacyVoicePolicyManage: The requested voice is not available for this app identifier
05-30 15:02:03.667  2434  2499 W LegacyVoicePolicyManage: The requested voice is not available for this app identifier
05-30 15:02:03.667  2434  2499 W LegacyVoicePolicyManage: The requested voice is not available for this app identifier
05-30 15:02:03.667  2434  2499 W LegacyVoicePolicyManage: The requested voice is not available for this app identifier
05-30 15:02:03.667  2434  2499 W LegacyVoicePolicyManage: The requested voice is not available for this app identifier
05-30 15:02:03.667  2434  2499 W LegacyVoicePolicyManage: The requested voice is not available for this app identifier
05-30 15:02:03.667  2434  2499 W LegacyVoicePolicyManage: The requested voice is not available for this app identifier
05-30 15:02:03.667  2434  2499 W LegacyVoicePolicyManage: The requested voice is not available for this app identifier
05-30 15:02:03.667  2434  2499 W LegacyVoicePolicyManage: The requested voice is not available for this app identifier
05-30 15:02:03.667  2434  2499 W LegacyVoicePolicyManage: The requested voice is not available for this app identifier
05-30 15:02:03.667  2434  2499 W LegacyVoicePolicyManage: The requested voice is not available for this app identifier
05-30 15:02:03.667  2434  2499 W LegacyVoicePolicyManage: The requested voice is not available for this app identifier
05-30 15:02:03.667  2434  2499 W LegacyVoicePolicyManage: The requested voice is not available for this app identifier
05-30 15:02:03.667  2434  2499 W LegacyVoicePolicyManage: The requested voice is not available for this app identifier
05-30 15:02:03.667  2434  2499 W LegacyVoicePolicyManage: The requested voice is not available for this app identifier
05-30 15:02:03.667  2434  2499 W LegacyVoicePolicyManage: The requested voice is not available for this app identifier
05-30 15:02:03.667  2434  2499 W LegacyVoicePolicyManage: The requested voice is not available for this app identifier
05-30 15:02:03.667  2434  2499 W LegacyVoicePolicyManage: The requested voice is not available for this app identifier
05-30 15:02:03.667  2434  2499 W LegacyVoicePolicyManage: The requested voice is not available for this app identifier
05-30 15:02:03.667  2434  2499 W LegacyVoicePolicyManage: The requested voice is not available for this app identifier
05-30 15:02:03.667  2434  2499 W LegacyVoicePolicyManage: The requested voice is not available for this app identifier
05-30 15:02:03.667  2434  2499 W LegacyVoicePolicyManage: The requested voice is not available for this app identifier
05-30 15:02:03.668  2434  2499 W LegacyVoicePolicyManage: The requested voice is not available for this app identifier
05-30 15:02:03.668  2434  2499 W LegacyVoicePolicyManage: The requested voice is not available for this app identifier
05-30 15:02:03.668  2434  2499 W LegacyVoicePolicyManage: The requested voice is not available for this app identifier
05-30 15:02:03.668  2434  2499 W LegacyVoicePolicyManage: The requested voice is not available for this app identifier
05-30 15:02:03.668  2434  2499 W LegacyVoicePolicyManage: The requested voice is not available for this app identifier
05-30 15:02:03.668  2434  2499 W LegacyVoicePolicyManage: The requested voice is not available for this app identifier
05-30 15:02:03.668  2434  2499 W LegacyVoicePolicyManage: The requested voice is not available for this app identifier
05-30 15:02:03.668  2434  2499 W LegacyVoicePolicyManage: The requested voice is not available for this app identifier
05-30 15:02:03.668  2434  2499 W LegacyVoicePolicyManage: The requested voice is not available for this app identifier
05-30 15:02:03.668  2434  2499 W LegacyVoicePolicyManage: The requested voice is not available for this app identifier
05-30 15:02:03.668  2434  2499 W LegacyVoicePolicyManage: The requested voice is not available for this app identifier
05-30 15:02:03.668  2434  2499 W LegacyVoicePolicyManage: The requested voice is not available for this app identifier
05-30 15:02:03.668  2434  2499 W LegacyVoicePolicyManage: The requested voice is not available for this app identifier
05-30 15:02:03.668  2434  2499 W LegacyVoicePolicyManage: The requested voice is not available for this app identifier
05-30 15:02:03.668  2434  2499 W LegacyVoicePolicyManage: The requested voice is not available for this app identifier
05-30 15:02:03.668  2434  2499 W LegacyVoicePolicyManage: The requested voice is not available for this app identifier
05-30 15:02:03.668  2434  2499 W LegacyVoicePolicyManage: The requested voice is not available for this app identifier
05-30 15:02:03.668  2434  2499 W LegacyVoicePolicyManage: The requested voice is not available for this app identifier
05-30 15:02:03.668  2434  2499 W LegacyVoicePolicyManage: The requested voice is not available for this app identifier
05-30 15:02:03.668  2434  2499 W LegacyVoicePolicyManage: The requested voice is not available for this app identifier
05-30 15:02:03.668  2434  2499 W LegacyVoicePolicyManage: The requested voice is not available for this app identifier
05-30 15:02:03.668  2434  2499 W LegacyVoicePolicyManage: The requested voice is not available for this app identifier
05-30 15:02:03.670  2434  2499 W LegacyVoicePolicyManage: The requested voice is not available for this app identifier
05-30 15:02:03.671  2434  2499 W LegacyVoicePolicyManage: The requested voice is not available for this app identifier
05-30 15:02:03.671  2434  2499 W LegacyVoicePolicyManage: The requested voice is not available for this app identifier
05-30 15:02:03.671  2434  2499 W LegacyVoicePolicyManage: The requested voice is not available for this app identifier
05-30 15:02:03.671  2434  2499 W LegacyVoicePolicyManage: The requested voice is not available for this app identifier
05-30 15:02:03.671  2434  2499 W LegacyVoicePolicyManage: The requested voice is not available for this app identifier
05-30 15:02:03.671  2434  2499 W LegacyVoicePolicyManage: The requested voice is not available for this app identifier
05-30 15:02:03.671  2434  2499 W LegacyVoicePolicyManage: The requested voice is not available for this app identifier
05-30 15:02:03.671  2434  2499 W LegacyVoicePolicyManage: The requested voice is not available for this app identifier
05-30 15:02:03.671  2434  2499 W LegacyVoicePolicyManage: The requested voice is not available for this app identifier
05-30 15:02:03.671  2434  2499 W LegacyVoicePolicyManage: The requested voice is not available for this app identifier
05-30 15:02:03.671  2434  2499 W LegacyVoicePolicyManage: The requested voice is not available for this app identifier
05-30 15:02:03.671  2434  2499 W LegacyVoicePolicyManage: The requested voice is not available for this app identifier
05-30 15:02:03.671  2434  2499 W LegacyVoicePolicyManage: The requested voice is not available for this app identifier
05-30 15:02:03.671  2434  2499 W LegacyVoicePolicyManage: The requested voice is not available for this app identifier
05-30 15:02:03.671  2434  2499 W LegacyVoicePolicyManage: The requested voice is not available for this app identifier
05-30 15:02:03.671  2434  2499 W LegacyVoicePolicyManage: The requested voice is not available for this app identifier
05-30 15:02:03.671  2434  2499 W LegacyVoicePolicyManage: The requested voice is not available for this app identifier
